<html>
<body>
<pre>
<h1>µVision Build Log</h1>
<h2>Tool Versions:</h2>
IDE-Version: •ÏVision V5.25.2.0
Copyright (C) 2018 ARM Ltd and ARM Germany GmbH. All rights reserved.
License Information: justin kim, wiznet, LIC=58545-GYRAA-ZWI2V-PCG8X-M43U0-PZSNS
 
Tool Versions:
Toolchain:       MDK-ARM Plus  Version: 5.25.2.0
Toolchain Path:  c:\Keil_v5\ARM\ARMCC\Bin
C Compiler:      Armcc.exe V5.06 update 6 (build 750)
Assembler:       Armasm.exe V5.06 update 6 (build 750)
Linker/Locator:  ArmLink.exe V5.06 update 6 (build 750)
Library Manager: ArmAr.exe V5.06 update 6 (build 750)
Hex Converter:   FromElf.exe V5.06 update 6 (build 750)
CPU DLL:         SARMCM3.DLL V5.25.2.0
Dialog DLL:      DCM.DLL V1.17.1.0
Target DLL:      UL2CM3.DLL V1.160.12.0
Dialog DLL:      TCM.DLL V1.35.1.0
 
<h2>Project:</h2>
D:\wiznet\00.CHIP\W6100\W6100_TestRepository\Keil\test_[SLAAC-RDNSS]\test.uvprojx
Project File Date:  12/12/2018

<h2>Output:</h2>
*** Using Compiler 'V5.06 update 6 (build 750)', folder: 'c:\Keil_v5\ARM\ARMCC\Bin'
Build target 'Target 1'
compiling dhcpv6.c...
..\..\Libraries\io6Library\Internet\DHCP6\dhcpv6.c(884): warning:  #550-D: variable "type"  was set but never used
      uint8_t  type;
..\..\Libraries\io6Library\Internet\DHCP6\dhcpv6.c: 1 warning, 0 errors
linking...
Program Size: Code=32546 RO-data=1770 RW-data=260 ZI-data=3780  
FromELF: creating hex file...
After Build - User command #1: c:\Keil_v5\\ARM\ARMCC\BIN\fromelf.exe D:\wiznet\00.CHIP\W6100\W6100_TestRepository\Keil\test_[SLAAC-RDNSS]\Objects\test.axf --vhx --8x1 --output main.hex;fromelf --bin -o "D:\wiznet\00.CHIP\W6100\W6100_TestRepository\Keil\test_[SLAAC-RDNSS]\Objects\test.bin" "D:\wiznet\00.CHIP\W6100\W6100_TestRepository\Keil\test_[SLAAC-RDNSS]\Objects\test.axf"
".\Objects\test.axf" - 0 Error(s), 1 Warning(s).

<h2>Software Packages used:</h2>

Package Vendor: Keil
                http://www.keil.com/pack/Keil.STM32F4xx_DFP.2.13.0.pack
                Keil.STM32F4xx_DFP.2.13.0
                STMicroelectronics STM32F4 Series Device Support, Drivers and Examples

<h2>Collection of Component include folders:</h2>
  .\RTE\_Target_1
  c:\Keil_v5\ARM\PACK\Keil\STM32F4xx_DFP\2.13.0\Drivers\CMSIS\Device\ST\STM32F4xx\Include

<h2>Collection of Component Files used:</h2>
Build Time Elapsed:  00:00:01
</pre>
</body>
</html>
