Archive member included to satisfy reference by file (symbol)

c:/program files (x86)/gnu tools arm embedded/5.4 2016q3/bin/../lib/gcc/arm-none-eabi/6.3.1/../../../../arm-none-eabi/lib/thumb/v7-m\libg.a(lib_a-malloc.o)
                              ..\obj\dhcpv6.o (malloc)
c:/program files (x86)/gnu tools arm embedded/5.4 2016q3/bin/../lib/gcc/arm-none-eabi/6.3.1/../../../../arm-none-eabi/lib/thumb/v7-m\libg.a(lib_a-mallocr.o)
                              c:/program files (x86)/gnu tools arm embedded/5.4 2016q3/bin/../lib/gcc/arm-none-eabi/6.3.1/../../../../arm-none-eabi/lib/thumb/v7-m\libg.a(lib_a-malloc.o) (_malloc_r)
c:/program files (x86)/gnu tools arm embedded/5.4 2016q3/bin/../lib/gcc/arm-none-eabi/6.3.1/../../../../arm-none-eabi/lib/thumb/v7-m\libg.a(lib_a-memmove.o)
                              ..\obj\dhcpv6.o (memmove)
c:/program files (x86)/gnu tools arm embedded/5.4 2016q3/bin/../lib/gcc/arm-none-eabi/6.3.1/../../../../arm-none-eabi/lib/thumb/v7-m\libg.a(lib_a-mlock.o)
                              c:/program files (x86)/gnu tools arm embedded/5.4 2016q3/bin/../lib/gcc/arm-none-eabi/6.3.1/../../../../arm-none-eabi/lib/thumb/v7-m\libg.a(lib_a-mallocr.o) (__malloc_lock)
c:/program files (x86)/gnu tools arm embedded/5.4 2016q3/bin/../lib/gcc/arm-none-eabi/6.3.1/../../../../arm-none-eabi/lib/thumb/v7-m\libg.a(lib_a-printf.o)
                              ..\obj\AddressAutoConfig.o (printf)
c:/program files (x86)/gnu tools arm embedded/5.4 2016q3/bin/../lib/gcc/arm-none-eabi/6.3.1/../../../../arm-none-eabi/lib/thumb/v7-m\libg.a(lib_a-putchar.o)
                              ..\obj\AddressAutoConfig.o (putchar)
c:/program files (x86)/gnu tools arm embedded/5.4 2016q3/bin/../lib/gcc/arm-none-eabi/6.3.1/../../../../arm-none-eabi/lib/thumb/v7-m\libg.a(lib_a-puts.o)
                              ..\obj\AddressAutoConfig.o (puts)
c:/program files (x86)/gnu tools arm embedded/5.4 2016q3/bin/../lib/gcc/arm-none-eabi/6.3.1/../../../../arm-none-eabi/lib/thumb/v7-m\libg.a(lib_a-realloc.o)
                              ..\obj\dhcpv6.o (realloc)
c:/program files (x86)/gnu tools arm embedded/5.4 2016q3/bin/../lib/gcc/arm-none-eabi/6.3.1/../../../../arm-none-eabi/lib/thumb/v7-m\libg.a(lib_a-reallocr.o)
                              c:/program files (x86)/gnu tools arm embedded/5.4 2016q3/bin/../lib/gcc/arm-none-eabi/6.3.1/../../../../arm-none-eabi/lib/thumb/v7-m\libg.a(lib_a-realloc.o) (_realloc_r)
c:/program files (x86)/gnu tools arm embedded/5.4 2016q3/bin/../lib/gcc/arm-none-eabi/6.3.1/../../../../arm-none-eabi/lib/thumb/v7-m\libg.a(lib_a-sbrkr.o)
                              c:/program files (x86)/gnu tools arm embedded/5.4 2016q3/bin/../lib/gcc/arm-none-eabi/6.3.1/../../../../arm-none-eabi/lib/thumb/v7-m\libg.a(lib_a-mallocr.o) (_sbrk_r)
c:/program files (x86)/gnu tools arm embedded/5.4 2016q3/bin/../lib/gcc/arm-none-eabi/6.3.1/../../../../arm-none-eabi/lib/thumb/v7-m\libg.a(lib_a-strlen-stub.o)
                              c:/program files (x86)/gnu tools arm embedded/5.4 2016q3/bin/../lib/gcc/arm-none-eabi/6.3.1/../../../../arm-none-eabi/lib/thumb/v7-m\libg.a(lib_a-puts.o) (strlen)
c:/program files (x86)/gnu tools arm embedded/5.4 2016q3/bin/../lib/gcc/arm-none-eabi/6.3.1/../../../../arm-none-eabi/lib/thumb/v7-m\libg.a(lib_a-vfprintf.o)
                              c:/program files (x86)/gnu tools arm embedded/5.4 2016q3/bin/../lib/gcc/arm-none-eabi/6.3.1/../../../../arm-none-eabi/lib/thumb/v7-m\libg.a(lib_a-printf.o) (_vfprintf_r)
c:/program files (x86)/gnu tools arm embedded/5.4 2016q3/bin/../lib/gcc/arm-none-eabi/6.3.1/../../../../arm-none-eabi/lib/thumb/v7-m\libg.a(lib_a-wsetup.o)
                              c:/program files (x86)/gnu tools arm embedded/5.4 2016q3/bin/../lib/gcc/arm-none-eabi/6.3.1/../../../../arm-none-eabi/lib/thumb/v7-m\libg.a(lib_a-vfprintf.o) (__swsetup_r)
c:/program files (x86)/gnu tools arm embedded/5.4 2016q3/bin/../lib/gcc/arm-none-eabi/6.3.1/../../../../arm-none-eabi/lib/thumb/v7-m\libg.a(lib_a-dtoa.o)
                              c:/program files (x86)/gnu tools arm embedded/5.4 2016q3/bin/../lib/gcc/arm-none-eabi/6.3.1/../../../../arm-none-eabi/lib/thumb/v7-m\libg.a(lib_a-vfprintf.o) (_dtoa_r)
c:/program files (x86)/gnu tools arm embedded/5.4 2016q3/bin/../lib/gcc/arm-none-eabi/6.3.1/../../../../arm-none-eabi/lib/thumb/v7-m\libg.a(lib_a-fflush.o)
                              c:/program files (x86)/gnu tools arm embedded/5.4 2016q3/bin/../lib/gcc/arm-none-eabi/6.3.1/../../../../arm-none-eabi/lib/thumb/v7-m\libg.a(lib_a-vfprintf.o) (_fflush_r)
c:/program files (x86)/gnu tools arm embedded/5.4 2016q3/bin/../lib/gcc/arm-none-eabi/6.3.1/../../../../arm-none-eabi/lib/thumb/v7-m\libg.a(lib_a-findfp.o)
                              c:/program files (x86)/gnu tools arm embedded/5.4 2016q3/bin/../lib/gcc/arm-none-eabi/6.3.1/../../../../arm-none-eabi/lib/thumb/v7-m\libg.a(lib_a-puts.o) (__sinit)
[...]
Memory Configuration

Name             Origin             Length             Attributes
rom              0x08000000         0x00040000         xr
ram              0x20000000         0x0000c000         xrw
*default*        0x00000000         0xffffffff

Linker script and memory map

                0x2000c000                _eram = 0x2000c000

.text           0x08000000     0xb6e5
 *(.isr_vector)
 .isr_vector    0x08000000      0x134 ..\obj\startup_stm32f10x_hd.o
                0x08000000                g_pfnVectors
 *(.text*)
 .text.close    0x08000134       0x70 ..\obj\socket.o
                0x08000134                close
 .text.socket   0x080001a4      0x1f0 ..\obj\socket.o
                0x080001a4                socket
 .text.listen   0x08000394       0x5c ..\obj\socket.o
                0x08000394                listen
 .text.connect  0x080003f0      0x14c ..\obj\socket.o
                0x080003f0                connect
 .text.disconnect
                0x0800053c       0x88 ..\obj\socket.o
                0x0800053c                disconnect
 .text.send     0x080005c4       0xf0 ..\obj\socket.o
                0x080005c4                send
 .text.recv     0x080006b4       0xb4 ..\obj\socket.o
                0x080006b4                recv
 .text.sendto   0x08000768      0x154 ..\obj\socket.o
                0x08000768                sendto
 .text.recvfrom
                0x080008bc      0x1dc ..\obj\socket.o
                0x080008bc                recvfrom
 .text.ctlsocket
                0x08000a98       0xfc ..\obj\socket.o
                0x08000a98                ctlsocket
 .text.getsockopt
                0x08000b94      0x1fc ..\obj\socket.o
                0x08000b94                getsockopt
 .text.TIM_TimeBaseInit
                0x08000d90       0xac ..\obj\stm32f10x_tim.o
                0x08000d90                TIM_TimeBaseInit
 .text.TIM_Cmd  0x08000e3c       0x1c ..\obj\stm32f10x_tim.o
                0x08000e3c                TIM_Cmd
 .text.TIM_DMACmd
                0x08000e58       0x14 ..\obj\stm32f10x_tim.o
                0x08000e58                TIM_DMACmd
 .text.TIM_ITConfig
                0x08000e6c        0x4 ..\obj\stm32f10x_tim.o
                0x08000e6c                TIM_ITConfig
 .text.TIM_SetAutoreload
                0x08000e70        0x4 ..\obj\stm32f10x_tim.o
                0x08000e70                TIM_SetAutoreload
 .text.TIM_ClearITPendingBit
                0x08000e74        0x8 ..\obj\stm32f10x_tim.o
                0x08000e74                TIM_ClearITPendingBit
 .text.SystemInit
                0x08000e7c      0x104 ..\obj\system_stm32f10x.o
                0x08000e7c                SystemInit
 .text.Address_Auto_Config_SLDHCP
                0x08000f80      0x2b4 ..\obj\AddressAutoConfig.o
                0x08000f80                Address_Auto_Config_SLDHCP
 .text.Address_Auto_Config_SFDHCP
                0x08001234      0x22c ..\obj\AddressAutoConfig.o
                0x08001234                Address_Auto_Config_SFDHCP
 .text.Address_Auto_Config_RA
                0x08001460      0x604 ..\obj\AddressAutoConfig.o
                0x08001460                Address_Auto_Config_RA
 .text.Duplicate_Address_Detection
                0x08001a64      0x1a4 ..\obj\AddressAutoConfig.o
                0x08001a64                Duplicate_Address_Detection
 .text.Default_Handler
                0x08001c08        0x4 ..\obj\startup_stm32f10x_hd.o
                0x08001c08                EXTI2_IRQHandler
                0x08001c08                TIM8_TRG_COM_IRQHandler
                0x08001c08                TIM8_CC_IRQHandler
                0x08001c08                DebugMon_Handler
                0x08001c08                TIM1_CC_IRQHandler
                0x08001c08                TIM6_IRQHandler
                0x08001c08                SysTick_Handler
                0x08001c08                PVD_IRQHandler
                0x08001c08                SDIO_IRQHandler
                0x08001c08                PendSV_Handler
                0x08001c08                EXTI3_IRQHandler
                0x08001c08                EXTI0_IRQHandler
                0x08001c08                I2C2_EV_IRQHandler
                0x08001c08                ADC1_2_IRQHandler
                0x08001c08                SPI1_IRQHandler
                0x08001c08                TAMPER_IRQHandler
                0x08001c08                TIM8_UP_IRQHandler
                0x08001c08                DMA2_Channel2_IRQHandler
                0x08001c08                DMA1_Channel4_IRQHandler
                0x08001c08                USART3_IRQHandler
                0x08001c08                RTC_IRQHandler
                0x08001c08                DMA1_Channel7_IRQHandler
                0x08001c08                CAN1_RX1_IRQHandler
                0x08001c08                UART5_IRQHandler
                0x08001c08                ADC3_IRQHandler
                0x08001c08                TIM4_IRQHandler
                0x08001c08                DMA2_Channel1_IRQHandler
                0x08001c08                I2C1_EV_IRQHandler
                0x08001c08                DMA1_Channel6_IRQHandler
                0x08001c08                UART4_IRQHandler
                0x08001c08                TIM3_IRQHandler
                0x08001c08                RCC_IRQHandler
                0x08001c08                TIM1_TRG_COM_IRQHandler
                0x08001c08                DMA1_Channel1_IRQHandler
                0x08001c08                EXTI15_10_IRQHandler
                0x08001c08                TIM7_IRQHandler
                0x08001c08                TIM5_IRQHandler
                0x08001c08                EXTI9_5_IRQHandler
                0x08001c08                SPI2_IRQHandler
                0x08001c08                SVC_Handler
                0x08001c08                DMA1_Channel5_IRQHandler
                0x08001c08                EXTI4_IRQHandler
                0x08001c08                USB_LP_CAN1_RX0_IRQHandler
                0x08001c08                USB_HP_CAN1_TX_IRQHandler
                0x08001c08                DMA1_Channel3_IRQHandler
                0x08001c08                FSMC_IRQHandler
                0x08001c08                TIM1_UP_IRQHandler
                0x08001c08                WWDG_IRQHandler
                0x08001c08                TIM1_BRK_IRQHandler
                0x08001c08                EXTI1_IRQHandler
                0x08001c08                RTCAlarm_IRQHandler
                0x08001c08                DMA2_Channel4_5_IRQHandler
                0x08001c08                USART2_IRQHandler
                0x08001c08                I2C2_ER_IRQHandler
                0x08001c08                DMA1_Channel2_IRQHandler
                0x08001c08                TIM8_BRK_IRQHandler
                0x08001c08                CAN1_SCE_IRQHandler
                0x08001c08                FLASH_IRQHandler
                0x08001c08                USART1_IRQHandler
                0x08001c08                SPI3_IRQHandler
                0x08001c08                I2C1_ER_IRQHandler
                0x08001c08                USBWakeUp_IRQHandler
                0x08001c08                DMA2_Channel3_IRQHandler
 .text.Default_Reset_Handler
                0x08001c0c       0x58 ..\obj\startup_stm32f10x_hd.o
                0x08001c0c                Default_Reset_Handler
                0x08001c0c                Reset_Handler
 .text.FSMC_NORSRAMInit
                0x08001c64       0xac ..\obj\stm32f10x_fsmc.o
                0x08001c64                FSMC_NORSRAMInit
 .text.FSMC_NORSRAMCmd
                0x08001d10       0x20 ..\obj\stm32f10x_fsmc.o
                0x08001d10                FSMC_NORSRAMCmd
 .text.GPIO_Init
                0x08001d30       0xbc ..\obj\stm32f10x_gpio.o
                0x08001d30                GPIO_Init
 .text.GPIO_SetBits
                0x08001dec        0x4 ..\obj\stm32f10x_gpio.o
                0x08001dec                GPIO_SetBits
 .text.GPIO_ResetBits
                0x08001df0        0x4 ..\obj\stm32f10x_gpio.o
                0x08001df0                GPIO_ResetBits
 .text.GPIO_WriteBit
                0x08001df4        0xc ..\obj\stm32f10x_gpio.o
                0x08001df4                GPIO_WriteBit
 .text.delay    0x08001e00       0x14 ..\obj\main.o
                0x08001e00                delay
 .text.setMAC   0x08001e14       0x60 ..\obj\main.o
                0x08001e14                setMAC
 .text.getAutoConfigAddress
                0x08001e74      0x250 ..\obj\main.o
                0x08001e74                getAutoConfigAddress
 *fill*         0x080020c4        0x4 
 .text.Main_MENU
                0x080020c8      0x368 ..\obj\main.o
                0x080020c8                Main_MENU
 .text.startup.main
                0x08002430       0x68 ..\obj\main.o
                0x08002430                main
 .text.WIZCHIP_WRITE
                0x08002498       0x44 ..\obj\w6100.o
                0x08002498                WIZCHIP_WRITE
 .text.WIZCHIP_READ
                0x080024dc       0x4c ..\obj\w6100.o
                0x080024dc                WIZCHIP_READ
 .text.WIZCHIP_WRITE_BUF
                0x08002528       0x50 ..\obj\w6100.o
                0x08002528                WIZCHIP_WRITE_BUF
 .text.WIZCHIP_READ_BUF
                0x08002578       0x50 ..\obj\w6100.o
                0x08002578                WIZCHIP_READ_BUF
 .text.getSn_TX_FSR
                0x080025c8       0x38 ..\obj\w6100.o
                0x080025c8                getSn_TX_FSR
 .text.getSn_RX_RSR
                0x08002600       0x38 ..\obj\w6100.o
                0x08002600                getSn_RX_RSR
 .text.wiz_send_data
                0x08002638       0x5c ..\obj\w6100.o
                0x08002638                wiz_send_data
 .text.wiz_recv_data
                0x08002694       0x60 ..\obj\w6100.o
                0x08002694                wiz_recv_data
 .text.wizchip_cs_deselect
                0x080026f4        0x4 ..\obj\wizchip_conf.o
                0x080026f4                wizchip_cs_deselect
 .text.wizchip_bus_read
                0x080026f8        0x4 ..\obj\wizchip_conf.o
                0x080026f8                wizchip_bus_read
 .text.wizchip_bus_write
                0x080026fc        0x4 ..\obj\wizchip_conf.o
                0x080026fc                wizchip_bus_write
 .text.wizchip_bus_read_buf
                0x08002700       0x38 ..\obj\wizchip_conf.o
                0x08002700                wizchip_bus_read_buf
 .text.wizchip_bus_write_buf
                0x08002738       0x38 ..\obj\wizchip_conf.o
                0x08002738                wizchip_bus_write_buf
 .text.wizchip_cs_select
                0x08002770        0x4 ..\obj\wizchip_conf.o
                0x08002770                wizchip_cs_select
 .text.wizchip_cris_enter
                0x08002774        0x4 ..\obj\wizchip_conf.o
                0x08002774                wizchip_cris_enter
 .text.wizchip_cris_exit
                0x08002778        0x4 ..\obj\wizchip_conf.o
                0x08002778                wizchip_cris_exit
 .text.wizchip_sw_reset
                0x0800277c      0x118 ..\obj\wizchip_conf.o
                0x0800277c                wizchip_sw_reset
 .text.wizchip_init
                0x08002894       0x80 ..\obj\wizchip_conf.o
                0x08002894                wizchip_init
 .text.wizchip_clrinterrupt
                0x08002914       0x58 ..\obj\wizchip_conf.o
                0x08002914                wizchip_clrinterrupt
 .text.wizchip_getinterrupt
                0x0800296c       0x2c ..\obj\wizchip_conf.o
                0x0800296c                wizchip_getinterrupt
 .text.wizchip_setinterruptmask
                0x08002998       0x30 ..\obj\wizchip_conf.o
                0x08002998                wizchip_setinterruptmask
 .text.wizchip_getinterruptmask
                0x080029c8       0x2c ..\obj\wizchip_conf.o
                0x080029c8                wizchip_getinterruptmask
 .text.wizphy_getphylink
                0x080029f4       0x14 ..\obj\wizchip_conf.o
                0x080029f4                wizphy_getphylink
 .text.wizphy_reset
                0x08002a08       0x38 ..\obj\wizchip_conf.o
                0x08002a08                wizphy_reset
 .text.wizphy_setphyconf
                0x08002a40       0x70 ..\obj\wizchip_conf.o
                0x08002a40                wizphy_setphyconf
 .text.wizphy_getphyconf
                0x08002ab0       0x40 ..\obj\wizchip_conf.o
                0x08002ab0                wizphy_getphyconf
 .text.wizphy_getphystatus
                0x08002af0       0x40 ..\obj\wizchip_conf.o
                0x08002af0                wizphy_getphystatus
 .text.wizphy_setphypmode
                0x08002b30       0x28 ..\obj\wizchip_conf.o
                0x08002b30                wizphy_setphypmode
 .text.ctlwizchip
                0x08002b58      0x22c ..\obj\wizchip_conf.o
                0x08002b58                ctlwizchip
 .text.wizchip_arp
                0x08002d84       0x88 ..\obj\wizchip_conf.o
                0x08002d84                wizchip_arp
 .text.RCC_GetClocksFreq
                0x08002e0c       0xa8 ..\obj\stm32f10x_rcc.o
                0x08002e0c                RCC_GetClocksFreq
 .text.RCC_AHBPeriphClockCmd
                0x08002eb4       0x18 ..\obj\stm32f10x_rcc.o
                0x08002eb4                RCC_AHBPeriphClockCmd
 .text.RCC_APB2PeriphClockCmd
                0x08002ecc       0x18 ..\obj\stm32f10x_rcc.o
                0x08002ecc                RCC_APB2PeriphClockCmd
 .text.RCC_APB1PeriphClockCmd
                0x08002ee4       0x18 ..\obj\stm32f10x_rcc.o
                0x08002ee4                RCC_APB1PeriphClockCmd
 .text.loopback_tcps
                0x08002efc      0x27c ..\obj\loopback.o
                0x08002efc                loopback_tcps
 .text.loopback_tcpc
                0x08003178      0x224 ..\obj\loopback.o
                0x08003178                loopback_tcpc
 .text.loopback_udps
                0x0800339c       0xf0 ..\obj\loopback.o
                0x0800339c                loopback_udps
 .text.USART_Init
                0x0800348c       0xbc ..\obj\stm32f10x_usart.o
                0x0800348c                USART_Init
 .text.USART_Cmd
                0x08003548       0x1c ..\obj\stm32f10x_usart.o
                0x08003548                USART_Cmd
 .text.USART_SendData
                0x08003564        0x8 ..\obj\stm32f10x_usart.o
                0x08003564                USART_SendData
 .text.USART_ReceiveData
                0x0800356c        0x8 ..\obj\stm32f10x_usart.o
                0x0800356c                USART_ReceiveData
 .text.USART_GetFlagStatus
                0x08003574        0xc ..\obj\stm32f10x_usart.o
                0x08003574                USART_GetFlagStatus
 .text.USART_ClearFlag
                0x08003580        0x8 ..\obj\stm32f10x_usart.o
                0x08003580                USART_ClearFlag
 .text.InsertDhcpOption
                0x08003588       0x60 ..\obj\dhcpv6.o
                0x08003588                InsertDhcpOption
 .text.DumpDhcpOption
                0x080035e8       0x64 ..\obj\dhcpv6.o
                0x080035e8                DumpDhcpOption
 .text.send_DHCP_REQUEST.part.0
                0x0800364c      0x560 ..\obj\dhcpv6.o
 .text.send_DHCP_SOLICIT
                0x08003bac      0x1d4 ..\obj\dhcpv6.o
                0x08003bac                send_DHCP_SOLICIT
 .text.send_DHCP_INFOREQ
                0x08003d80      0x1a4 ..\obj\dhcpv6.o
                0x08003d80                send_DHCP_INFOREQ
 .text.parseDHCPMSG
                0x08003f24      0x62c ..\obj\dhcpv6.o
                0x08003f24                parseDHCPMSG
 .text.DHCP_run2
                0x08004550       0x70 ..\obj\dhcpv6.o
                0x08004550                DHCP_run2
 .text.DHCP_run
                0x080045c0      0x148 ..\obj\dhcpv6.o
                0x080045c0                DHCP_run
 .text.DHCP_stop
                0x08004708       0x1c ..\obj\dhcpv6.o
                0x08004708                DHCP_stop
 .text.DHCP_init
                0x08004724       0xbc ..\obj\dhcpv6.o
                0x08004724                DHCP_init
 .text._sbrk    0x080047e0       0x1c ..\obj\syscalls.o
                0x080047e0                _sbrk
 .text._close   0x080047fc        0x8 ..\obj\syscalls.o
                0x080047fc                _close
 .text._fstat   0x08004804        0xc ..\obj\syscalls.o
                0x08004804                _fstat
 .text._isatty  0x08004810        0x4 ..\obj\syscalls.o
                0x08004810                _isatty
 .text._lseek   0x08004814        0x4 ..\obj\syscalls.o
                0x08004814                _lseek
 .text._read    0x08004818        0x4 ..\obj\syscalls.o
                0x08004818                _read
 .text._write   0x0800481c       0x38 ..\obj\syscalls.o
                0x0800481c                _write
 .text.W6100Initialze
                0x08004854       0x88 ..\obj\W6100RelFunctions.o
                0x08004854                W6100Initialze
 .text.resetAssert
                0x080048dc       0x10 ..\obj\W6100RelFunctions.o
                0x080048dc                resetAssert
 .text.resetDeassert
                0x080048ec       0x10 ..\obj\W6100RelFunctions.o
                0x080048ec                resetDeassert
 .text.NVIC_Init
                0x080048fc       0x64 ..\obj\misc.o
                0x080048fc                NVIC_Init
 .text.HardFault_Handler
                0x08004960       0x10 ..\obj\HALInit.o
                0x08004960                HardFault_Handler
 .text.MemManage_Handler
                0x08004970       0x10 ..\obj\HALInit.o
                0x08004970                MemManage_Handler
 .text.NMI_Handler
                0x08004980       0x10 ..\obj\HALInit.o
                0x08004980                NMI_Handler
 .text.UsageFault_Handler
                0x08004990       0x10 ..\obj\HALInit.o
                0x08004990                UsageFault_Handler
 .text.BusFault_Handler
                0x080049a0        0x8 ..\obj\HALInit.o
                0x080049a0                BusFault_Handler
 .text.timerInitialize
                0x080049a8       0x74 ..\obj\HALInit.o
                0x080049a8                timerInitialize
 .text.TIM2_IRQHandler
                0x08004a1c       0x1c ..\obj\HALInit.o
                0x08004a1c                TIM2_IRQHandler
 .text.TIM2_gettimer
                0x08004a38        0xc ..\obj\HALInit.o
                0x08004a38                TIM2_gettimer
 .text.gpioInitialize
                0x08004a44       0xbc ..\obj\HALInit.o
                0x08004a44                gpioInitialize
 .text.usartInitialize
                0x08004b00       0x48 ..\obj\HALInit.o
                0x08004b00                usartInitialize
 .text.FSMCLowSpeed
                0x08004b48       0x68 ..\obj\HALInit.o
                0x08004b48                FSMCLowSpeed
 .text.FSMCInitialize
                0x08004bb0       0x9c ..\obj\HALInit.o
                0x08004bb0                FSMCInitialize
 .text.UartGetc
                0x08004c4c       0x1c ..\obj\usart.o
                0x08004c4c                UartGetc
 .text.malloc   0x08004c68       0x10 c:/program files (x86)/gnu tools arm embedded/5.4 2016q3/bin/../lib/gcc/arm-none-eabi/6.3.1/../../../../arm-none-eabi/lib/thumb/v7-m\libg.a(lib_a-malloc.o)
                0x08004c68                malloc
 .text.free     0x08004c78       0x10 c:/program files (x86)/gnu tools arm embedded/5.4 2016q3/bin/../lib/gcc/arm-none-eabi/6.3.1/../../../../arm-none-eabi/lib/thumb/v7-m\libg.a(lib_a-malloc.o)
                0x08004c78                free
 .text._malloc_r
                0x08004c88      0x544 c:/program files (x86)/gnu tools arm embedded/5.4 2016q3/bin/../lib/gcc/arm-none-eabi/6.3.1/../../../../arm-none-eabi/lib/thumb/v7-m\libg.a(lib_a-mallocr.o)
                0x08004c88                _malloc_r
 .text.memmove  0x080051cc       0xc8 c:/program files (x86)/gnu tools arm embedded/5.4 2016q3/bin/../lib/gcc/arm-none-eabi/6.3.1/../../../../arm-none-eabi/lib/thumb/v7-m\libg.a(lib_a-memmove.o)
                0x080051cc                memmove
 .text.__malloc_lock
                0x08005294        0xc c:/program files (x86)/gnu tools arm embedded/5.4 2016q3/bin/../lib/gcc/arm-none-eabi/6.3.1/../../../../arm-none-eabi/lib/thumb/v7-m\libg.a(lib_a-mlock.o)
                0x08005294                __malloc_lock
 .text.__malloc_unlock
                0x080052a0        0xc c:/program files (x86)/gnu tools arm embedded/5.4 2016q3/bin/../lib/gcc/arm-none-eabi/6.3.1/../../../../arm-none-eabi/lib/thumb/v7-m\libg.a(lib_a-mlock.o)
                0x080052a0                __malloc_unlock
 .text.printf   0x080052ac       0x28 c:/program files (x86)/gnu tools arm embedded/5.4 2016q3/bin/../lib/gcc/arm-none-eabi/6.3.1/../../../../arm-none-eabi/lib/thumb/v7-m\libg.a(lib_a-printf.o)
                0x080052ac                printf
 .text.putchar  0x080052d4       0x10 c:/program files (x86)/gnu tools arm embedded/5.4 2016q3/bin/../lib/gcc/arm-none-eabi/6.3.1/../../../../arm-none-eabi/lib/thumb/v7-m\libg.a(lib_a-putchar.o)
                0x080052d4                putchar
 .text._puts_r  0x080052e4       0x9c c:/program files (x86)/gnu tools arm embedded/5.4 2016q3/bin/../lib/gcc/arm-none-eabi/6.3.1/../../../../arm-none-eabi/lib/thumb/v7-m\libg.a(lib_a-puts.o)
                0x080052e4                _puts_r
 .text.puts     0x08005380       0x10 c:/program files (x86)/gnu tools arm embedded/5.4 2016q3/bin/../lib/gcc/arm-none-eabi/6.3.1/../../../../arm-none-eabi/lib/thumb/v7-m\libg.a(lib_a-puts.o)
                0x08005380                puts
 .text.realloc  0x08005390       0x10 c:/program files (x86)/gnu tools arm embedded/5.4 2016q3/bin/../lib/gcc/arm-none-eabi/6.3.1/../../../../arm-none-eabi/lib/thumb/v7-m\libg.a(lib_a-realloc.o)
                0x08005390                realloc
 .text._realloc_r
                0x080053a0      0x36c c:/program files (x86)/gnu tools arm embedded/5.4 2016q3/bin/../lib/gcc/arm-none-eabi/6.3.1/../../../../arm-none-eabi/lib/thumb/v7-m\libg.a(lib_a-reallocr.o)
                0x080053a0                _realloc_r
 .text._sbrk_r  0x0800570c       0x24 c:/program files (x86)/gnu tools arm embedded/5.4 2016q3/bin/../lib/gcc/arm-none-eabi/6.3.1/../../../../arm-none-eabi/lib/thumb/v7-m\libg.a(lib_a-sbrkr.o)
                0x0800570c                _sbrk_r
 .text.strlen   0x08005730       0x5c c:/program files (x86)/gnu tools arm embedded/5.4 2016q3/bin/../lib/gcc/arm-none-eabi/6.3.1/../../../../arm-none-eabi/lib/thumb/v7-m\libg.a(lib_a-strlen-stub.o)
                0x08005730                strlen
 .text._vfprintf_r
                0x0800578c     0x15e8 c:/program files (x86)/gnu tools arm embedded/5.4 2016q3/bin/../lib/gcc/arm-none-eabi/6.3.1/../../../../arm-none-eabi/lib/thumb/v7-m\libg.a(lib_a-vfprintf.o)
                0x0800578c                _vfprintf_r
 .text.__sbprintf
                0x08006d74       0x88 c:/program files (x86)/gnu tools arm embedded/5.4 2016q3/bin/../lib/gcc/arm-none-eabi/6.3.1/../../../../arm-none-eabi/lib/thumb/v7-m\libg.a(lib_a-vfprintf.o)
 .text.__swsetup_r
                0x08006dfc       0xc8 c:/program files (x86)/gnu tools arm embedded/5.4 2016q3/bin/../lib/gcc/arm-none-eabi/6.3.1/../../../../arm-none-eabi/lib/thumb/v7-m\libg.a(lib_a-wsetup.o)
                0x08006dfc                __swsetup_r
 .text.quorem   0x08006ec4      0x128 c:/program files (x86)/gnu tools arm embedded/5.4 2016q3/bin/../lib/gcc/arm-none-eabi/6.3.1/../../../../arm-none-eabi/lib/thumb/v7-m\libg.a(lib_a-dtoa.o)
 *fill*         0x08006fec        0x4 
 .text._dtoa_r  0x08006ff0      0xe44 c:/program files (x86)/gnu tools arm embedded/5.4 2016q3/bin/../lib/gcc/arm-none-eabi/6.3.1/../../../../arm-none-eabi/lib/thumb/v7-m\libg.a(lib_a-dtoa.o)
                0x08006ff0                _dtoa_r
 .text.__sflush_r
                0x08007e34      0x138 c:/program files (x86)/gnu tools arm embedded/5.4 2016q3/bin/../lib/gcc/arm-none-eabi/6.3.1/../../../../arm-none-eabi/lib/thumb/v7-m\libg.a(lib_a-fflush.o)
                0x08007e34                __sflush_r
 .text._fflush_r
                0x08007f6c       0x54 c:/program files (x86)/gnu tools arm embedded/5.4 2016q3/bin/../lib/gcc/arm-none-eabi/6.3.1/../../../../arm-none-eabi/lib/thumb/v7-m\libg.a(lib_a-fflush.o)
                0x08007f6c                _fflush_r
 .text._cleanup_r
                0x08007fc0        0xc c:/program files (x86)/gnu tools arm embedded/5.4 2016q3/bin/../lib/gcc/arm-none-eabi/6.3.1/../../../../arm-none-eabi/lib/thumb/v7-m\libg.a(lib_a-findfp.o)
                0x08007fc0                _cleanup_r
 .text.std.isra.0
                0x08007fcc       0x50 c:/program files (x86)/gnu tools arm embedded/5.4 2016q3/bin/../lib/gcc/arm-none-eabi/6.3.1/../../../../arm-none-eabi/lib/thumb/v7-m\libg.a(lib_a-findfp.o)
 .text.__sinit  0x0800801c       0x60 c:/program files (x86)/gnu tools arm embedded/5.4 2016q3/bin/../lib/gcc/arm-none-eabi/6.3.1/../../../../arm-none-eabi/lib/thumb/v7-m\libg.a(lib_a-findfp.o)
                0x0800801c                __sinit
 .text.__sfp_lock_acquire
                0x0800807c        0xc c:/program files (x86)/gnu tools arm embedded/5.4 2016q3/bin/../lib/gcc/arm-none-eabi/6.3.1/../../../../arm-none-eabi/lib/thumb/v7-m\libg.a(lib_a-findfp.o)
                0x0800807c                __sfp_lock_acquire
 .text.__sfp_lock_release
                0x08008088        0xc c:/program files (x86)/gnu tools arm embedded/5.4 2016q3/bin/../lib/gcc/arm-none-eabi/6.3.1/../../../../arm-none-eabi/lib/thumb/v7-m\libg.a(lib_a-findfp.o)
                0x08008088                __sfp_lock_release
 .text._malloc_trim_r
                0x08008094       0xa0 c:/program files (x86)/gnu tools arm embedded/5.4 2016q3/bin/../lib/gcc/arm-none-eabi/6.3.1/../../../../arm-none-eabi/lib/thumb/v7-m\libg.a(lib_a-freer.o)
                0x08008094                _malloc_trim_r
 .text._free_r  0x08008134      0x1cc c:/program files (x86)/gnu tools arm embedded/5.4 2016q3/bin/../lib/gcc/arm-none-eabi/6.3.1/../../../../arm-none-eabi/lib/thumb/v7-m\libg.a(lib_a-freer.o)
                0x08008134                _free_r
 .text.__sfvwrite_r
                0x08008300      0x2f4 c:/program files (x86)/gnu tools arm embedded/5.4 2016q3/bin/../lib/gcc/arm-none-eabi/6.3.1/../../../../arm-none-eabi/lib/thumb/v7-m\libg.a(lib_a-fvwrite.o)
                0x08008300                __sfvwrite_r
 .text._fwalk_reent
                0x080085f4       0x50 c:/program files (x86)/gnu tools arm embedded/5.4 2016q3/bin/../lib/gcc/arm-none-eabi/6.3.1/../../../../arm-none-eabi/lib/thumb/v7-m\libg.a(lib_a-fwalk.o)
                0x080085f4                _fwalk_reent
 .text._localeconv_r
                0x08008644       0x1c c:/program files (x86)/gnu tools arm embedded/5.4 2016q3/bin/../lib/gcc/arm-none-eabi/6.3.1/../../../../arm-none-eabi/lib/thumb/v7-m\libg.a(lib_a-localeconv.o)
                0x08008644                _localeconv_r
 .text.__retarget_lock_init_recursive
                0x08008660        0x4 c:/program files (x86)/gnu tools arm embedded/5.4 2016q3/bin/../lib/gcc/arm-none-eabi/6.3.1/../../../../arm-none-eabi/lib/thumb/v7-m\libg.a(lib_a-lock.o)
                0x08008660                __retarget_lock_init_recursive
 .text.__retarget_lock_close_recursive
                0x08008664        0x4 c:/program files (x86)/gnu tools arm embedded/5.4 2016q3/bin/../lib/gcc/arm-none-eabi/6.3.1/../../../../arm-none-eabi/lib/thumb/v7-m\libg.a(lib_a-lock.o)
                0x08008664                __retarget_lock_close_recursive
 .text.__retarget_lock_acquire_recursive
                0x08008668        0x4 c:/program files (x86)/gnu tools arm embedded/5.4 2016q3/bin/../lib/gcc/arm-none-eabi/6.3.1/../../../../arm-none-eabi/lib/thumb/v7-m\libg.a(lib_a-lock.o)
                0x08008668                __retarget_lock_acquire_recursive
 .text.__retarget_lock_release_recursive
                0x0800866c        0x4 c:/program files (x86)/gnu tools arm embedded/5.4 2016q3/bin/../lib/gcc/arm-none-eabi/6.3.1/../../../../arm-none-eabi/lib/thumb/v7-m\libg.a(lib_a-lock.o)
                0x0800866c                __retarget_lock_release_recursive
 .text.__swhatbuf_r
                0x08008670       0x5c c:/program files (x86)/gnu tools arm embedded/5.4 2016q3/bin/../lib/gcc/arm-none-eabi/6.3.1/../../../../arm-none-eabi/lib/thumb/v7-m\libg.a(lib_a-makebuf.o)
                0x08008670                __swhatbuf_r
 .text.__smakebuf_r
                0x080086cc       0x94 c:/program files (x86)/gnu tools arm embedded/5.4 2016q3/bin/../lib/gcc/arm-none-eabi/6.3.1/../../../../arm-none-eabi/lib/thumb/v7-m\libg.a(lib_a-makebuf.o)
                0x080086cc                __smakebuf_r
 .text.memchr   0x08008760       0x8c c:/program files (x86)/gnu tools arm embedded/5.4 2016q3/bin/../lib/gcc/arm-none-eabi/6.3.1/../../../../arm-none-eabi/lib/thumb/v7-m\libg.a(lib_a-memchr-stub.o)
                0x08008760                memchr
 .text          0x080087ec       0xec c:/program files (x86)/gnu tools arm embedded/5.4 2016q3/bin/../lib/gcc/arm-none-eabi/6.3.1/../../../../arm-none-eabi/lib/thumb/v7-m\libg.a(lib_a-memcpy.o)
                0x080087ec                memcpy
 .text.memset   0x080088d8       0x9c c:/program files (x86)/gnu tools arm embedded/5.4 2016q3/bin/../lib/gcc/arm-none-eabi/6.3.1/../../../../arm-none-eabi/lib/thumb/v7-m\libg.a(lib_a-memset.o)
                0x080088d8                memset
 .text._Balloc  0x08008974       0x4c c:/program files (x86)/gnu tools arm embedded/5.4 2016q3/bin/../lib/gcc/arm-none-eabi/6.3.1/../../../../arm-none-eabi/lib/thumb/v7-m\libg.a(lib_a-mprec.o)
                0x08008974                _Balloc
 .text._Bfree   0x080089c0       0x14 c:/program files (x86)/gnu tools arm embedded/5.4 2016q3/bin/../lib/gcc/arm-none-eabi/6.3.1/../../../../arm-none-eabi/lib/thumb/v7-m\libg.a(lib_a-mprec.o)
                0x080089c0                _Bfree
 .text.__multadd
                0x080089d4       0x84 c:/program files (x86)/gnu tools arm embedded/5.4 2016q3/bin/../lib/gcc/arm-none-eabi/6.3.1/../../../../arm-none-eabi/lib/thumb/v7-m\libg.a(lib_a-mprec.o)
                0x080089d4                __multadd
 .text.__hi0bits
                0x08008a58       0x40 c:/program files (x86)/gnu tools arm embedded/5.4 2016q3/bin/../lib/gcc/arm-none-eabi/6.3.1/../../../../arm-none-eabi/lib/thumb/v7-m\libg.a(lib_a-mprec.o)
                0x08008a58                __hi0bits
 .text.__lo0bits
                0x08008a98       0x60 c:/program files (x86)/gnu tools arm embedded/5.4 2016q3/bin/../lib/gcc/arm-none-eabi/6.3.1/../../../../arm-none-eabi/lib/thumb/v7-m\libg.a(lib_a-mprec.o)
                0x08008a98                __lo0bits
 .text.__i2b    0x08008af8       0x14 c:/program files (x86)/gnu tools arm embedded/5.4 2016q3/bin/../lib/gcc/arm-none-eabi/6.3.1/../../../../arm-none-eabi/lib/thumb/v7-m\libg.a(lib_a-mprec.o)
                0x08008af8                __i2b
 .text.__multiply
                0x08008b0c      0x124 c:/program files (x86)/gnu tools arm embedded/5.4 2016q3/bin/../lib/gcc/arm-none-eabi/6.3.1/../../../../arm-none-eabi/lib/thumb/v7-m\libg.a(lib_a-mprec.o)
                0x08008b0c                __multiply
 .text.__pow5mult
                0x08008c30       0xa0 c:/program files (x86)/gnu tools arm embedded/5.4 2016q3/bin/../lib/gcc/arm-none-eabi/6.3.1/../../../../arm-none-eabi/lib/thumb/v7-m\libg.a(lib_a-mprec.o)
                0x08008c30                __pow5mult
 .text.__lshift
                0x08008cd0       0xa0 c:/program files (x86)/gnu tools arm embedded/5.4 2016q3/bin/../lib/gcc/arm-none-eabi/6.3.1/../../../../arm-none-eabi/lib/thumb/v7-m\libg.a(lib_a-mprec.o)
                0x08008cd0                __lshift
 .text.__mcmp   0x08008d70       0x38 c:/program files (x86)/gnu tools arm embedded/5.4 2016q3/bin/../lib/gcc/arm-none-eabi/6.3.1/../../../../arm-none-eabi/lib/thumb/v7-m\libg.a(lib_a-mprec.o)
                0x08008d70                __mcmp
 .text.__mdiff  0x08008da8      0x11c c:/program files (x86)/gnu tools arm embedded/5.4 2016q3/bin/../lib/gcc/arm-none-eabi/6.3.1/../../../../arm-none-eabi/lib/thumb/v7-m\libg.a(lib_a-mprec.o)
                0x08008da8                __mdiff
 .text.__d2b    0x08008ec4       0xa8 c:/program files (x86)/gnu tools arm embedded/5.4 2016q3/bin/../lib/gcc/arm-none-eabi/6.3.1/../../../../arm-none-eabi/lib/thumb/v7-m\libg.a(lib_a-mprec.o)
                0x08008ec4                __d2b
 .text._putc_r  0x08008f6c       0x70 c:/program files (x86)/gnu tools arm embedded/5.4 2016q3/bin/../lib/gcc/arm-none-eabi/6.3.1/../../../../arm-none-eabi/lib/thumb/v7-m\libg.a(lib_a-putc.o)
                0x08008f6c                _putc_r
 .text.__sread  0x08008fdc       0x24 c:/program files (x86)/gnu tools arm embedded/5.4 2016q3/bin/../lib/gcc/arm-none-eabi/6.3.1/../../../../arm-none-eabi/lib/thumb/v7-m\libg.a(lib_a-stdio.o)
                0x08008fdc                __sread
 .text.__swrite
                0x08009000       0x3c c:/program files (x86)/gnu tools arm embedded/5.4 2016q3/bin/../lib/gcc/arm-none-eabi/6.3.1/../../../../arm-none-eabi/lib/thumb/v7-m\libg.a(lib_a-stdio.o)
                0x08009000                __swrite
 .text.__sseek  0x0800903c       0x20 c:/program files (x86)/gnu tools arm embedded/5.4 2016q3/bin/../lib/gcc/arm-none-eabi/6.3.1/../../../../arm-none-eabi/lib/thumb/v7-m\libg.a(lib_a-stdio.o)
                0x0800903c                __sseek
 .text.__sclose
                0x0800905c        0x8 c:/program files (x86)/gnu tools arm embedded/5.4 2016q3/bin/../lib/gcc/arm-none-eabi/6.3.1/../../../../arm-none-eabi/lib/thumb/v7-m\libg.a(lib_a-stdio.o)
                0x0800905c                __sclose
 .text.__sprint_r.part.0
                0x08009064       0x80 c:/program files (x86)/gnu tools arm embedded/5.4 2016q3/bin/../lib/gcc/arm-none-eabi/6.3.1/../../../../arm-none-eabi/lib/thumb/v7-m\libg.a(lib_a-vfiprintf.o)
 .text.__sprint_r
                0x080090e4       0x14 c:/program files (x86)/gnu tools arm embedded/5.4 2016q3/bin/../lib/gcc/arm-none-eabi/6.3.1/../../../../arm-none-eabi/lib/thumb/v7-m\libg.a(lib_a-vfiprintf.o)
                0x080090e4                __sprint_r
 .text.__swbuf_r
                0x080090f8       0xb0 c:/program files (x86)/gnu tools arm embedded/5.4 2016q3/bin/../lib/gcc/arm-none-eabi/6.3.1/../../../../arm-none-eabi/lib/thumb/v7-m\libg.a(lib_a-wbuf.o)
                0x080090f8                __swbuf_r
 .text._write_r
                0x080091a8       0x2c c:/program files (x86)/gnu tools arm embedded/5.4 2016q3/bin/../lib/gcc/arm-none-eabi/6.3.1/../../../../arm-none-eabi/lib/thumb/v7-m\libg.a(lib_a-writer.o)
                0x080091a8                _write_r
 .text._calloc_r
                0x080091d4       0x60 c:/program files (x86)/gnu tools arm embedded/5.4 2016q3/bin/../lib/gcc/arm-none-eabi/6.3.1/../../../../arm-none-eabi/lib/thumb/v7-m\libg.a(lib_a-callocr.o)
                0x080091d4                _calloc_r
 .text._close_r
                0x08009234       0x24 c:/program files (x86)/gnu tools arm embedded/5.4 2016q3/bin/../lib/gcc/arm-none-eabi/6.3.1/../../../../arm-none-eabi/lib/thumb/v7-m\libg.a(lib_a-closer.o)
                0x08009234                _close_r
 .text._fclose_r
                0x08009258       0xc4 c:/program files (x86)/gnu tools arm embedded/5.4 2016q3/bin/../lib/gcc/arm-none-eabi/6.3.1/../../../../arm-none-eabi/lib/thumb/v7-m\libg.a(lib_a-fclose.o)
                0x08009258                _fclose_r
 .text.__fputwc
                0x0800931c       0x98 c:/program files (x86)/gnu tools arm embedded/5.4 2016q3/bin/../lib/gcc/arm-none-eabi/6.3.1/../../../../arm-none-eabi/lib/thumb/v7-m\libg.a(lib_a-fputwc.o)
                0x0800931c                __fputwc
 .text._fputwc_r
                0x080093b4       0x68 c:/program files (x86)/gnu tools arm embedded/5.4 2016q3/bin/../lib/gcc/arm-none-eabi/6.3.1/../../../../arm-none-eabi/lib/thumb/v7-m\libg.a(lib_a-fputwc.o)
                0x080093b4                _fputwc_r
 .text._fstat_r
                0x0800941c       0x28 c:/program files (x86)/gnu tools arm embedded/5.4 2016q3/bin/../lib/gcc/arm-none-eabi/6.3.1/../../../../arm-none-eabi/lib/thumb/v7-m\libg.a(lib_a-fstatr.o)
                0x0800941c                _fstat_r
 .text._isatty_r
                0x08009444       0x24 c:/program files (x86)/gnu tools arm embedded/5.4 2016q3/bin/../lib/gcc/arm-none-eabi/6.3.1/../../../../arm-none-eabi/lib/thumb/v7-m\libg.a(lib_a-isattyr.o)
                0x08009444                _isatty_r
 .text.__locale_mb_cur_max
                0x08009468       0x1c c:/program files (x86)/gnu tools arm embedded/5.4 2016q3/bin/../lib/gcc/arm-none-eabi/6.3.1/../../../../arm-none-eabi/lib/thumb/v7-m\libg.a(lib_a-locale.o)
                0x08009468                __locale_mb_cur_max
 .text._lseek_r
                0x08009484       0x2c c:/program files (x86)/gnu tools arm embedded/5.4 2016q3/bin/../lib/gcc/arm-none-eabi/6.3.1/../../../../arm-none-eabi/lib/thumb/v7-m\libg.a(lib_a-lseekr.o)
                0x08009484                _lseek_r
 .text.__ascii_mbtowc
                0x080094b0       0x2c c:/program files (x86)/gnu tools arm embedded/5.4 2016q3/bin/../lib/gcc/arm-none-eabi/6.3.1/../../../../arm-none-eabi/lib/thumb/v7-m\libg.a(lib_a-mbtowc_r.o)
                0x080094b0                __ascii_mbtowc
 .text._read_r  0x080094dc       0x2c c:/program files (x86)/gnu tools arm embedded/5.4 2016q3/bin/../lib/gcc/arm-none-eabi/6.3.1/../../../../arm-none-eabi/lib/thumb/v7-m\libg.a(lib_a-readr.o)
                0x080094dc                _read_r
 .text._wcrtomb_r
                0x08009508       0x54 c:/program files (x86)/gnu tools arm embedded/5.4 2016q3/bin/../lib/gcc/arm-none-eabi/6.3.1/../../../../arm-none-eabi/lib/thumb/v7-m\libg.a(lib_a-wcrtomb.o)
                0x08009508                _wcrtomb_r
 .text.__ascii_wctomb
                0x0800955c       0x18 c:/program files (x86)/gnu tools arm embedded/5.4 2016q3/bin/../lib/gcc/arm-none-eabi/6.3.1/../../../../arm-none-eabi/lib/thumb/v7-m\libg.a(lib_a-wctomb_r.o)
                0x0800955c                __ascii_wctomb
 .text          0x08009574      0x370 c:/program files (x86)/gnu tools arm embedded/5.4 2016q3/bin/../lib/gcc/arm-none-eabi/6.3.1/thumb/v7-m\libgcc.a(_arm_addsubdf3.o)
                0x08009574                __aeabi_drsub
                0x0800957c                __aeabi_dsub
                0x0800957c                __subdf3
                0x08009580                __aeabi_dadd
                0x08009580                __adddf3
                0x080097f8                __floatunsidf
                0x080097f8                __aeabi_ui2d
                0x08009818                __floatsidf
                0x08009818                __aeabi_i2d
                0x0800983c                __aeabi_f2d
                0x0800983c                __extendsfdf2
                0x08009878                __floatundidf
                0x08009878                __aeabi_ul2d
                0x08009888                __floatdidf
                0x08009888                __aeabi_l2d
 .text          0x080098e4      0x424 c:/program files (x86)/gnu tools arm embedded/5.4 2016q3/bin/../lib/gcc/arm-none-eabi/6.3.1/thumb/v7-m\libgcc.a(_arm_muldivdf3.o)
                0x080098e4                __aeabi_dmul
                0x080098e4                __muldf3
                0x08009b38                __divdf3
                0x08009b38                __aeabi_ddiv
 .text          0x08009d08      0x110 c:/program files (x86)/gnu tools arm embedded/5.4 2016q3/bin/../lib/gcc/arm-none-eabi/6.3.1/thumb/v7-m\libgcc.a(_arm_cmpdf2.o)
                0x08009d08                __gtdf2
                0x08009d08                __gedf2
                0x08009d10                __ltdf2
                0x08009d10                __ledf2
                0x08009d18                __nedf2
                0x08009d18                __eqdf2
                0x08009d18                __cmpdf2
                0x08009d94                __aeabi_cdrcmple
                0x08009da4                __aeabi_cdcmpeq
                0x08009da4                __aeabi_cdcmple
                0x08009db4                __aeabi_dcmpeq
                0x08009dc8                __aeabi_dcmplt
                0x08009ddc                __aeabi_dcmple
                0x08009df0                __aeabi_dcmpge
                0x08009e04                __aeabi_dcmpgt
 .text          0x08009e18       0x2c c:/program files (x86)/gnu tools arm embedded/5.4 2016q3/bin/../lib/gcc/arm-none-eabi/6.3.1/thumb/v7-m\libgcc.a(_arm_unorddf2.o)
                0x08009e18                __unorddf2
                0x08009e18                __aeabi_dcmpun
 .text          0x08009e44       0x50 c:/program files (x86)/gnu tools arm embedded/5.4 2016q3/bin/../lib/gcc/arm-none-eabi/6.3.1/thumb/v7-m\libgcc.a(_arm_fixdfsi.o)
                0x08009e44                __aeabi_d2iz
                0x08009e44                __fixdfsi
 .text          0x08009e94       0x30 c:/program files (x86)/gnu tools arm embedded/5.4 2016q3/bin/../lib/gcc/arm-none-eabi/6.3.1/thumb/v7-m\libgcc.a(_aeabi_uldivmod.o)
                0x08009e94                __aeabi_uldivmod
 .text          0x08009ec4      0x2dc c:/program files (x86)/gnu tools arm embedded/5.4 2016q3/bin/../lib/gcc/arm-none-eabi/6.3.1/thumb/v7-m\libgcc.a(_udivmoddi4.o)
                0x08009ec4                __udivmoddi4
 .text          0x0800a1a0        0x4 c:/program files (x86)/gnu tools arm embedded/5.4 2016q3/bin/../lib/gcc/arm-none-eabi/6.3.1/thumb/v7-m\libgcc.a(_dvmd_tls.o)
                0x0800a1a0                __aeabi_idiv0
                0x0800a1a0                __aeabi_ldiv0
 *(.init)
 *(.fini)
 *crtbegin.o(.ctors)
 *crtbegin?.o(.ctors)
 *(EXCLUDE_FILE(*crtend.o *crtend?.o) .ctors)
 *(SORT(.ctors.*))
 *(.ctors)
 *crtbegin.o(.dtors)
 *crtbegin?.o(.dtors)
 *(EXCLUDE_FILE(*crtend.o *crtend?.o) .dtors)
 *(SORT(.dtors.*))
 *(.dtors)
 *(.rodata*)
 .rodata.str1.4
                0x0800a1a4      0x739 ..\obj\AddressAutoConfig.o
                                0x73d (size before relaxing)
 *fill*         0x0800a8dd        0x3 
 .rodata.str1.4
                0x0800a8e0      0x5b6 ..\obj\main.o
                                0x76a (size before relaxing)
 *fill*         0x0800ae96        0x2 
 .rodata.str1.4
                0x0800ae98      0x195 ..\obj\loopback.o
 *fill*         0x0800b02d        0x3 
 .rodata.str1.4
                0x0800b030      0x387 ..\obj\dhcpv6.o
                                0x393 (size before relaxing)
 *fill*         0x0800b3b7        0x1 
 .rodata        0x0800b3b8        0x8 ..\obj\W6100RelFunctions.o
 .rodata.str1.4
                0x0800b3c0       0x62 ..\obj\W6100RelFunctions.o
 *fill*         0x0800b422        0x2 
 .rodata.str1.4
                0x0800b424       0x3e ..\obj\HALInit.o
 .rodata._puts_r.str1.4
                0x0800b462       0x3e c:/program files (x86)/gnu tools arm embedded/5.4 2016q3/bin/../lib/gcc/arm-none-eabi/6.3.1/../../../../arm-none-eabi/lib/thumb/v7-m\libg.a(lib_a-puts.o)
                                  0x2 (size before relaxing)
 *fill*         0x0800b462        0x2 
 .rodata._vfprintf_r.str1.4
                0x0800b464       0x42 c:/program files (x86)/gnu tools arm embedded/5.4 2016q3/bin/../lib/gcc/arm-none-eabi/6.3.1/../../../../arm-none-eabi/lib/thumb/v7-m\libg.a(lib_a-vfprintf.o)
 *fill*         0x0800b4a6        0x2 
 .rodata.blanks.7238
                0x0800b4a8       0x10 c:/program files (x86)/gnu tools arm embedded/5.4 2016q3/bin/../lib/gcc/arm-none-eabi/6.3.1/../../../../arm-none-eabi/lib/thumb/v7-m\libg.a(lib_a-vfprintf.o)
 .rodata.zeroes.7239
                0x0800b4b8       0x10 c:/program files (x86)/gnu tools arm embedded/5.4 2016q3/bin/../lib/gcc/arm-none-eabi/6.3.1/../../../../arm-none-eabi/lib/thumb/v7-m\libg.a(lib_a-vfprintf.o)
 .rodata._dtoa_r.str1.4
                0x0800b4c8       0x10 c:/program files (x86)/gnu tools arm embedded/5.4 2016q3/bin/../lib/gcc/arm-none-eabi/6.3.1/../../../../arm-none-eabi/lib/thumb/v7-m\libg.a(lib_a-dtoa.o)
                                 0x12 (size before relaxing)
 .rodata.__mprec_bigtens
                0x0800b4d8       0x28 c:/program files (x86)/gnu tools arm embedded/5.4 2016q3/bin/../lib/gcc/arm-none-eabi/6.3.1/../../../../arm-none-eabi/lib/thumb/v7-m\libg.a(lib_a-mprec.o)
                0x0800b4d8                __mprec_bigtens
 .rodata.__mprec_tens
                0x0800b500       0xc8 c:/program files (x86)/gnu tools arm embedded/5.4 2016q3/bin/../lib/gcc/arm-none-eabi/6.3.1/../../../../arm-none-eabi/lib/thumb/v7-m\libg.a(lib_a-mprec.o)
                0x0800b500                __mprec_tens
 .rodata.p05.6055
                0x0800b5c8        0xc c:/program files (x86)/gnu tools arm embedded/5.4 2016q3/bin/../lib/gcc/arm-none-eabi/6.3.1/../../../../arm-none-eabi/lib/thumb/v7-m\libg.a(lib_a-mprec.o)
 .rodata._setlocale_r.str1.4
                0x0800b5d4        0xa c:/program files (x86)/gnu tools arm embedded/5.4 2016q3/bin/../lib/gcc/arm-none-eabi/6.3.1/../../../../arm-none-eabi/lib/thumb/v7-m\libg.a(lib_a-locale.o)
                                  0xd (size before relaxing)
 *fill*         0x0800b5de        0x2 
 .rodata.str1.4
                0x0800b5e0        0x4 c:/program files (x86)/gnu tools arm embedded/5.4 2016q3/bin/../lib/gcc/arm-none-eabi/6.3.1/../../../../arm-none-eabi/lib/thumb/v7-m\libg.a(lib_a-locale.o)
                                  0x2 (size before relaxing)
 .rodata._ctype_
                0x0800b5e4      0x101 c:/program files (x86)/gnu tools arm embedded/5.4 2016q3/bin/../lib/gcc/arm-none-eabi/6.3.1/../../../../arm-none-eabi/lib/thumb/v7-m\libg.a(lib_a-ctype_.o)
                0x0800b5e4                _ctype_
 *(.eh_fram e*)

.glue_7         0x0800b6e8        0x0
 .glue_7        0x0800b6e8        0x0 linker stubs

.glue_7t        0x0800b6e8        0x0
 .glue_7t       0x0800b6e8        0x0 linker stubs

.vfp11_veneer   0x0800b6e8        0x0
 .vfp11_veneer  0x0800b6e8        0x0 linker stubs

.v4_bx          0x0800b6e8        0x0
 .v4_bx         0x0800b6e8        0x0 linker stubs

.iplt           0x0800b6e8        0x0
 .iplt          0x0800b6e8        0x0 ..\obj\socket.o

.ARM.extab
 *(.ARM.extab* .gnu.linkonce.armextab.*)
                0x0800b6e8                __exidx_start = .

.ARM.exidx      0x0800b6e8        0x8
 *(.ARM.exidx* .gnu.linkonce.armexidx.*)
 .ARM.exidx     0x0800b6e8        0x8 c:/program files (x86)/gnu tools arm embedded/5.4 2016q3/bin/../lib/gcc/arm-none-eabi/6.3.1/thumb/v7-m\libgcc.a(_udivmoddi4.o)
                0x0800b6f0                __exidx_end = .
                0x0800b6f0                __etext = .
                0x0800b6f0                _sidata = __etext

.rel.dyn        0x0800b6f0        0x0
 .rel.iplt      0x0800b6f0        0x0 ..\obj\socket.o

.data           0x20000000      0xa14 load address 0x0800b6f0
                0x20000000                __data_start__ = .
                0x20000000                _sdata = __data_start__
 *(vtable)
 *(.data*)
 .data          0x20000000        0x2 ..\obj\socket.o
 *fill*         0x20000002        0x2 
 .data          0x20000004       0x18 ..\obj\main.o
                0x20000004                WIZ_MAC
                0x2000000a                dest_Port
                0x2000000c                dest_GUA
 .data          0x2000001c       0x28 ..\obj\wizchip_conf.o
                0x2000001c                WIZCHIP
 .data          0x20000044       0x14 ..\obj\stm32f10x_rcc.o
 .data          0x20000058        0x2 ..\obj\loopback.o
 *fill*         0x2000005a        0x2 
 .data          0x2000005c       0x10 ..\obj\dhcpv6.o
                0x2000005c                dhcp_tick_next
                0x20000060                HOST_NAME
                0x20000068                a
 .data.__malloc_av_
                0x2000006c      0x408 c:/program files (x86)/gnu tools arm embedded/5.4 2016q3/bin/../lib/gcc/arm-none-eabi/6.3.1/../../../../arm-none-eabi/lib/thumb/v7-m\libg.a(lib_a-mallocr.o)
                0x2000006c                __malloc_av_
 .data.__malloc_sbrk_base
                0x20000474        0x4 c:/program files (x86)/gnu tools arm embedded/5.4 2016q3/bin/../lib/gcc/arm-none-eabi/6.3.1/../../../../arm-none-eabi/lib/thumb/v7-m\libg.a(lib_a-mallocr.o)
                0x20000474                __malloc_sbrk_base
 .data.__malloc_trim_threshold
                0x20000478        0x4 c:/program files (x86)/gnu tools arm embedded/5.4 2016q3/bin/../lib/gcc/arm-none-eabi/6.3.1/../../../../arm-none-eabi/lib/thumb/v7-m\libg.a(lib_a-mallocr.o)
                0x20000478                __malloc_trim_threshold
 .data._impure_ptr
                0x2000047c        0x4 c:/program files (x86)/gnu tools arm embedded/5.4 2016q3/bin/../lib/gcc/arm-none-eabi/6.3.1/../../../../arm-none-eabi/lib/thumb/v7-m\libg.a(lib_a-impure.o)
                0x2000047c                _impure_ptr
 .data.impure_data
                0x20000480      0x428 c:/program files (x86)/gnu tools arm embedded/5.4 2016q3/bin/../lib/gcc/arm-none-eabi/6.3.1/../../../../arm-none-eabi/lib/thumb/v7-m\libg.a(lib_a-impure.o)
 .data.__global_locale
                0x200008a8      0x16c c:/program files (x86)/gnu tools arm embedded/5.4 2016q3/bin/../lib/gcc/arm-none-eabi/6.3.1/../../../../arm-none-eabi/lib/thumb/v7-m\libg.a(lib_a-locale.o)
                0x200008a8                __global_locale
                0x20000a14                . = ALIGN (0x4)
                [!provide]                PROVIDE (__preinit_array_start, .)
 *(.preinit_array)
                [!provide]                PROVIDE (__preinit_array_end, .)
                0x20000a14                . = ALIGN (0x4)
                [!provide]                PROVIDE (__init_array_start, .)
 *(SORT(.init_array.*))
 *(.init_array)
                [!provide]                PROVIDE (__init_array_end, .)
                0x20000a14                . = ALIGN (0x4)
                [!provide]                PROVIDE (__fini_array_start, .)
 *(SORT(.fini_array.*))
 *(.fini_array)
                [!provide]                PROVIDE (__fini_array_end, .)
 *(.jcr*)
                0x20000a14                . = ALIGN (0x4)
                0x20000a14                __data_end__ = .
                0x20000a14                _edata = __data_end__

.igot.plt       0x20000a14        0x0 load address 0x0800c104
 .igot.plt      0x20000a14        0x0 ..\obj\socket.o

.bss            0x20000a14      0x990 load address 0x0800c104
                0x20000a14                . = ALIGN (0x4)
                0x20000a14                __bss_start__ = .
                0x20000a14                _sbss = __bss_start__
 *(.bss*)
 .bss           0x20000a14       0x20 ..\obj\socket.o
 .bss           0x20000a34      0x800 ..\obj\main.o
 .bss           0x20001234       0x12 ..\obj\loopback.o
 *fill*         0x20001246        0x2 
 .bss           0x20001248       0x74 ..\obj\dhcpv6.o
                0x20001248                num2
                0x2000124c                DNS6_Address
                0x2000125c                dhcp_state
                0x20001260                DHCP_allocated_ip
                0x20001270                dhcp_retry_count
                0x20001274                dhcp_tick_1s
                0x20001278                status_msg
                0x2000127c                DHCP_allocated_dns
                0x2000128c                DHCP_allocated_sn
                0x2000129c                DHCP_allocated_gw
                0x200012ac                OLD_allocated_ip
 .bss           0x200012bc        0x4 ..\obj\syscalls.o
 .bss           0x200012c0        0x4 ..\obj\HALInit.o
                0x200012c0                globalTimer
 .bss.__malloc_current_mallinfo
                0x200012c4       0x28 c:/program files (x86)/gnu tools arm embedded/5.4 2016q3/bin/../lib/gcc/arm-none-eabi/6.3.1/../../../../arm-none-eabi/lib/thumb/v7-m\libg.a(lib_a-mallocr.o)
                0x200012c4                __malloc_current_mallinfo
 .bss.__malloc_max_sbrked_mem
                0x200012ec        0x4 c:/program files (x86)/gnu tools arm embedded/5.4 2016q3/bin/../lib/gcc/arm-none-eabi/6.3.1/../../../../arm-none-eabi/lib/thumb/v7-m\libg.a(lib_a-mallocr.o)
                0x200012ec                __malloc_max_sbrked_mem
 .bss.__malloc_max_total_mem
                0x200012f0        0x4 c:/program files (x86)/gnu tools arm embedded/5.4 2016q3/bin/../lib/gcc/arm-none-eabi/6.3.1/../../../../arm-none-eabi/lib/thumb/v7-m\libg.a(lib_a-mallocr.o)
                0x200012f0                __malloc_max_total_mem
 .bss.__malloc_top_pad
                0x200012f4        0x4 c:/program files (x86)/gnu tools arm embedded/5.4 2016q3/bin/../lib/gcc/arm-none-eabi/6.3.1/../../../../arm-none-eabi/lib/thumb/v7-m\libg.a(lib_a-mallocr.o)
                0x200012f4                __malloc_top_pad
 *(COMMON)
 COMMON         0x200012f8        0x1 ..\obj\main.o
                0x200012f8                MO_flag
 *fill*         0x200012f9        0x3 
 COMMON         0x200012fc       0x7d ..\obj\dhcpv6.o
                0x200012fc                T2
                0x20001300                Hardware_type_s
                0x20001304                DHCP_CHADDR
                0x2000130a                iana_len
                0x2000130c                ValidLifeTime
                0x20001310                iaaddr_len
                0x20001314                Enterprise_num_s
                0x20001318                recv_IP
                0x20001328                growby
                0x2000132c                clientid_len
                0x20001330                Server_MAC
                0x20001338                DHCP_XID
                0x2000133c                PreLifeTime
                0x20001340                DHCP_SIP
                0x20001350                Lstatuscode_len
                0x20001354                num
                0x20001358                DUID_type_s
                0x2000135c                T1
                0x20001360                size
                0x20001364                pDHCPMSG
                0x20001368                serverid_len
                0x2000136a                statuscode_len
                0x2000136c                code
                0x20001370                Time_s
                0x20001374                IAID
                0x20001378                DHCP_SOCKET
 *fill*         0x20001379        0x3 
 COMMON         0x2000137c       0x21 c:/program files (x86)/gnu tools arm embedded/5.4 2016q3/bin/../lib/gcc/arm-none-eabi/6.3.1/../../../../arm-none-eabi/lib/thumb/v7-m\libg.a(lib_a-lock.o)
                0x2000137c                __lock___atexit_recursive_mutex
                0x20001380                __lock___arc4random_mutex
                0x20001384                __lock___env_recursive_mutex
                0x20001388                __lock___sinit_recursive_mutex
                0x2000138c                __lock___malloc_recursive_mutex
                0x20001390                __lock___at_quick_exit_mutex
                0x20001394                __lock___dd_hash_mutex
                0x20001398                __lock___tz_mutex
                0x2000139c                __lock___sfp_recursive_mutex
 *fill*         0x2000139d        0x3 
 COMMON         0x200013a0        0x4 c:/program files (x86)/gnu tools arm embedded/5.4 2016q3/bin/../lib/gcc/arm-none-eabi/6.3.1/../../../../arm-none-eabi/lib/thumb/v7-m\libg.a(lib_a-reent.o)
                0x200013a0                errno
                0x200013a4                . = ALIGN (0x4)
                0x200013a4                __bss_end__ = .
                0x200013a4                _ebss = __bss_end__

.heap           0x200013a4        0x0
                0x200013a4                __end__ = .
                0x200013a4                _end = __end__
                0x200013a4                end = __end__
 *(.heap*)
                0x200013a4                __HeapLimit = .

.co_stack       0x200013a4     0x1004 load address 0x0800ca94
                0x200013a8                . = ALIGN (0x8)
 *fill*         0x200013a4        0x4 
 *(.co_stack .co_stack.*)
 .co_stack      0x200013a8     0x1000 ..\obj\startup_stm32f10x_hd.o
                0x200013a8                pulStack
                0x2000c000                __StackTop = (ORIGIN (ram) + LENGTH (ram))
                0x2000affc                __StackLimit = (__StackTop - SIZEOF (.co_stack))
                [!provide]                PROVIDE (__stack, __StackTop)
                0x00000001                ASSERT ((__StackLimit >= __HeapLimit), region ram  overflowed with stack)
LOAD ..\obj\socket.o
LOAD ..\obj\stm32f10x_rtc.o
LOAD ..\obj\stm32f10x_tim.o
LOAD ..\obj\system_stm32f10x.o
LOAD ..\obj\AddressAutoConfig.o
LOAD ..\obj\startup_stm32f10x_hd.o
LOAD ..\obj\stm32f10x_fsmc.o
LOAD ..\obj\stm32f10x_pwr.o
LOAD ..\obj\stm32f10x_gpio.o
LOAD ..\obj\main.o
LOAD ..\obj\w6100.o
LOAD ..\obj\wizchip_conf.o
LOAD ..\obj\stm32f10x_rcc.o
LOAD ..\obj\loopback.o
LOAD ..\obj\stm32f10x_exti.o
LOAD ..\obj\stm32f10x_usart.o
LOAD ..\obj\dhcpv6.o
LOAD ..\obj\syscalls.o
LOAD ..\obj\stm32f10x_flash.o
LOAD ..\obj\stm32f10x_dma.o
LOAD ..\obj\W6100RelFunctions.o
LOAD ..\obj\misc.o
LOAD ..\obj\stm32f10x_wwdg.o
LOAD ..\obj\stm32f10x_spi.o
LOAD ..\obj\HALInit.o
LOAD ..\obj\usart.o
LOAD ..\obj\stm32f10x_iwdg.o
START GROUP
LOAD c:/program files (x86)/gnu tools arm embedded/5.4 2016q3/bin/../lib/gcc/arm-none-eabi/6.3.1/thumb/v7-m\libgcc.a
LOAD c:/program files (x86)/gnu tools arm embedded/5.4 2016q3/bin/../lib/gcc/arm-none-eabi/6.3.1/../../../../arm-none-eabi/lib/thumb/v7-m\libg.a
LOAD c:/program files (x86)/gnu tools arm embedded/5.4 2016q3/bin/../lib/gcc/arm-none-eabi/6.3.1/../../../../arm-none-eabi/lib/thumb/v7-m\libc.a
END GROUP
OUTPUT(w6100_evb_stm32f103vc.elf elf32-littlearm)

.debug_info     0x00000000    0x16351
 .debug_info    0x00000000     0x1df7 ..\obj\socket.o
 .debug_info    0x00001df7     0x23bc ..\obj\stm32f10x_tim.o
 .debug_info    0x000041b3      0x4c7 ..\obj\system_stm32f10x.o
 .debug_info    0x0000467a     0x1c82 ..\obj\AddressAutoConfig.o
 .debug_info    0x000062fc      0x132 ..\obj\startup_stm32f10x_hd.o
 .debug_info    0x0000642e      0x910 ..\obj\stm32f10x_fsmc.o
 .debug_info    0x00006d3e      0x896 ..\obj\stm32f10x_gpio.o
 .debug_info    0x000075d4     0x1717 ..\obj\main.o
 .debug_info    0x00008ceb      0x7ea ..\obj\w6100.o
 .debug_info    0x000094d5     0x2544 ..\obj\wizchip_conf.o
 .debug_info    0x0000ba19      0x947 ..\obj\stm32f10x_rcc.o
 .debug_info    0x0000c360     0x1568 ..\obj\loopback.o
 .debug_info    0x0000d8c8      0xb31 ..\obj\stm32f10x_usart.o
 .debug_info    0x0000e3f9     0x37ae ..\obj\dhcpv6.o
 .debug_info    0x00011ba7      0xe64 ..\obj\syscalls.o
 .debug_info    0x00012a0b      0xd75 ..\obj\W6100RelFunctions.o
 .debug_info    0x00013780      0x54d ..\obj\misc.o
 .debug_info    0x00013ccd     0x1a4c ..\obj\HALInit.o
 .debug_info    0x00015719      0xc38 ..\obj\usart.o

.debug_abbrev   0x00000000     0x315c
 .debug_abbrev  0x00000000      0x315 ..\obj\socket.o
 .debug_abbrev  0x00000315      0x2d5 ..\obj\stm32f10x_tim.o
 .debug_abbrev  0x000005ea      0x18a ..\obj\system_stm32f10x.o
 .debug_abbrev  0x00000774      0x360 ..\obj\AddressAutoConfig.o
 .debug_abbrev  0x00000ad4       0xf6 ..\obj\startup_stm32f10x_hd.o
 .debug_abbrev  0x00000bca      0x1aa ..\obj\stm32f10x_fsmc.o
 .debug_abbrev  0x00000d74      0x211 ..\obj\stm32f10x_gpio.o
 .debug_abbrev  0x00000f85      0x311 ..\obj\main.o
 .debug_abbrev  0x00001296      0x208 ..\obj\w6100.o
 .debug_abbrev  0x0000149e      0x3e9 ..\obj\wizchip_conf.o
 .debug_abbrev  0x00001887      0x27d ..\obj\stm32f10x_rcc.o
 .debug_abbrev  0x00001b04      0x336 ..\obj\loopback.o
 .debug_abbrev  0x00001e3a      0x1f5 ..\obj\stm32f10x_usart.o
 .debug_abbrev  0x0000202f      0x479 ..\obj\dhcpv6.o
 .debug_abbrev  0x000024a8      0x28c ..\obj\syscalls.o
 .debug_abbrev  0x00002734      0x2ff ..\obj\W6100RelFunctions.o
 .debug_abbrev  0x00002a33      0x17f ..\obj\misc.o
 .debug_abbrev  0x00002bb2      0x312 ..\obj\HALInit.o
 .debug_abbrev  0x00002ec4      0x298 ..\obj\usart.o

.debug_loc      0x00000000     0x8b66
 .debug_loc     0x00000000     0x1414 ..\obj\socket.o
 .debug_loc     0x00001414     0x1d6b ..\obj\stm32f10x_tim.o
 .debug_loc     0x0000317f       0xdf ..\obj\system_stm32f10x.o
 .debug_loc     0x0000325e      0x5c1 ..\obj\AddressAutoConfig.o
 .debug_loc     0x0000381f       0x2b ..\obj\startup_stm32f10x_hd.o
 .debug_loc     0x0000384a      0x48a ..\obj\stm32f10x_fsmc.o
 .debug_loc     0x00003cd4      0x597 ..\obj\stm32f10x_gpio.o
 .debug_loc     0x0000426b      0x159 ..\obj\main.o
 .debug_loc     0x000043c4      0x4ca ..\obj\w6100.o
 .debug_loc     0x0000488e     0x13bc ..\obj\wizchip_conf.o
 .debug_loc     0x00005c4a      0x728 ..\obj\stm32f10x_rcc.o
 .debug_loc     0x00006372      0x483 ..\obj\loopback.o
 .debug_loc     0x000067f5      0x811 ..\obj\stm32f10x_usart.o
 .debug_loc     0x00007006     0x17a3 ..\obj\dhcpv6.o
 .debug_loc     0x000087a9      0x192 ..\obj\syscalls.o
 .debug_loc     0x0000893b       0x49 ..\obj\W6100RelFunctions.o
 .debug_loc     0x00008984      0x147 ..\obj\misc.o
 .debug_loc     0x00008acb       0x9b ..\obj\usart.o

.debug_aranges  0x00000000      0xbd8
 .debug_aranges
                0x00000000       0x78 ..\obj\socket.o
 .debug_aranges
                0x00000078      0x2d0 ..\obj\stm32f10x_tim.o
 .debug_aranges
                0x00000348       0x28 ..\obj\system_stm32f10x.o
 .debug_aranges
                0x00000370       0x40 ..\obj\AddressAutoConfig.o
 .debug_aranges
                0x000003b0       0x28 ..\obj\startup_stm32f10x_hd.o
 .debug_aranges
                0x000003d8       0xb0 ..\obj\stm32f10x_fsmc.o
 .debug_aranges
                0x00000488       0xa8 ..\obj\stm32f10x_gpio.o
 .debug_aranges
                0x00000530       0x40 ..\obj\main.o
 .debug_aranges
                0x00000570       0x60 ..\obj\w6100.o
 .debug_aranges
                0x000005d0      0x138 ..\obj\wizchip_conf.o
 .debug_aranges
                0x00000708      0x118 ..\obj\stm32f10x_rcc.o
 .debug_aranges
                0x00000820       0x30 ..\obj\loopback.o
 .debug_aranges
                0x00000850      0x100 ..\obj\stm32f10x_usart.o
 .debug_aranges
                0x00000950       0xb0 ..\obj\dhcpv6.o
 .debug_aranges
                0x00000a00       0x60 ..\obj\syscalls.o
 .debug_aranges
                0x00000a60       0x68 ..\obj\W6100RelFunctions.o
 .debug_aranges
                0x00000ac8       0x40 ..\obj\misc.o
 .debug_aranges
                0x00000b08       0x90 ..\obj\HALInit.o
 .debug_aranges
                0x00000b98       0x40 ..\obj\usart.o

.debug_ranges   0x00000000      0xe18
 .debug_ranges  0x00000000       0xd0 ..\obj\socket.o
 .debug_ranges  0x000000d0      0x3e0 ..\obj\stm32f10x_tim.o
 .debug_ranges  0x000004b0       0x40 ..\obj\system_stm32f10x.o
 .debug_ranges  0x000004f0       0x50 ..\obj\AddressAutoConfig.o
 .debug_ranges  0x00000540       0x18 ..\obj\startup_stm32f10x_hd.o
 .debug_ranges  0x00000558       0xa0 ..\obj\stm32f10x_fsmc.o
 .debug_ranges  0x000005f8       0x98 ..\obj\stm32f10x_gpio.o
 .debug_ranges  0x00000690       0x48 ..\obj\main.o
 .debug_ranges  0x000006d8       0x50 ..\obj\w6100.o
 .debug_ranges  0x00000728      0x140 ..\obj\wizchip_conf.o
 .debug_ranges  0x00000868      0x128 ..\obj\stm32f10x_rcc.o
 .debug_ranges  0x00000990       0x20 ..\obj\loopback.o
 .debug_ranges  0x000009b0       0xf0 ..\obj\stm32f10x_usart.o
 .debug_ranges  0x00000aa0      0x1f0 ..\obj\dhcpv6.o
 .debug_ranges  0x00000c90       0x50 ..\obj\syscalls.o
 .debug_ranges  0x00000ce0       0x58 ..\obj\W6100RelFunctions.o
 .debug_ranges  0x00000d38       0x30 ..\obj\misc.o
 .debug_ranges  0x00000d68       0x80 ..\obj\HALInit.o
 .debug_ranges  0x00000de8       0x30 ..\obj\usart.o

.debug_line     0x00000000     0x655b
 .debug_line    0x00000000      0x6cf ..\obj\socket.o
 .debug_line    0x000006cf      0xda1 ..\obj\stm32f10x_tim.o
 .debug_line    0x00001470      0x26d ..\obj\system_stm32f10x.o
 .debug_line    0x000016dd      0x5ab ..\obj\AddressAutoConfig.o
 .debug_line    0x00001c88       0xc4 ..\obj\startup_stm32f10x_hd.o
 .debug_line    0x00001d4c      0x564 ..\obj\stm32f10x_fsmc.o
 .debug_line    0x000022b0      0x4ae ..\obj\stm32f10x_gpio.o
 .debug_line    0x0000275e      0x601 ..\obj\main.o
 .debug_line    0x00002d5f      0x2b5 ..\obj\w6100.o
 .debug_line    0x00003014      0x7be ..\obj\wizchip_conf.o
 .debug_line    0x000037d2      0x595 ..\obj\stm32f10x_rcc.o
 .debug_line    0x00003d67      0x435 ..\obj\loopback.o
 .debug_line    0x0000419c      0x59c ..\obj\stm32f10x_usart.o
 .debug_line    0x00004738      0x8b8 ..\obj\dhcpv6.o
 .debug_line    0x00004ff0      0x44e ..\obj\syscalls.o
 .debug_line    0x0000543e      0x44e ..\obj\W6100RelFunctions.o
 .debug_line    0x0000588c      0x312 ..\obj\misc.o
 .debug_line    0x00005b9e      0x5b8 ..\obj\HALInit.o
 .debug_line    0x00006156      0x405 ..\obj\usart.o

.debug_str      0x00000000     0x4a45
 .debug_str     0x00000000      0x963 ..\obj\socket.o
                                0xa5c (size before relaxing)
 .debug_str     0x00000963      0xc7c ..\obj\stm32f10x_tim.o
                                0xe48 (size before relaxing)
 .debug_str     0x000015df      0x188 ..\obj\system_stm32f10x.o
                                0x322 (size before relaxing)
 .debug_str     0x00001767      0x285 ..\obj\AddressAutoConfig.o
                                0x9c1 (size before relaxing)
 .debug_str     0x000019ec       0xf2 ..\obj\startup_stm32f10x_hd.o
                                0x194 (size before relaxing)
 .debug_str     0x00001ade      0x5ef ..\obj\stm32f10x_fsmc.o
                                0x7b7 (size before relaxing)
 .debug_str     0x000020cd      0x3a3 ..\obj\stm32f10x_gpio.o
                                0x56d (size before relaxing)
 .debug_str     0x00002470      0x1a4 ..\obj\main.o
                                0x9ae (size before relaxing)
 .debug_str     0x00002614       0x8f ..\obj\w6100.o
                                0x34d (size before relaxing)
 .debug_str     0x000026a3      0x9c0 ..\obj\wizchip_conf.o
                                0xcef (size before relaxing)
 .debug_str     0x00003063      0x3df ..\obj\stm32f10x_rcc.o
                                0x657 (size before relaxing)
 .debug_str     0x00003442       0xa6 ..\obj\loopback.o
                                0x9b1 (size before relaxing)
 .debug_str     0x000034e8      0x454 ..\obj\stm32f10x_usart.o
                                0x70d (size before relaxing)
 .debug_str     0x0000393c      0x501 ..\obj\dhcpv6.o
                                0xd18 (size before relaxing)
 .debug_str     0x00003e3d      0x1ac ..\obj\syscalls.o
                                0x867 (size before relaxing)
 .debug_str     0x00003fe9      0x527 ..\obj\W6100RelFunctions.o
                                0xbb5 (size before relaxing)
 .debug_str     0x00004510      0x1be ..\obj\misc.o
                                0x3fb (size before relaxing)
 .debug_str     0x000046ce      0x2e2 ..\obj\HALInit.o
                               0x13a2 (size before relaxing)
 .debug_str     0x000049b0       0x95 ..\obj\usart.o
                                0x7b6 (size before relaxing)

.comment        0x00000000       0x7f
 .comment       0x00000000       0x7f ..\obj\socket.o
                                 0x80 (size before relaxing)
 .comment       0x0000007f       0x80 ..\obj\stm32f10x_tim.o
 .comment       0x0000007f       0x80 ..\obj\system_stm32f10x.o
 .comment       0x0000007f       0x80 ..\obj\AddressAutoConfig.o
 .comment       0x0000007f       0x80 ..\obj\startup_stm32f10x_hd.o
 .comment       0x0000007f       0x80 ..\obj\stm32f10x_fsmc.o
 .comment       0x0000007f       0x80 ..\obj\stm32f10x_gpio.o
 .comment       0x0000007f       0x80 ..\obj\main.o
 .comment       0x0000007f       0x80 ..\obj\w6100.o
 .comment       0x0000007f       0x80 ..\obj\wizchip_conf.o
 .comment       0x0000007f       0x80 ..\obj\stm32f10x_rcc.o
 .comment       0x0000007f       0x80 ..\obj\loopback.o
 .comment       0x0000007f       0x80 ..\obj\stm32f10x_usart.o
 .comment       0x0000007f       0x80 ..\obj\dhcpv6.o
 .comment       0x0000007f       0x80 ..\obj\syscalls.o
 .comment       0x0000007f       0x80 ..\obj\W6100RelFunctions.o
 .comment       0x0000007f       0x80 ..\obj\misc.o
 .comment       0x0000007f       0x80 ..\obj\HALInit.o
 .comment       0x0000007f       0x80 ..\obj\usart.o

.ARM.attributes
                0x00000000       0x31
 .ARM.attributes
                0x00000000       0x33 ..\obj\socket.o
 .ARM.attributes
                0x00000033       0x33 ..\obj\stm32f10x_tim.o
 .ARM.attributes
                0x00000066       0x33 ..\obj\system_stm32f10x.o
 .ARM.attributes
                0x00000099       0x33 ..\obj\AddressAutoConfig.o
 .ARM.attributes
                0x000000cc       0x33 ..\obj\startup_stm32f10x_hd.o
 .ARM.attributes
                0x000000ff       0x33 ..\obj\stm32f10x_fsmc.o
 .ARM.attributes
                0x00000132       0x33 ..\obj\stm32f10x_gpio.o
 .ARM.attributes
                0x00000165       0x33 ..\obj\main.o
 .ARM.attributes
                0x00000198       0x33 ..\obj\w6100.o
 .ARM.attributes
                0x000001cb       0x33 ..\obj\wizchip_conf.o
 .ARM.attributes
                0x000001fe       0x33 ..\obj\stm32f10x_rcc.o
 .ARM.attributes
                0x00000231       0x33 ..\obj\loopback.o
 .ARM.attributes
                0x00000264       0x33 ..\obj\stm32f10x_usart.o
 .ARM.attributes
                0x00000297       0x33 ..\obj\dhcpv6.o
 .ARM.attributes
                0x000002ca       0x33 ..\obj\syscalls.o
 .ARM.attributes
                0x000002fd       0x33 ..\obj\W6100RelFunctions.o
 .ARM.attributes
                0x00000330       0x33 ..\obj\misc.o
 .ARM.attributes
                0x00000363       0x33 ..\obj\HALInit.o
 .ARM.attributes
                0x00000396       0x33 ..\obj\usart.o
 .ARM.attributes
                0x000003c9       0x2d c:/program files (x86)/gnu tools arm embedded/5.4 2016q3/bin/../lib/gcc/arm-none-eabi/6.3.1/../../../../arm-none-eabi/lib/thumb/v7-m\libg.a(lib_a-malloc.o)
 .ARM.attributes
                0x000003f6       0x2d c:/program files (x86)/gnu tools arm embedded/5.4 2016q3/bin/../lib/gcc/arm-none-eabi/6.3.1/../../../../arm-none-eabi/lib/thumb/v7-m\libg.a(lib_a-mallocr.o)
 .ARM.attributes
                0x00000423       0x2d c:/program files (x86)/gnu tools arm embedded/5.4 2016q3/bin/../lib/gcc/arm-none-eabi/6.3.1/../../../../arm-none-eabi/lib/thumb/v7-m\libg.a(lib_a-memmove.o)
 .ARM.attributes
                0x00000450       0x2d c:/program files (x86)/gnu tools arm embedded/5.4 2016q3/bin/../lib/gcc/arm-none-eabi/6.3.1/../../../../arm-none-eabi/lib/thumb/v7-m\libg.a(lib_a-mlock.o)
 .ARM.attributes
                0x0000047d       0x2d c:/program files (x86)/gnu tools arm embedded/5.4 2016q3/bin/../lib/gcc/arm-none-eabi/6.3.1/../../../../arm-none-eabi/lib/thumb/v7-m\libg.a(lib_a-printf.o)
 .ARM.attributes
                0x000004aa       0x2d c:/program files (x86)/gnu tools arm embedded/5.4 2016q3/bin/../lib/gcc/arm-none-eabi/6.3.1/../../../../arm-none-eabi/lib/thumb/v7-m\libg.a(lib_a-putchar.o)
 .ARM.attributes
                0x000004d7       0x2d c:/program files (x86)/gnu tools arm embedded/5.4 2016q3/bin/../lib/gcc/arm-none-eabi/6.3.1/../../../../arm-none-eabi/lib/thumb/v7-m\libg.a(lib_a-puts.o)
 .ARM.attributes
                0x00000504       0x2d c:/program files (x86)/gnu tools arm embedded/5.4 2016q3/bin/../lib/gcc/arm-none-eabi/6.3.1/../../../../arm-none-eabi/lib/thumb/v7-m\libg.a(lib_a-realloc.o)
 .ARM.attributes
                0x00000531       0x2d c:/program files (x86)/gnu tools arm embedded/5.4 2016q3/bin/../lib/gcc/arm-none-eabi/6.3.1/../../../../arm-none-eabi/lib/thumb/v7-m\libg.a(lib_a-reallocr.o)
 .ARM.attributes
                0x0000055e       0x2d c:/program files (x86)/gnu tools arm embedded/5.4 2016q3/bin/../lib/gcc/arm-none-eabi/6.3.1/../../../../arm-none-eabi/lib/thumb/v7-m\libg.a(lib_a-sbrkr.o)
 .ARM.attributes
                0x0000058b       0x2d c:/program files (x86)/gnu tools arm embedded/5.4 2016q3/bin/../lib/gcc/arm-none-eabi/6.3.1/../../../../arm-none-eabi/lib/thumb/v7-m\libg.a(lib_a-strlen-stub.o)
 .ARM.attributes
                0x000005b8       0x2d c:/program files (x86)/gnu tools arm embedded/5.4 2016q3/bin/../lib/gcc/arm-none-eabi/6.3.1/../../../../arm-none-eabi/lib/thumb/v7-m\libg.a(lib_a-vfprintf.o)
 .ARM.attributes
                0x000005e5       0x2d c:/program files (x86)/gnu tools arm embedded/5.4 2016q3/bin/../lib/gcc/arm-none-eabi/6.3.1/../../../../arm-none-eabi/lib/thumb/v7-m\libg.a(lib_a-wsetup.o)
 .ARM.attributes
                0x00000612       0x2d c:/program files (x86)/gnu tools arm embedded/5.4 2016q3/bin/../lib/gcc/arm-none-eabi/6.3.1/../../../../arm-none-eabi/lib/thumb/v7-m\libg.a(lib_a-dtoa.o)
 .ARM.attributes
                0x0000063f       0x2d c:/program files (x86)/gnu tools arm embedded/5.4 2016q3/bin/../lib/gcc/arm-none-eabi/6.3.1/../../../../arm-none-eabi/lib/thumb/v7-m\libg.a(lib_a-fflush.o)
 .ARM.attributes
                0x0000066c       0x2d c:/program files (x86)/gnu tools arm embedded/5.4 2016q3/bin/../lib/gcc/arm-none-eabi/6.3.1/../../../../arm-none-eabi/lib/thumb/v7-m\libg.a(lib_a-findfp.o)
 .ARM.attributes
                0x00000699       0x2d c:/program files (x86)/gnu tools arm embedded/5.4 2016q3/bin/../lib/gcc/arm-none-eabi/6.3.1/../../../../arm-none-eabi/lib/thumb/v7-m\libg.a(lib_a-freer.o)
 .ARM.attributes
                0x000006c6       0x2d c:/program files (x86)/gnu tools arm embedded/5.4 2016q3/bin/../lib/gcc/arm-none-eabi/6.3.1/../../../../arm-none-eabi/lib/thumb/v7-m\libg.a(lib_a-fvwrite.o)
 .ARM.attributes
                0x000006f3       0x2d c:/program files (x86)/gnu tools arm embedded/5.4 2016q3/bin/../lib/gcc/arm-none-eabi/6.3.1/../../../../arm-none-eabi/lib/thumb/v7-m\libg.a(lib_a-fwalk.o)
 .ARM.attributes
                0x00000720       0x2d c:/program files (x86)/gnu tools arm embedded/5.4 2016q3/bin/../lib/gcc/arm-none-eabi/6.3.1/../../../../arm-none-eabi/lib/thumb/v7-m\libg.a(lib_a-impure.o)
 .ARM.attributes
                0x0000074d       0x2d c:/program files (x86)/gnu tools arm embedded/5.4 2016q3/bin/../lib/gcc/arm-none-eabi/6.3.1/../../../../arm-none-eabi/lib/thumb/v7-m\libg.a(lib_a-localeconv.o)
 .ARM.attributes
                0x0000077a       0x2d c:/program files (x86)/gnu tools arm embedded/5.4 2016q3/bin/../lib/gcc/arm-none-eabi/6.3.1/../../../../arm-none-eabi/lib/thumb/v7-m\libg.a(lib_a-lock.o)
 .ARM.attributes
                0x000007a7       0x2d c:/program files (x86)/gnu tools arm embedded/5.4 2016q3/bin/../lib/gcc/arm-none-eabi/6.3.1/../../../../arm-none-eabi/lib/thumb/v7-m\libg.a(lib_a-makebuf.o)
 .ARM.attributes
                0x000007d4       0x2d c:/program files (x86)/gnu tools arm embedded/5.4 2016q3/bin/../lib/gcc/arm-none-eabi/6.3.1/../../../../arm-none-eabi/lib/thumb/v7-m\libg.a(lib_a-memchr-stub.o)
 .ARM.attributes
                0x00000801       0x1b c:/program files (x86)/gnu tools arm embedded/5.4 2016q3/bin/../lib/gcc/arm-none-eabi/6.3.1/../../../../arm-none-eabi/lib/thumb/v7-m\libg.a(lib_a-memcpy.o)
 .ARM.attributes
                0x0000081c       0x2d c:/program files (x86)/gnu tools arm embedded/5.4 2016q3/bin/../lib/gcc/arm-none-eabi/6.3.1/../../../../arm-none-eabi/lib/thumb/v7-m\libg.a(lib_a-memset.o)
 .ARM.attributes
                0x00000849       0x2d c:/program files (x86)/gnu tools arm embedded/5.4 2016q3/bin/../lib/gcc/arm-none-eabi/6.3.1/../../../../arm-none-eabi/lib/thumb/v7-m\libg.a(lib_a-mprec.o)
 .ARM.attributes
                0x00000876       0x2d c:/program files (x86)/gnu tools arm embedded/5.4 2016q3/bin/../lib/gcc/arm-none-eabi/6.3.1/../../../../arm-none-eabi/lib/thumb/v7-m\libg.a(lib_a-putc.o)
 .ARM.attributes
                0x000008a3       0x2d c:/program files (x86)/gnu tools arm embedded/5.4 2016q3/bin/../lib/gcc/arm-none-eabi/6.3.1/../../../../arm-none-eabi/lib/thumb/v7-m\libg.a(lib_a-reent.o)
 .ARM.attributes
                0x000008d0       0x2d c:/program files (x86)/gnu tools arm embedded/5.4 2016q3/bin/../lib/gcc/arm-none-eabi/6.3.1/../../../../arm-none-eabi/lib/thumb/v7-m\libg.a(lib_a-stdio.o)
 .ARM.attributes
                0x000008fd       0x2d c:/program files (x86)/gnu tools arm embedded/5.4 2016q3/bin/../lib/gcc/arm-none-eabi/6.3.1/../../../../arm-none-eabi/lib/thumb/v7-m\libg.a(lib_a-vfiprintf.o)
 .ARM.attributes
                0x0000092a       0x2d c:/program files (x86)/gnu tools arm embedded/5.4 2016q3/bin/../lib/gcc/arm-none-eabi/6.3.1/../../../../arm-none-eabi/lib/thumb/v7-m\libg.a(lib_a-wbuf.o)
 .ARM.attributes
                0x00000957       0x2d c:/program files (x86)/gnu tools arm embedded/5.4 2016q3/bin/../lib/gcc/arm-none-eabi/6.3.1/../../../../arm-none-eabi/lib/thumb/v7-m\libg.a(lib_a-writer.o)
 .ARM.attributes
                0x00000984       0x2d c:/program files (x86)/gnu tools arm embedded/5.4 2016q3/bin/../lib/gcc/arm-none-eabi/6.3.1/../../../../arm-none-eabi/lib/thumb/v7-m\libg.a(lib_a-callocr.o)
 .ARM.attributes
                0x000009b1       0x2d c:/program files (x86)/gnu tools arm embedded/5.4 2016q3/bin/../lib/gcc/arm-none-eabi/6.3.1/../../../../arm-none-eabi/lib/thumb/v7-m\libg.a(lib_a-closer.o)
 .ARM.attributes
                0x000009de       0x2d c:/program files (x86)/gnu tools arm embedded/5.4 2016q3/bin/../lib/gcc/arm-none-eabi/6.3.1/../../../../arm-none-eabi/lib/thumb/v7-m\libg.a(lib_a-fclose.o)
 .ARM.attributes
                0x00000a0b       0x2d c:/program files (x86)/gnu tools arm embedded/5.4 2016q3/bin/../lib/gcc/arm-none-eabi/6.3.1/../../../../arm-none-eabi/lib/thumb/v7-m\libg.a(lib_a-fputwc.o)
 .ARM.attributes
                0x00000a38       0x2d c:/program files (x86)/gnu tools arm embedded/5.4 2016q3/bin/../lib/gcc/arm-none-eabi/6.3.1/../../../../arm-none-eabi/lib/thumb/v7-m\libg.a(lib_a-fstatr.o)
 .ARM.attributes
                0x00000a65       0x2d c:/program files (x86)/gnu tools arm embedded/5.4 2016q3/bin/../lib/gcc/arm-none-eabi/6.3.1/../../../../arm-none-eabi/lib/thumb/v7-m\libg.a(lib_a-isattyr.o)
 .ARM.attributes
                0x00000a92       0x2d c:/program files (x86)/gnu tools arm embedded/5.4 2016q3/bin/../lib/gcc/arm-none-eabi/6.3.1/../../../../arm-none-eabi/lib/thumb/v7-m\libg.a(lib_a-locale.o)
 .ARM.attributes
                0x00000abf       0x2d c:/program files (x86)/gnu tools arm embedded/5.4 2016q3/bin/../lib/gcc/arm-none-eabi/6.3.1/../../../../arm-none-eabi/lib/thumb/v7-m\libg.a(lib_a-lseekr.o)
 .ARM.attributes
                0x00000aec       0x2d c:/program files (x86)/gnu tools arm embedded/5.4 2016q3/bin/../lib/gcc/arm-none-eabi/6.3.1/../../../../arm-none-eabi/lib/thumb/v7-m\libg.a(lib_a-mbtowc_r.o)
 .ARM.attributes
                0x00000b19       0x2d c:/program files (x86)/gnu tools arm embedded/5.4 2016q3/bin/../lib/gcc/arm-none-eabi/6.3.1/../../../../arm-none-eabi/lib/thumb/v7-m\libg.a(lib_a-readr.o)
 .ARM.attributes
                0x00000b46       0x2d c:/program files (x86)/gnu tools arm embedded/5.4 2016q3/bin/../lib/gcc/arm-none-eabi/6.3.1/../../../../arm-none-eabi/lib/thumb/v7-m\libg.a(lib_a-wcrtomb.o)
 .ARM.attributes
                0x00000b73       0x2d c:/program files (x86)/gnu tools arm embedded/5.4 2016q3/bin/../lib/gcc/arm-none-eabi/6.3.1/../../../../arm-none-eabi/lib/thumb/v7-m\libg.a(lib_a-wctomb_r.o)
 .ARM.attributes
                0x00000ba0       0x2d c:/program files (x86)/gnu tools arm embedded/5.4 2016q3/bin/../lib/gcc/arm-none-eabi/6.3.1/../../../../arm-none-eabi/lib/thumb/v7-m\libg.a(lib_a-ctype_.o)
 .ARM.attributes
                0x00000bcd       0x1d c:/program files (x86)/gnu tools arm embedded/5.4 2016q3/bin/../lib/gcc/arm-none-eabi/6.3.1/thumb/v7-m\libgcc.a(_arm_addsubdf3.o)
 .ARM.attributes
                0x00000bea       0x1d c:/program files (x86)/gnu tools arm embedded/5.4 2016q3/bin/../lib/gcc/arm-none-eabi/6.3.1/thumb/v7-m\libgcc.a(_arm_muldivdf3.o)
 .ARM.attributes
                0x00000c07       0x1d c:/program files (x86)/gnu tools arm embedded/5.4 2016q3/bin/../lib/gcc/arm-none-eabi/6.3.1/thumb/v7-m\libgcc.a(_arm_cmpdf2.o)
 .ARM.attributes
                0x00000c24       0x1d c:/program files (x86)/gnu tools arm embedded/5.4 2016q3/bin/../lib/gcc/arm-none-eabi/6.3.1/thumb/v7-m\libgcc.a(_arm_unorddf2.o)
 .ARM.attributes
                0x00000c41       0x1d c:/program files (x86)/gnu tools arm embedded/5.4 2016q3/bin/../lib/gcc/arm-none-eabi/6.3.1/thumb/v7-m\libgcc.a(_arm_fixdfsi.o)
 .ARM.attributes
                0x00000c5e       0x1d c:/program files (x86)/gnu tools arm embedded/5.4 2016q3/bin/../lib/gcc/arm-none-eabi/6.3.1/thumb/v7-m\libgcc.a(_aeabi_uldivmod.o)
 .ARM.attributes
                0x00000c7b       0x2d c:/program files (x86)/gnu tools arm embedded/5.4 2016q3/bin/../lib/gcc/arm-none-eabi/6.3.1/thumb/v7-m\libgcc.a(_udivmoddi4.o)
 .ARM.attributes
                0x00000ca8       0x1d c:/program files (x86)/gnu tools arm embedded/5.4 2016q3/bin/../lib/gcc/arm-none-eabi/6.3.1/thumb/v7-m\libgcc.a(_dvmd_tls.o)

.debug_frame    0x00000000     0x33c0
 .debug_frame   0x00000000      0x280 ..\obj\socket.o
 .debug_frame   0x00000280      0x75c ..\obj\stm32f10x_tim.o
 .debug_frame   0x000009dc       0x48 ..\obj\system_stm32f10x.o
 .debug_frame   0x00000a24       0xe4 ..\obj\AddressAutoConfig.o
 .debug_frame   0x00000b08       0x3c ..\obj\startup_stm32f10x_hd.o
 .debug_frame   0x00000b44      0x1a0 ..\obj\stm32f10x_fsmc.o
 .debug_frame   0x00000ce4      0x1b0 ..\obj\stm32f10x_gpio.o
 .debug_frame   0x00000e94       0xe8 ..\obj\main.o
 .debug_frame   0x00000f7c      0x160 ..\obj\w6100.o
 .debug_frame   0x000010dc      0x42c ..\obj\wizchip_conf.o
 .debug_frame   0x00001508      0x224 ..\obj\stm32f10x_rcc.o
 .debug_frame   0x0000172c       0xa8 ..\obj\loopback.o
 .debug_frame   0x000017d4      0x258 ..\obj\stm32f10x_usart.o
 .debug_frame   0x00001a2c      0x248 ..\obj\dhcpv6.o
 .debug_frame   0x00001c74       0xb0 ..\obj\syscalls.o
 .debug_frame   0x00001d24       0xe0 ..\obj\W6100RelFunctions.o
 .debug_frame   0x00001e04       0x70 ..\obj\misc.o
 .debug_frame   0x00001e74      0x1cc ..\obj\HALInit.o
 .debug_frame   0x00002040       0x90 ..\obj\usart.o
 .debug_frame   0x000020d0       0x30 c:/program files (x86)/gnu tools arm embedded/5.4 2016q3/bin/../lib/gcc/arm-none-eabi/6.3.1/../../../../arm-none-eabi/lib/thumb/v7-m\libg.a(lib_a-malloc.o)
 .debug_frame   0x00002100       0x54 c:/program files (x86)/gnu tools arm embedded/5.4 2016q3/bin/../lib/gcc/arm-none-eabi/6.3.1/../../../../arm-none-eabi/lib/thumb/v7-m\libg.a(lib_a-mallocr.o)
 .debug_frame   0x00002154       0x30 c:/program files (x86)/gnu tools arm embedded/5.4 2016q3/bin/../lib/gcc/arm-none-eabi/6.3.1/../../../../arm-none-eabi/lib/thumb/v7-m\libg.a(lib_a-memmove.o)
 .debug_frame   0x00002184       0x30 c:/program files (x86)/gnu tools arm embedded/5.4 2016q3/bin/../lib/gcc/arm-none-eabi/6.3.1/../../../../arm-none-eabi/lib/thumb/v7-m\libg.a(lib_a-mlock.o)
 .debug_frame   0x000021b4       0x78 c:/program files (x86)/gnu tools arm embedded/5.4 2016q3/bin/../lib/gcc/arm-none-eabi/6.3.1/../../../../arm-none-eabi/lib/thumb/v7-m\libg.a(lib_a-printf.o)
 .debug_frame   0x0000222c       0x30 c:/program files (x86)/gnu tools arm embedded/5.4 2016q3/bin/../lib/gcc/arm-none-eabi/6.3.1/../../../../arm-none-eabi/lib/thumb/v7-m\libg.a(lib_a-putchar.o)
 .debug_frame   0x0000225c       0x4c c:/program files (x86)/gnu tools arm embedded/5.4 2016q3/bin/../lib/gcc/arm-none-eabi/6.3.1/../../../../arm-none-eabi/lib/thumb/v7-m\libg.a(lib_a-puts.o)
 .debug_frame   0x000022a8       0x20 c:/program files (x86)/gnu tools arm embedded/5.4 2016q3/bin/../lib/gcc/arm-none-eabi/6.3.1/../../../../arm-none-eabi/lib/thumb/v7-m\libg.a(lib_a-realloc.o)
 .debug_frame   0x000022c8       0x68 c:/program files (x86)/gnu tools arm embedded/5.4 2016q3/bin/../lib/gcc/arm-none-eabi/6.3.1/../../../../arm-none-eabi/lib/thumb/v7-m\libg.a(lib_a-reallocr.o)
 .debug_frame   0x00002330       0x2c c:/program files (x86)/gnu tools arm embedded/5.4 2016q3/bin/../lib/gcc/arm-none-eabi/6.3.1/../../../../arm-none-eabi/lib/thumb/v7-m\libg.a(lib_a-sbrkr.o)
 .debug_frame   0x0000235c       0x20 c:/program files (x86)/gnu tools arm embedded/5.4 2016q3/bin/../lib/gcc/arm-none-eabi/6.3.1/../../../../arm-none-eabi/lib/thumb/v7-m\libg.a(lib_a-strlen-stub.o)
 .debug_frame   0x0000237c       0x94 c:/program files (x86)/gnu tools arm embedded/5.4 2016q3/bin/../lib/gcc/arm-none-eabi/6.3.1/../../../../arm-none-eabi/lib/thumb/v7-m\libg.a(lib_a-vfprintf.o)
 .debug_frame   0x00002410       0x2c c:/program files (x86)/gnu tools arm embedded/5.4 2016q3/bin/../lib/gcc/arm-none-eabi/6.3.1/../../../../arm-none-eabi/lib/thumb/v7-m\libg.a(lib_a-wsetup.o)
 .debug_frame   0x0000243c       0x84 c:/program files (x86)/gnu tools arm embedded/5.4 2016q3/bin/../lib/gcc/arm-none-eabi/6.3.1/../../../../arm-none-eabi/lib/thumb/v7-m\libg.a(lib_a-dtoa.o)
 .debug_frame   0x000024c0       0x5c c:/program files (x86)/gnu tools arm embedded/5.4 2016q3/bin/../lib/gcc/arm-none-eabi/6.3.1/../../../../arm-none-eabi/lib/thumb/v7-m\libg.a(lib_a-fflush.o)
 .debug_frame   0x0000251c      0x150 c:/program files (x86)/gnu tools arm embedded/5.4 2016q3/bin/../lib/gcc/arm-none-eabi/6.3.1/../../../../arm-none-eabi/lib/thumb/v7-m\libg.a(lib_a-findfp.o)
 .debug_frame   0x0000266c       0x74 c:/program files (x86)/gnu tools arm embedded/5.4 2016q3/bin/../lib/gcc/arm-none-eabi/6.3.1/../../../../arm-none-eabi/lib/thumb/v7-m\libg.a(lib_a-freer.o)
 .debug_frame   0x000026e0       0x68 c:/program files (x86)/gnu tools arm embedded/5.4 2016q3/bin/../lib/gcc/arm-none-eabi/6.3.1/../../../../arm-none-eabi/lib/thumb/v7-m\libg.a(lib_a-fvwrite.o)
 .debug_frame   0x00002748       0x54 c:/program files (x86)/gnu tools arm embedded/5.4 2016q3/bin/../lib/gcc/arm-none-eabi/6.3.1/../../../../arm-none-eabi/lib/thumb/v7-m\libg.a(lib_a-fwalk.o)
 .debug_frame   0x0000279c       0x40 c:/program files (x86)/gnu tools arm embedded/5.4 2016q3/bin/../lib/gcc/arm-none-eabi/6.3.1/../../../../arm-none-eabi/lib/thumb/v7-m\libg.a(lib_a-localeconv.o)
 .debug_frame   0x000027dc       0xb0 c:/program files (x86)/gnu tools arm embedded/5.4 2016q3/bin/../lib/gcc/arm-none-eabi/6.3.1/../../../../arm-none-eabi/lib/thumb/v7-m\libg.a(lib_a-lock.o)
 .debug_frame   0x0000288c       0x68 c:/program files (x86)/gnu tools arm embedded/5.4 2016q3/bin/../lib/gcc/arm-none-eabi/6.3.1/../../../../arm-none-eabi/lib/thumb/v7-m\libg.a(lib_a-makebuf.o)
 .debug_frame   0x000028f4       0x34 c:/program files (x86)/gnu tools arm embedded/5.4 2016q3/bin/../lib/gcc/arm-none-eabi/6.3.1/../../../../arm-none-eabi/lib/thumb/v7-m\libg.a(lib_a-memchr-stub.o)
 .debug_frame   0x00002928       0x34 c:/program files (x86)/gnu tools arm embedded/5.4 2016q3/bin/../lib/gcc/arm-none-eabi/6.3.1/../../../../arm-none-eabi/lib/thumb/v7-m\libg.a(lib_a-memset.o)
 .debug_frame   0x0000295c      0x260 c:/program files (x86)/gnu tools arm embedded/5.4 2016q3/bin/../lib/gcc/arm-none-eabi/6.3.1/../../../../arm-none-eabi/lib/thumb/v7-m\libg.a(lib_a-mprec.o)
 .debug_frame   0x00002bbc       0x50 c:/program files (x86)/gnu tools arm embedded/5.4 2016q3/bin/../lib/gcc/arm-none-eabi/6.3.1/../../../../arm-none-eabi/lib/thumb/v7-m\libg.a(lib_a-putc.o)
 .debug_frame   0x00002c0c       0x58 c:/program files (x86)/gnu tools arm embedded/5.4 2016q3/bin/../lib/gcc/arm-none-eabi/6.3.1/../../../../arm-none-eabi/lib/thumb/v7-m\libg.a(lib_a-reent.o)
 .debug_frame   0x00002c64       0x88 c:/program files (x86)/gnu tools arm embedded/5.4 2016q3/bin/../lib/gcc/arm-none-eabi/6.3.1/../../../../arm-none-eabi/lib/thumb/v7-m\libg.a(lib_a-stdio.o)
 .debug_frame   0x00002cec       0xd8 c:/program files (x86)/gnu tools arm embedded/5.4 2016q3/bin/../lib/gcc/arm-none-eabi/6.3.1/../../../../arm-none-eabi/lib/thumb/v7-m\libg.a(lib_a-vfiprintf.o)
 .debug_frame   0x00002dc4       0x40 c:/program files (x86)/gnu tools arm embedded/5.4 2016q3/bin/../lib/gcc/arm-none-eabi/6.3.1/../../../../arm-none-eabi/lib/thumb/v7-m\libg.a(lib_a-wbuf.o)
 .debug_frame   0x00002e04       0x30 c:/program files (x86)/gnu tools arm embedded/5.4 2016q3/bin/../lib/gcc/arm-none-eabi/6.3.1/../../../../arm-none-eabi/lib/thumb/v7-m\libg.a(lib_a-writer.o)
 .debug_frame   0x00002e34       0x28 c:/program files (x86)/gnu tools arm embedded/5.4 2016q3/bin/../lib/gcc/arm-none-eabi/6.3.1/../../../../arm-none-eabi/lib/thumb/v7-m\libg.a(lib_a-callocr.o)
 .debug_frame   0x00002e5c       0x2c c:/program files (x86)/gnu tools arm embedded/5.4 2016q3/bin/../lib/gcc/arm-none-eabi/6.3.1/../../../../arm-none-eabi/lib/thumb/v7-m\libg.a(lib_a-closer.o)
 .debug_frame   0x00002e88       0x3c c:/program files (x86)/gnu tools arm embedded/5.4 2016q3/bin/../lib/gcc/arm-none-eabi/6.3.1/../../../../arm-none-eabi/lib/thumb/v7-m\libg.a(lib_a-fclose.o)
 .debug_frame   0x00002ec4       0x90 c:/program files (x86)/gnu tools arm embedded/5.4 2016q3/bin/../lib/gcc/arm-none-eabi/6.3.1/../../../../arm-none-eabi/lib/thumb/v7-m\libg.a(lib_a-fputwc.o)
 .debug_frame   0x00002f54       0x2c c:/program files (x86)/gnu tools arm embedded/5.4 2016q3/bin/../lib/gcc/arm-none-eabi/6.3.1/../../../../arm-none-eabi/lib/thumb/v7-m\libg.a(lib_a-fstatr.o)
 .debug_frame   0x00002f80       0x2c c:/program files (x86)/gnu tools arm embedded/5.4 2016q3/bin/../lib/gcc/arm-none-eabi/6.3.1/../../../../arm-none-eabi/lib/thumb/v7-m\libg.a(lib_a-isattyr.o)
 .debug_frame   0x00002fac       0x6c c:/program files (x86)/gnu tools arm embedded/5.4 2016q3/bin/../lib/gcc/arm-none-eabi/6.3.1/../../../../arm-none-eabi/lib/thumb/v7-m\libg.a(lib_a-locale.o)
 .debug_frame   0x00003018       0x30 c:/program files (x86)/gnu tools arm embedded/5.4 2016q3/bin/../lib/gcc/arm-none-eabi/6.3.1/../../../../arm-none-eabi/lib/thumb/v7-m\libg.a(lib_a-lseekr.o)
 .debug_frame   0x00003048       0x4c c:/program files (x86)/gnu tools arm embedded/5.4 2016q3/bin/../lib/gcc/arm-none-eabi/6.3.1/../../../../arm-none-eabi/lib/thumb/v7-m\libg.a(lib_a-mbtowc_r.o)
 .debug_frame   0x00003094       0x30 c:/program files (x86)/gnu tools arm embedded/5.4 2016q3/bin/../lib/gcc/arm-none-eabi/6.3.1/../../../../arm-none-eabi/lib/thumb/v7-m\libg.a(lib_a-readr.o)
 .debug_frame   0x000030c4       0x5c c:/program files (x86)/gnu tools arm embedded/5.4 2016q3/bin/../lib/gcc/arm-none-eabi/6.3.1/../../../../arm-none-eabi/lib/thumb/v7-m\libg.a(lib_a-wcrtomb.o)
 .debug_frame   0x00003120       0x3c c:/program files (x86)/gnu tools arm embedded/5.4 2016q3/bin/../lib/gcc/arm-none-eabi/6.3.1/../../../../arm-none-eabi/lib/thumb/v7-m\libg.a(lib_a-wctomb_r.o)
 .debug_frame   0x0000315c       0xac c:/program files (x86)/gnu tools arm embedded/5.4 2016q3/bin/../lib/gcc/arm-none-eabi/6.3.1/thumb/v7-m\libgcc.a(_arm_addsubdf3.o)
 .debug_frame   0x00003208       0x50 c:/program files (x86)/gnu tools arm embedded/5.4 2016q3/bin/../lib/gcc/arm-none-eabi/6.3.1/thumb/v7-m\libgcc.a(_arm_muldivdf3.o)
 .debug_frame   0x00003258       0xc4 c:/program files (x86)/gnu tools arm embedded/5.4 2016q3/bin/../lib/gcc/arm-none-eabi/6.3.1/thumb/v7-m\libgcc.a(_arm_cmpdf2.o)
 .debug_frame   0x0000331c       0x20 c:/program files (x86)/gnu tools arm embedded/5.4 2016q3/bin/../lib/gcc/arm-none-eabi/6.3.1/thumb/v7-m\libgcc.a(_arm_unorddf2.o)
 .debug_frame   0x0000333c       0x24 c:/program files (x86)/gnu tools arm embedded/5.4 2016q3/bin/../lib/gcc/arm-none-eabi/6.3.1/thumb/v7-m\libgcc.a(_arm_fixdfsi.o)
 .debug_frame   0x00003360       0x2c c:/program files (x86)/gnu tools arm embedded/5.4 2016q3/bin/../lib/gcc/arm-none-eabi/6.3.1/thumb/v7-m\libgcc.a(_aeabi_uldivmod.o)
 .debug_frame   0x0000338c       0x34 c:/program files (x86)/gnu tools arm embedded/5.4 2016q3/bin/../lib/gcc/arm-none-eabi/6.3.1/thumb/v7-m\libgcc.a(_udivmoddi4.o)
