Archive member included to satisfy reference by file (symbol)

c:/program files (x86)/gnu tools arm embedded/5.4 2016q3/bin/../lib/gcc/arm-none-eabi/6.3.1/../../../../arm-none-eabi/lib/thumb/v7-m\libg.a(lib_a-malloc.o)
                              ..\obj\dhcpv6.o (malloc)
c:/program files (x86)/gnu tools arm embedded/5.4 2016q3/bin/../lib/gcc/arm-none-eabi/6.3.1/../../../../arm-none-eabi/lib/thumb/v7-m\libg.a(lib_a-mallocr.o)
                              c:/program files (x86)/gnu tools arm embedded/5.4 2016q3/bin/../lib/gcc/arm-none-eabi/6.3.1/../../../../arm-none-eabi/lib/thumb/v7-m\libg.a(lib_a-malloc.o) (_malloc_r)
c:/program files (x86)/gnu tools arm embedded/5.4 2016q3/bin/../lib/gcc/arm-none-eabi/6.3.1/../../../../arm-none-eabi/lib/thumb/v7-m\libg.a(lib_a-memmove.o)
                              ..\obj\dhcpv6.o (memmove)
c:/program files (x86)/gnu tools arm embedded/5.4 2016q3/bin/../lib/gcc/arm-none-eabi/6.3.1/../../../../arm-none-eabi/lib/thumb/v7-m\libg.a(lib_a-mlock.o)
                              c:/program files (x86)/gnu tools arm embedded/5.4 2016q3/bin/../lib/gcc/arm-none-eabi/6.3.1/../../../../arm-none-eabi/lib/thumb/v7-m\libg.a(lib_a-mallocr.o) (__malloc_lock)
c:/program files (x86)/gnu tools arm embedded/5.4 2016q3/bin/../lib/gcc/arm-none-eabi/6.3.1/../../../../arm-none-eabi/lib/thumb/v7-m\libg.a(lib_a-printf.o)
                              ..\obj\AddressAutoConfig.o (printf)
c:/program files (x86)/gnu tools arm embedded/5.4 2016q3/bin/../lib/gcc/arm-none-eabi/6.3.1/../../../../arm-none-eabi/lib/thumb/v7-m\libg.a(lib_a-putchar.o)
                              ..\obj\AddressAutoConfig.o (putchar)
c:/program files (x86)/gnu tools arm embedded/5.4 2016q3/bin/../lib/gcc/arm-none-eabi/6.3.1/../../../../arm-none-eabi/lib/thumb/v7-m\libg.a(lib_a-puts.o)
                              ..\obj\socket.o (puts)
c:/program files (x86)/gnu tools arm embedded/5.4 2016q3/bin/../lib/gcc/arm-none-eabi/6.3.1/../../../../arm-none-eabi/lib/thumb/v7-m\libg.a(lib_a-realloc.o)
                              ..\obj\dhcpv6.o (realloc)
c:/program files (x86)/gnu tools arm embedded/5.4 2016q3/bin/../lib/gcc/arm-none-eabi/6.3.1/../../../../arm-none-eabi/lib/thumb/v7-m\libg.a(lib_a-reallocr.o)
                              c:/program files (x86)/gnu tools arm embedded/5.4 2016q3/bin/../lib/gcc/arm-none-eabi/6.3.1/../../../../arm-none-eabi/lib/thumb/v7-m\libg.a(lib_a-realloc.o) (_realloc_r)
c:/program files (x86)/gnu tools arm embedded/5.4 2016q3/bin/../lib/gcc/arm-none-eabi/6.3.1/../../../../arm-none-eabi/lib/thumb/v7-m\libg.a(lib_a-sbrkr.o)
                              c:/program files (x86)/gnu tools arm embedded/5.4 2016q3/bin/../lib/gcc/arm-none-eabi/6.3.1/../../../../arm-none-eabi/lib/thumb/v7-m\libg.a(lib_a-mallocr.o) (_sbrk_r)
c:/program files (x86)/gnu tools arm embedded/5.4 2016q3/bin/../lib/gcc/arm-none-eabi/6.3.1/../../../../arm-none-eabi/lib/thumb/v7-m\libg.a(lib_a-strlen-stub.o)
                              c:/program files (x86)/gnu tools arm embedded/5.4 2016q3/bin/../lib/gcc/arm-none-eabi/6.3.1/../../../../arm-none-eabi/lib/thumb/v7-m\libg.a(lib_a-puts.o) (strlen)
c:/program files (x86)/gnu tools arm embedded/5.4 2016q3/bin/../lib/gcc/arm-none-eabi/6.3.1/../../../../arm-none-eabi/lib/thumb/v7-m\libg.a(lib_a-vfprintf.o)
                              c:/program files (x86)/gnu tools arm embedded/5.4 2016q3/bin/../lib/gcc/arm-none-eabi/6.3.1/../../../../arm-none-eabi/lib/thumb/v7-m\libg.a(lib_a-printf.o) (_vfprintf_r)
c:/program files (x86)/gnu tools arm embedded/5.4 2016q3/bin/../lib/gcc/arm-none-eabi/6.3.1/../../../../arm-none-eabi/lib/thumb/v7-m\libg.a(lib_a-wsetup.o)
                              c:/program files (x86)/gnu tools arm embedded/5.4 2016q3/bin/../lib/gcc/arm-none-eabi/6.3.1/../../../../arm-none-eabi/lib/thumb/v7-m\libg.a(lib_a-vfprintf.o) (__swsetup_r)
c:/program files (x86)/gnu tools arm embedded/5.4 2016q3/bin/../lib/gcc/arm-none-eabi/6.3.1/../../../../arm-none-eabi/lib/thumb/v7-m\libg.a(lib_a-dtoa.o)
                              c:/program files (x86)/gnu tools arm embedded/5.4 2016q3/bin/../lib/gcc/arm-none-eabi/6.3.1/../../../../arm-none-eabi/lib/thumb/v7-m\libg.a(lib_a-vfprintf.o) (_dtoa_r)
c:/program files (x86)/gnu tools arm embedded/5.4 2016q3/bin/../lib/gcc/arm-none-eabi/6.3.1/../../../../arm-none-eabi/lib/thumb/v7-m\libg.a(lib_a-fflush.o)
                              c:/program files (x86)/gnu tools arm embedded/5.4 2016q3/bin/../lib/gcc/arm-none-eabi/6.3.1/../../../../arm-none-eabi/lib/thumb/v7-m\libg.a(lib_a-vfprintf.o) (_fflush_r)
c:/program files (x86)/gnu tools arm embedded/5.4 2016q3/bin/../lib/gcc/arm-none-eabi/6.3.1/../../../../arm-none-eabi/lib/thumb/v7-m\libg.a(lib_a-findfp.o)
                              c:/program files (x86)/gnu tools arm embedded/5.4 2016q3/bin/../lib/gcc/arm-none-eabi/6.3.1/../../../../arm-none-eabi/lib/thumb/v7-m\libg.a(lib_a-puts.o) (__sinit)
[...]
Memory Configuration

Name             Origin             Length             Attributes
rom              0x08000000         0x00040000         xr
ram              0x20000000         0x0000c000         xrw
*default*        0x00000000         0xffffffff

Linker script and memory map

                0x2000c000                _eram = 0x2000c000

.text           0x08000000     0xadfd
 *(.isr_vector)
 .isr_vector    0x08000000      0x134 ..\obj\startup_stm32f10x_hd.o
                0x08000000                g_pfnVectors
 *(.text*)
 .text.close    0x08000134       0x64 ..\obj\socket.o
                0x08000134                close
 .text.socket   0x08000198      0x11c ..\obj\socket.o
                0x08000198                socket
 .text.listen   0x080002b4       0x78 ..\obj\socket.o
                0x080002b4                listen
 .text.disconnect
                0x0800032c       0x8c ..\obj\socket.o
                0x0800032c                disconnect
 .text.send     0x080003b8      0x13c ..\obj\socket.o
                0x080003b8                send
 .text.recv     0x080004f4       0xe8 ..\obj\socket.o
                0x080004f4                recv
 .text.sendto   0x080005dc      0x224 ..\obj\socket.o
                0x080005dc                sendto
 .text.recvfrom
                0x08000800      0x31c ..\obj\socket.o
                0x08000800                recvfrom
 .text.TIM_TimeBaseInit
                0x08000b1c       0xac ..\obj\stm32f10x_tim.o
                0x08000b1c                TIM_TimeBaseInit
 .text.TIM_Cmd  0x08000bc8       0x1c ..\obj\stm32f10x_tim.o
                0x08000bc8                TIM_Cmd
 .text.TIM_DMACmd
                0x08000be4       0x14 ..\obj\stm32f10x_tim.o
                0x08000be4                TIM_DMACmd
 .text.TIM_ITConfig
                0x08000bf8        0x4 ..\obj\stm32f10x_tim.o
                0x08000bf8                TIM_ITConfig
 .text.TIM_SetAutoreload
                0x08000bfc        0x4 ..\obj\stm32f10x_tim.o
                0x08000bfc                TIM_SetAutoreload
 .text.TIM_ClearITPendingBit
                0x08000c00        0x8 ..\obj\stm32f10x_tim.o
                0x08000c00                TIM_ClearITPendingBit
 .text.SystemInit
                0x08000c08      0x104 ..\obj\system_stm32f10x.o
                0x08000c08                SystemInit
 .text.Address_Auto_Config_SLDHCP
                0x08000d0c      0x2b4 ..\obj\AddressAutoConfig.o
                0x08000d0c                Address_Auto_Config_SLDHCP
 .text.Address_Auto_Config_SFDHCP
                0x08000fc0      0x22c ..\obj\AddressAutoConfig.o
                0x08000fc0                Address_Auto_Config_SFDHCP
 .text.Address_Auto_Config_RA
                0x080011ec      0x564 ..\obj\AddressAutoConfig.o
                0x080011ec                Address_Auto_Config_RA
 .text.Duplicate_Address_Detection
                0x08001750      0x19c ..\obj\AddressAutoConfig.o
                0x08001750                Duplicate_Address_Detection
 .text.Default_Handler
                0x080018ec        0x4 ..\obj\startup_stm32f10x_hd.o
                0x080018ec                EXTI2_IRQHandler
                0x080018ec                TIM8_TRG_COM_IRQHandler
                0x080018ec                TIM8_CC_IRQHandler
                0x080018ec                DebugMon_Handler
                0x080018ec                TIM1_CC_IRQHandler
                0x080018ec                TIM6_IRQHandler
                0x080018ec                SysTick_Handler
                0x080018ec                PVD_IRQHandler
                0x080018ec                SDIO_IRQHandler
                0x080018ec                PendSV_Handler
                0x080018ec                EXTI3_IRQHandler
                0x080018ec                EXTI0_IRQHandler
                0x080018ec                I2C2_EV_IRQHandler
                0x080018ec                ADC1_2_IRQHandler
                0x080018ec                SPI1_IRQHandler
                0x080018ec                TAMPER_IRQHandler
                0x080018ec                TIM8_UP_IRQHandler
                0x080018ec                DMA2_Channel2_IRQHandler
                0x080018ec                DMA1_Channel4_IRQHandler
                0x080018ec                USART3_IRQHandler
                0x080018ec                RTC_IRQHandler
                0x080018ec                DMA1_Channel7_IRQHandler
                0x080018ec                CAN1_RX1_IRQHandler
                0x080018ec                UART5_IRQHandler
                0x080018ec                ADC3_IRQHandler
                0x080018ec                TIM4_IRQHandler
                0x080018ec                DMA2_Channel1_IRQHandler
                0x080018ec                I2C1_EV_IRQHandler
                0x080018ec                DMA1_Channel6_IRQHandler
                0x080018ec                UART4_IRQHandler
                0x080018ec                TIM3_IRQHandler
                0x080018ec                RCC_IRQHandler
                0x080018ec                TIM1_TRG_COM_IRQHandler
                0x080018ec                DMA1_Channel1_IRQHandler
                0x080018ec                EXTI15_10_IRQHandler
                0x080018ec                TIM7_IRQHandler
                0x080018ec                TIM5_IRQHandler
                0x080018ec                EXTI9_5_IRQHandler
                0x080018ec                SPI2_IRQHandler
                0x080018ec                SVC_Handler
                0x080018ec                DMA1_Channel5_IRQHandler
                0x080018ec                EXTI4_IRQHandler
                0x080018ec                USB_LP_CAN1_RX0_IRQHandler
                0x080018ec                USB_HP_CAN1_TX_IRQHandler
                0x080018ec                DMA1_Channel3_IRQHandler
                0x080018ec                FSMC_IRQHandler
                0x080018ec                TIM1_UP_IRQHandler
                0x080018ec                WWDG_IRQHandler
                0x080018ec                TIM1_BRK_IRQHandler
                0x080018ec                EXTI1_IRQHandler
                0x080018ec                RTCAlarm_IRQHandler
                0x080018ec                DMA2_Channel4_5_IRQHandler
                0x080018ec                USART2_IRQHandler
                0x080018ec                I2C2_ER_IRQHandler
                0x080018ec                DMA1_Channel2_IRQHandler
                0x080018ec                TIM8_BRK_IRQHandler
                0x080018ec                CAN1_SCE_IRQHandler
                0x080018ec                FLASH_IRQHandler
                0x080018ec                USART1_IRQHandler
                0x080018ec                SPI3_IRQHandler
                0x080018ec                I2C1_ER_IRQHandler
                0x080018ec                USBWakeUp_IRQHandler
                0x080018ec                DMA2_Channel3_IRQHandler
 .text.Default_Reset_Handler
                0x080018f0       0x58 ..\obj\startup_stm32f10x_hd.o
                0x080018f0                Default_Reset_Handler
                0x080018f0                Reset_Handler
 .text.GPIO_Init
                0x08001948       0xbc ..\obj\stm32f10x_gpio.o
                0x08001948                GPIO_Init
 .text.GPIO_SetBits
                0x08001a04        0x4 ..\obj\stm32f10x_gpio.o
                0x08001a04                GPIO_SetBits
 .text.GPIO_ResetBits
                0x08001a08        0x4 ..\obj\stm32f10x_gpio.o
                0x08001a08                GPIO_ResetBits
 .text.GPIO_WriteBit
                0x08001a0c        0xc ..\obj\stm32f10x_gpio.o
                0x08001a0c                GPIO_WriteBit
 .text.delay    0x08001a18       0x14 ..\obj\main.o
                0x08001a18                delay
 .text.setMAC   0x08001a2c       0x60 ..\obj\main.o
                0x08001a2c                setMAC
 .text.getAutoConfigAddress
                0x08001a8c      0x1dc ..\obj\main.o
                0x08001a8c                getAutoConfigAddress
 .text.Main_MENU
                0x08001c68      0x27c ..\obj\main.o
                0x08001c68                Main_MENU
 .text.startup.main
                0x08001ee4       0x98 ..\obj\main.o
                0x08001ee4                main
 .text.WIZCHIP_WRITE
                0x08001f7c       0x64 ..\obj\w6100.o
                0x08001f7c                WIZCHIP_WRITE
 .text.WIZCHIP_READ
                0x08001fe0       0x60 ..\obj\w6100.o
                0x08001fe0                WIZCHIP_READ
 .text.WIZCHIP_WRITE_BUF
                0x08002040       0x7c ..\obj\w6100.o
                0x08002040                WIZCHIP_WRITE_BUF
 .text.WIZCHIP_READ_BUF
                0x080020bc       0x7c ..\obj\w6100.o
                0x080020bc                WIZCHIP_READ_BUF
 .text.wiz_send_data
                0x08002138       0x54 ..\obj\w6100.o
                0x08002138                wiz_send_data
 .text.wiz_recv_data
                0x0800218c       0x58 ..\obj\w6100.o
                0x0800218c                wiz_recv_data
 .text.wiz_recv_ignore
                0x080021e4       0x3c ..\obj\w6100.o
                0x080021e4                wiz_recv_ignore
 .text.wiz_mdio_write
                0x08002220       0x44 ..\obj\w6100.o
                0x08002220                wiz_mdio_write
 .text.wiz_mdio_read
                0x08002264       0x44 ..\obj\w6100.o
                0x08002264                wiz_mdio_read
 .text.getSn_RX_RSR
                0x080022a8       0x60 ..\obj\w6100.o
                0x080022a8                getSn_RX_RSR
 .text.setSLPIP6R
                0x08002308        0xc ..\obj\w6100.o
                0x08002308                setSLPIP6R
 .text.wizchip_cs_deselect
                0x08002314        0x4 ..\obj\wizchip_conf.o
                0x08002314                wizchip_cs_deselect
 .text.wizchip_bus_readdata
                0x08002318        0x4 ..\obj\wizchip_conf.o
                0x08002318                wizchip_bus_readdata
 .text.wizchip_bus_writedata
                0x0800231c        0x4 ..\obj\wizchip_conf.o
                0x0800231c                wizchip_bus_writedata
 .text.wizchip_spi_readbyte
                0x08002320        0x4 ..\obj\wizchip_conf.o
                0x08002320                wizchip_spi_readbyte
 .text.wizchip_spi_writebyte
                0x08002324        0x4 ..\obj\wizchip_conf.o
                0x08002324                wizchip_spi_writebyte
 .text.wizchip_cris_enter
                0x08002328        0x4 ..\obj\wizchip_conf.o
                0x08002328                wizchip_cris_enter
 .text.wizchip_cris_exit
                0x0800232c        0x4 ..\obj\wizchip_conf.o
                0x0800232c                wizchip_cris_exit
 .text.wizchip_cs_select
                0x08002330        0x4 ..\obj\wizchip_conf.o
                0x08002330                wizchip_cs_select
 .text.reg_wizchip_cris_cbfunc
                0x08002334       0x24 ..\obj\wizchip_conf.o
                0x08002334                reg_wizchip_cris_cbfunc
 .text.reg_wizchip_cs_cbfunc
                0x08002358       0x24 ..\obj\wizchip_conf.o
                0x08002358                reg_wizchip_cs_cbfunc
 .text.reg_wizchip_spi_cbfunc
                0x0800237c       0x2c ..\obj\wizchip_conf.o
                0x0800237c                reg_wizchip_spi_cbfunc
 .text.wizchip_sw_reset
                0x080023a8       0xfc ..\obj\wizchip_conf.o
                0x080023a8                wizchip_sw_reset
 .text.wizchip_init
                0x080024a4       0x88 ..\obj\wizchip_conf.o
                0x080024a4                wizchip_init
 .text.wizchip_clrinterrupt
                0x0800252c       0x44 ..\obj\wizchip_conf.o
                0x0800252c                wizchip_clrinterrupt
 .text.wizchip_getinterrupt
                0x08002570       0x20 ..\obj\wizchip_conf.o
                0x08002570                wizchip_getinterrupt
 .text.wizchip_setinterruptmask
                0x08002590       0x20 ..\obj\wizchip_conf.o
                0x08002590                wizchip_setinterruptmask
 .text.wizchip_getinterruptmask
                0x080025b0       0x20 ..\obj\wizchip_conf.o
                0x080025b0                wizchip_getinterruptmask
 .text.wizphy_getphylink
                0x080025d0       0x10 ..\obj\wizchip_conf.o
                0x080025d0                wizphy_getphylink
 .text.wizphy_reset
                0x080025e0       0x24 ..\obj\wizchip_conf.o
                0x080025e0                wizphy_reset
 .text.wizphy_setphyconf
                0x08002604       0x54 ..\obj\wizchip_conf.o
                0x08002604                wizphy_setphyconf
 .text.wizphy_getphyconf
                0x08002658       0x30 ..\obj\wizchip_conf.o
                0x08002658                wizphy_getphyconf
 .text.wizphy_setphypmode
                0x08002688       0x44 ..\obj\wizchip_conf.o
                0x08002688                wizphy_setphypmode
 .text.ctlwizchip
                0x080026cc       0xf8 ..\obj\wizchip_conf.o
                0x080026cc                ctlwizchip
 .text.RCC_GetClocksFreq
                0x080027c4       0xa8 ..\obj\stm32f10x_rcc.o
                0x080027c4                RCC_GetClocksFreq
 .text.RCC_APB2PeriphClockCmd
                0x0800286c       0x18 ..\obj\stm32f10x_rcc.o
                0x0800286c                RCC_APB2PeriphClockCmd
 .text.RCC_APB1PeriphClockCmd
                0x08002884       0x18 ..\obj\stm32f10x_rcc.o
                0x08002884                RCC_APB1PeriphClockCmd
 .text.loopback_tcps
                0x0800289c      0x244 ..\obj\loopback.o
                0x0800289c                loopback_tcps
 .text.loopback_udps
                0x08002ae0      0x114 ..\obj\loopback.o
                0x08002ae0                loopback_udps
 .text.USART_Init
                0x08002bf4       0xbc ..\obj\stm32f10x_usart.o
                0x08002bf4                USART_Init
 .text.USART_Cmd
                0x08002cb0       0x1c ..\obj\stm32f10x_usart.o
                0x08002cb0                USART_Cmd
 .text.USART_SendData
                0x08002ccc        0x8 ..\obj\stm32f10x_usart.o
                0x08002ccc                USART_SendData
 .text.USART_ReceiveData
                0x08002cd4        0x8 ..\obj\stm32f10x_usart.o
                0x08002cd4                USART_ReceiveData
 .text.USART_GetFlagStatus
                0x08002cdc        0xc ..\obj\stm32f10x_usart.o
                0x08002cdc                USART_GetFlagStatus
 .text.USART_ClearFlag
                0x08002ce8        0x8 ..\obj\stm32f10x_usart.o
                0x08002ce8                USART_ClearFlag
 .text.InsertDhcpOption
                0x08002cf0       0x60 ..\obj\dhcpv6.o
                0x08002cf0                InsertDhcpOption
 .text.DumpDhcpOption
                0x08002d50       0x64 ..\obj\dhcpv6.o
                0x08002d50                DumpDhcpOption
 .text.send_DHCP_REQUEST.part.0
                0x08002db4      0x560 ..\obj\dhcpv6.o
 .text.send_DHCP_SOLICIT
                0x08003314      0x1d4 ..\obj\dhcpv6.o
                0x08003314                send_DHCP_SOLICIT
 .text.send_DHCP_INFOREQ
                0x080034e8      0x1a4 ..\obj\dhcpv6.o
                0x080034e8                send_DHCP_INFOREQ
 .text.parseDHCPMSG
                0x0800368c      0x62c ..\obj\dhcpv6.o
                0x0800368c                parseDHCPMSG
 .text.DHCP_run2
                0x08003cb8       0x6c ..\obj\dhcpv6.o
                0x08003cb8                DHCP_run2
 .text.DHCP_run
                0x08003d24      0x144 ..\obj\dhcpv6.o
                0x08003d24                DHCP_run
 .text.DHCP_stop
                0x08003e68       0x1c ..\obj\dhcpv6.o
                0x08003e68                DHCP_stop
 .text.DHCP_init
                0x08003e84       0xbc ..\obj\dhcpv6.o
                0x08003e84                DHCP_init
 .text._sbrk    0x08003f40       0x1c ..\obj\syscalls.o
                0x08003f40                _sbrk
 .text._close   0x08003f5c        0x8 ..\obj\syscalls.o
                0x08003f5c                _close
 .text._fstat   0x08003f64        0xc ..\obj\syscalls.o
                0x08003f64                _fstat
 .text._isatty  0x08003f70        0x4 ..\obj\syscalls.o
                0x08003f70                _isatty
 .text._lseek   0x08003f74        0x4 ..\obj\syscalls.o
                0x08003f74                _lseek
 .text._read    0x08003f78        0x4 ..\obj\syscalls.o
                0x08003f78                _read
 .text._write   0x08003f7c       0x38 ..\obj\syscalls.o
                0x08003f7c                _write
 .text.W6100Initialze
                0x08003fb4       0x90 ..\obj\W6100RelFunctions.o
                0x08003fb4                W6100Initialze
 .text.spiReadByte
                0x08004044       0x30 ..\obj\W6100RelFunctions.o
                0x08004044                spiReadByte
 .text.spiWriteByte
                0x08004074       0x34 ..\obj\W6100RelFunctions.o
                0x08004074                spiWriteByte
 .text.csEnable
                0x080040a8        0xc ..\obj\W6100RelFunctions.o
                0x080040a8                csEnable
 .text.csDisable
                0x080040b4        0xc ..\obj\W6100RelFunctions.o
                0x080040b4                csDisable
 .text.resetAssert
                0x080040c0       0x10 ..\obj\W6100RelFunctions.o
                0x080040c0                resetAssert
 .text.resetDeassert
                0x080040d0       0x10 ..\obj\W6100RelFunctions.o
                0x080040d0                resetDeassert
 .text.EnterCris
                0x080040e0       0x10 ..\obj\W6100RelFunctions.o
                0x080040e0                EnterCris
 .text.ExitCris
                0x080040f0       0x10 ..\obj\W6100RelFunctions.o
                0x080040f0                ExitCris
 .text.NVIC_Init
                0x08004100       0x64 ..\obj\misc.o
                0x08004100                NVIC_Init
 .text.SPI_Init
                0x08004164       0x40 ..\obj\stm32f10x_spi.o
                0x08004164                SPI_Init
 .text.SPI_Cmd  0x080041a4       0x1c ..\obj\stm32f10x_spi.o
                0x080041a4                SPI_Cmd
 .text.SPI_I2S_SendData
                0x080041c0        0x4 ..\obj\stm32f10x_spi.o
                0x080041c0                SPI_I2S_SendData
 .text.SPI_I2S_ReceiveData
                0x080041c4        0x8 ..\obj\stm32f10x_spi.o
                0x080041c4                SPI_I2S_ReceiveData
 .text.SPI_I2S_GetFlagStatus
                0x080041cc        0xc ..\obj\stm32f10x_spi.o
                0x080041cc                SPI_I2S_GetFlagStatus
 .text.HardFault_Handler
                0x080041d8       0x10 ..\obj\HALInit.o
                0x080041d8                HardFault_Handler
 .text.MemManage_Handler
                0x080041e8       0x10 ..\obj\HALInit.o
                0x080041e8                MemManage_Handler
 .text.NMI_Handler
                0x080041f8       0x10 ..\obj\HALInit.o
                0x080041f8                NMI_Handler
 .text.UsageFault_Handler
                0x08004208       0x10 ..\obj\HALInit.o
                0x08004208                UsageFault_Handler
 .text.BusFault_Handler
                0x08004218        0x8 ..\obj\HALInit.o
                0x08004218                BusFault_Handler
 .text.timerInitialize
                0x08004220       0x74 ..\obj\HALInit.o
                0x08004220                timerInitialize
 .text.TIM2_IRQHandler
                0x08004294       0x1c ..\obj\HALInit.o
                0x08004294                TIM2_IRQHandler
 .text.TIM2_gettimer
                0x080042b0        0xc ..\obj\HALInit.o
                0x080042b0                TIM2_gettimer
 .text.gpioInitialize
                0x080042bc       0xbc ..\obj\HALInit.o
                0x080042bc                gpioInitialize
 .text.usartInitialize
                0x08004378       0x48 ..\obj\HALInit.o
                0x08004378                usartInitialize
 .text.spiInitailize
                0x080043c0       0x5c ..\obj\HALInit.o
                0x080043c0                spiInitailize
 .text.UartGetc
                0x0800441c       0x1c ..\obj\usart.o
                0x0800441c                UartGetc
 .text.malloc   0x08004438       0x10 c:/program files (x86)/gnu tools arm embedded/5.4 2016q3/bin/../lib/gcc/arm-none-eabi/6.3.1/../../../../arm-none-eabi/lib/thumb/v7-m\libg.a(lib_a-malloc.o)
                0x08004438                malloc
 .text.free     0x08004448       0x10 c:/program files (x86)/gnu tools arm embedded/5.4 2016q3/bin/../lib/gcc/arm-none-eabi/6.3.1/../../../../arm-none-eabi/lib/thumb/v7-m\libg.a(lib_a-malloc.o)
                0x08004448                free
 .text._malloc_r
                0x08004458      0x544 c:/program files (x86)/gnu tools arm embedded/5.4 2016q3/bin/../lib/gcc/arm-none-eabi/6.3.1/../../../../arm-none-eabi/lib/thumb/v7-m\libg.a(lib_a-mallocr.o)
                0x08004458                _malloc_r
 .text.memmove  0x0800499c       0xc8 c:/program files (x86)/gnu tools arm embedded/5.4 2016q3/bin/../lib/gcc/arm-none-eabi/6.3.1/../../../../arm-none-eabi/lib/thumb/v7-m\libg.a(lib_a-memmove.o)
                0x0800499c                memmove
 .text.__malloc_lock
                0x08004a64        0xc c:/program files (x86)/gnu tools arm embedded/5.4 2016q3/bin/../lib/gcc/arm-none-eabi/6.3.1/../../../../arm-none-eabi/lib/thumb/v7-m\libg.a(lib_a-mlock.o)
                0x08004a64                __malloc_lock
 .text.__malloc_unlock
                0x08004a70        0xc c:/program files (x86)/gnu tools arm embedded/5.4 2016q3/bin/../lib/gcc/arm-none-eabi/6.3.1/../../../../arm-none-eabi/lib/thumb/v7-m\libg.a(lib_a-mlock.o)
                0x08004a70                __malloc_unlock
 .text.printf   0x08004a7c       0x28 c:/program files (x86)/gnu tools arm embedded/5.4 2016q3/bin/../lib/gcc/arm-none-eabi/6.3.1/../../../../arm-none-eabi/lib/thumb/v7-m\libg.a(lib_a-printf.o)
                0x08004a7c                printf
 .text.putchar  0x08004aa4       0x10 c:/program files (x86)/gnu tools arm embedded/5.4 2016q3/bin/../lib/gcc/arm-none-eabi/6.3.1/../../../../arm-none-eabi/lib/thumb/v7-m\libg.a(lib_a-putchar.o)
                0x08004aa4                putchar
 .text._puts_r  0x08004ab4       0x9c c:/program files (x86)/gnu tools arm embedded/5.4 2016q3/bin/../lib/gcc/arm-none-eabi/6.3.1/../../../../arm-none-eabi/lib/thumb/v7-m\libg.a(lib_a-puts.o)
                0x08004ab4                _puts_r
 .text.puts     0x08004b50       0x10 c:/program files (x86)/gnu tools arm embedded/5.4 2016q3/bin/../lib/gcc/arm-none-eabi/6.3.1/../../../../arm-none-eabi/lib/thumb/v7-m\libg.a(lib_a-puts.o)
                0x08004b50                puts
 .text.realloc  0x08004b60       0x10 c:/program files (x86)/gnu tools arm embedded/5.4 2016q3/bin/../lib/gcc/arm-none-eabi/6.3.1/../../../../arm-none-eabi/lib/thumb/v7-m\libg.a(lib_a-realloc.o)
                0x08004b60                realloc
 .text._realloc_r
                0x08004b70      0x36c c:/program files (x86)/gnu tools arm embedded/5.4 2016q3/bin/../lib/gcc/arm-none-eabi/6.3.1/../../../../arm-none-eabi/lib/thumb/v7-m\libg.a(lib_a-reallocr.o)
                0x08004b70                _realloc_r
 .text._sbrk_r  0x08004edc       0x24 c:/program files (x86)/gnu tools arm embedded/5.4 2016q3/bin/../lib/gcc/arm-none-eabi/6.3.1/../../../../arm-none-eabi/lib/thumb/v7-m\libg.a(lib_a-sbrkr.o)
                0x08004edc                _sbrk_r
 .text.strlen   0x08004f00       0x5c c:/program files (x86)/gnu tools arm embedded/5.4 2016q3/bin/../lib/gcc/arm-none-eabi/6.3.1/../../../../arm-none-eabi/lib/thumb/v7-m\libg.a(lib_a-strlen-stub.o)
                0x08004f00                strlen
 .text._vfprintf_r
                0x08004f5c     0x15e8 c:/program files (x86)/gnu tools arm embedded/5.4 2016q3/bin/../lib/gcc/arm-none-eabi/6.3.1/../../../../arm-none-eabi/lib/thumb/v7-m\libg.a(lib_a-vfprintf.o)
                0x08004f5c                _vfprintf_r
 .text.__sbprintf
                0x08006544       0x88 c:/program files (x86)/gnu tools arm embedded/5.4 2016q3/bin/../lib/gcc/arm-none-eabi/6.3.1/../../../../arm-none-eabi/lib/thumb/v7-m\libg.a(lib_a-vfprintf.o)
 .text.__swsetup_r
                0x080065cc       0xc8 c:/program files (x86)/gnu tools arm embedded/5.4 2016q3/bin/../lib/gcc/arm-none-eabi/6.3.1/../../../../arm-none-eabi/lib/thumb/v7-m\libg.a(lib_a-wsetup.o)
                0x080065cc                __swsetup_r
 .text.quorem   0x08006694      0x128 c:/program files (x86)/gnu tools arm embedded/5.4 2016q3/bin/../lib/gcc/arm-none-eabi/6.3.1/../../../../arm-none-eabi/lib/thumb/v7-m\libg.a(lib_a-dtoa.o)
 *fill*         0x080067bc        0x4 
 .text._dtoa_r  0x080067c0      0xe44 c:/program files (x86)/gnu tools arm embedded/5.4 2016q3/bin/../lib/gcc/arm-none-eabi/6.3.1/../../../../arm-none-eabi/lib/thumb/v7-m\libg.a(lib_a-dtoa.o)
                0x080067c0                _dtoa_r
 .text.__sflush_r
                0x08007604      0x138 c:/program files (x86)/gnu tools arm embedded/5.4 2016q3/bin/../lib/gcc/arm-none-eabi/6.3.1/../../../../arm-none-eabi/lib/thumb/v7-m\libg.a(lib_a-fflush.o)
                0x08007604                __sflush_r
 .text._fflush_r
                0x0800773c       0x54 c:/program files (x86)/gnu tools arm embedded/5.4 2016q3/bin/../lib/gcc/arm-none-eabi/6.3.1/../../../../arm-none-eabi/lib/thumb/v7-m\libg.a(lib_a-fflush.o)
                0x0800773c                _fflush_r
 .text._cleanup_r
                0x08007790        0xc c:/program files (x86)/gnu tools arm embedded/5.4 2016q3/bin/../lib/gcc/arm-none-eabi/6.3.1/../../../../arm-none-eabi/lib/thumb/v7-m\libg.a(lib_a-findfp.o)
                0x08007790                _cleanup_r
 .text.std.isra.0
                0x0800779c       0x50 c:/program files (x86)/gnu tools arm embedded/5.4 2016q3/bin/../lib/gcc/arm-none-eabi/6.3.1/../../../../arm-none-eabi/lib/thumb/v7-m\libg.a(lib_a-findfp.o)
 .text.__sinit  0x080077ec       0x60 c:/program files (x86)/gnu tools arm embedded/5.4 2016q3/bin/../lib/gcc/arm-none-eabi/6.3.1/../../../../arm-none-eabi/lib/thumb/v7-m\libg.a(lib_a-findfp.o)
                0x080077ec                __sinit
 .text.__sfp_lock_acquire
                0x0800784c        0xc c:/program files (x86)/gnu tools arm embedded/5.4 2016q3/bin/../lib/gcc/arm-none-eabi/6.3.1/../../../../arm-none-eabi/lib/thumb/v7-m\libg.a(lib_a-findfp.o)
                0x0800784c                __sfp_lock_acquire
 .text.__sfp_lock_release
                0x08007858        0xc c:/program files (x86)/gnu tools arm embedded/5.4 2016q3/bin/../lib/gcc/arm-none-eabi/6.3.1/../../../../arm-none-eabi/lib/thumb/v7-m\libg.a(lib_a-findfp.o)
                0x08007858                __sfp_lock_release
 .text._malloc_trim_r
                0x08007864       0xa0 c:/program files (x86)/gnu tools arm embedded/5.4 2016q3/bin/../lib/gcc/arm-none-eabi/6.3.1/../../../../arm-none-eabi/lib/thumb/v7-m\libg.a(lib_a-freer.o)
                0x08007864                _malloc_trim_r
 .text._free_r  0x08007904      0x1cc c:/program files (x86)/gnu tools arm embedded/5.4 2016q3/bin/../lib/gcc/arm-none-eabi/6.3.1/../../../../arm-none-eabi/lib/thumb/v7-m\libg.a(lib_a-freer.o)
                0x08007904                _free_r
 .text.__sfvwrite_r
                0x08007ad0      0x2f4 c:/program files (x86)/gnu tools arm embedded/5.4 2016q3/bin/../lib/gcc/arm-none-eabi/6.3.1/../../../../arm-none-eabi/lib/thumb/v7-m\libg.a(lib_a-fvwrite.o)
                0x08007ad0                __sfvwrite_r
 .text._fwalk_reent
                0x08007dc4       0x50 c:/program files (x86)/gnu tools arm embedded/5.4 2016q3/bin/../lib/gcc/arm-none-eabi/6.3.1/../../../../arm-none-eabi/lib/thumb/v7-m\libg.a(lib_a-fwalk.o)
                0x08007dc4                _fwalk_reent
 .text._localeconv_r
                0x08007e14       0x1c c:/program files (x86)/gnu tools arm embedded/5.4 2016q3/bin/../lib/gcc/arm-none-eabi/6.3.1/../../../../arm-none-eabi/lib/thumb/v7-m\libg.a(lib_a-localeconv.o)
                0x08007e14                _localeconv_r
 .text.__retarget_lock_init_recursive
                0x08007e30        0x4 c:/program files (x86)/gnu tools arm embedded/5.4 2016q3/bin/../lib/gcc/arm-none-eabi/6.3.1/../../../../arm-none-eabi/lib/thumb/v7-m\libg.a(lib_a-lock.o)
                0x08007e30                __retarget_lock_init_recursive
 .text.__retarget_lock_close_recursive
                0x08007e34        0x4 c:/program files (x86)/gnu tools arm embedded/5.4 2016q3/bin/../lib/gcc/arm-none-eabi/6.3.1/../../../../arm-none-eabi/lib/thumb/v7-m\libg.a(lib_a-lock.o)
                0x08007e34                __retarget_lock_close_recursive
 .text.__retarget_lock_acquire_recursive
                0x08007e38        0x4 c:/program files (x86)/gnu tools arm embedded/5.4 2016q3/bin/../lib/gcc/arm-none-eabi/6.3.1/../../../../arm-none-eabi/lib/thumb/v7-m\libg.a(lib_a-lock.o)
                0x08007e38                __retarget_lock_acquire_recursive
 .text.__retarget_lock_release_recursive
                0x08007e3c        0x4 c:/program files (x86)/gnu tools arm embedded/5.4 2016q3/bin/../lib/gcc/arm-none-eabi/6.3.1/../../../../arm-none-eabi/lib/thumb/v7-m\libg.a(lib_a-lock.o)
                0x08007e3c                __retarget_lock_release_recursive
 .text.__swhatbuf_r
                0x08007e40       0x5c c:/program files (x86)/gnu tools arm embedded/5.4 2016q3/bin/../lib/gcc/arm-none-eabi/6.3.1/../../../../arm-none-eabi/lib/thumb/v7-m\libg.a(lib_a-makebuf.o)
                0x08007e40                __swhatbuf_r
 .text.__smakebuf_r
                0x08007e9c       0x94 c:/program files (x86)/gnu tools arm embedded/5.4 2016q3/bin/../lib/gcc/arm-none-eabi/6.3.1/../../../../arm-none-eabi/lib/thumb/v7-m\libg.a(lib_a-makebuf.o)
                0x08007e9c                __smakebuf_r
 .text.memchr   0x08007f30       0x8c c:/program files (x86)/gnu tools arm embedded/5.4 2016q3/bin/../lib/gcc/arm-none-eabi/6.3.1/../../../../arm-none-eabi/lib/thumb/v7-m\libg.a(lib_a-memchr-stub.o)
                0x08007f30                memchr
 .text          0x08007fbc       0xec c:/program files (x86)/gnu tools arm embedded/5.4 2016q3/bin/../lib/gcc/arm-none-eabi/6.3.1/../../../../arm-none-eabi/lib/thumb/v7-m\libg.a(lib_a-memcpy.o)
                0x08007fbc                memcpy
 .text.memset   0x080080a8       0x9c c:/program files (x86)/gnu tools arm embedded/5.4 2016q3/bin/../lib/gcc/arm-none-eabi/6.3.1/../../../../arm-none-eabi/lib/thumb/v7-m\libg.a(lib_a-memset.o)
                0x080080a8                memset
 .text._Balloc  0x08008144       0x4c c:/program files (x86)/gnu tools arm embedded/5.4 2016q3/bin/../lib/gcc/arm-none-eabi/6.3.1/../../../../arm-none-eabi/lib/thumb/v7-m\libg.a(lib_a-mprec.o)
                0x08008144                _Balloc
 .text._Bfree   0x08008190       0x14 c:/program files (x86)/gnu tools arm embedded/5.4 2016q3/bin/../lib/gcc/arm-none-eabi/6.3.1/../../../../arm-none-eabi/lib/thumb/v7-m\libg.a(lib_a-mprec.o)
                0x08008190                _Bfree
 .text.__multadd
                0x080081a4       0x84 c:/program files (x86)/gnu tools arm embedded/5.4 2016q3/bin/../lib/gcc/arm-none-eabi/6.3.1/../../../../arm-none-eabi/lib/thumb/v7-m\libg.a(lib_a-mprec.o)
                0x080081a4                __multadd
 .text.__hi0bits
                0x08008228       0x40 c:/program files (x86)/gnu tools arm embedded/5.4 2016q3/bin/../lib/gcc/arm-none-eabi/6.3.1/../../../../arm-none-eabi/lib/thumb/v7-m\libg.a(lib_a-mprec.o)
                0x08008228                __hi0bits
 .text.__lo0bits
                0x08008268       0x60 c:/program files (x86)/gnu tools arm embedded/5.4 2016q3/bin/../lib/gcc/arm-none-eabi/6.3.1/../../../../arm-none-eabi/lib/thumb/v7-m\libg.a(lib_a-mprec.o)
                0x08008268                __lo0bits
 .text.__i2b    0x080082c8       0x14 c:/program files (x86)/gnu tools arm embedded/5.4 2016q3/bin/../lib/gcc/arm-none-eabi/6.3.1/../../../../arm-none-eabi/lib/thumb/v7-m\libg.a(lib_a-mprec.o)
                0x080082c8                __i2b
 .text.__multiply
                0x080082dc      0x124 c:/program files (x86)/gnu tools arm embedded/5.4 2016q3/bin/../lib/gcc/arm-none-eabi/6.3.1/../../../../arm-none-eabi/lib/thumb/v7-m\libg.a(lib_a-mprec.o)
                0x080082dc                __multiply
 .text.__pow5mult
                0x08008400       0xa0 c:/program files (x86)/gnu tools arm embedded/5.4 2016q3/bin/../lib/gcc/arm-none-eabi/6.3.1/../../../../arm-none-eabi/lib/thumb/v7-m\libg.a(lib_a-mprec.o)
                0x08008400                __pow5mult
 .text.__lshift
                0x080084a0       0xa0 c:/program files (x86)/gnu tools arm embedded/5.4 2016q3/bin/../lib/gcc/arm-none-eabi/6.3.1/../../../../arm-none-eabi/lib/thumb/v7-m\libg.a(lib_a-mprec.o)
                0x080084a0                __lshift
 .text.__mcmp   0x08008540       0x38 c:/program files (x86)/gnu tools arm embedded/5.4 2016q3/bin/../lib/gcc/arm-none-eabi/6.3.1/../../../../arm-none-eabi/lib/thumb/v7-m\libg.a(lib_a-mprec.o)
                0x08008540                __mcmp
 .text.__mdiff  0x08008578      0x11c c:/program files (x86)/gnu tools arm embedded/5.4 2016q3/bin/../lib/gcc/arm-none-eabi/6.3.1/../../../../arm-none-eabi/lib/thumb/v7-m\libg.a(lib_a-mprec.o)
                0x08008578                __mdiff
 .text.__d2b    0x08008694       0xa8 c:/program files (x86)/gnu tools arm embedded/5.4 2016q3/bin/../lib/gcc/arm-none-eabi/6.3.1/../../../../arm-none-eabi/lib/thumb/v7-m\libg.a(lib_a-mprec.o)
                0x08008694                __d2b
 .text._putc_r  0x0800873c       0x70 c:/program files (x86)/gnu tools arm embedded/5.4 2016q3/bin/../lib/gcc/arm-none-eabi/6.3.1/../../../../arm-none-eabi/lib/thumb/v7-m\libg.a(lib_a-putc.o)
                0x0800873c                _putc_r
 .text.__sread  0x080087ac       0x24 c:/program files (x86)/gnu tools arm embedded/5.4 2016q3/bin/../lib/gcc/arm-none-eabi/6.3.1/../../../../arm-none-eabi/lib/thumb/v7-m\libg.a(lib_a-stdio.o)
                0x080087ac                __sread
 .text.__swrite
                0x080087d0       0x3c c:/program files (x86)/gnu tools arm embedded/5.4 2016q3/bin/../lib/gcc/arm-none-eabi/6.3.1/../../../../arm-none-eabi/lib/thumb/v7-m\libg.a(lib_a-stdio.o)
                0x080087d0                __swrite
 .text.__sseek  0x0800880c       0x20 c:/program files (x86)/gnu tools arm embedded/5.4 2016q3/bin/../lib/gcc/arm-none-eabi/6.3.1/../../../../arm-none-eabi/lib/thumb/v7-m\libg.a(lib_a-stdio.o)
                0x0800880c                __sseek
 .text.__sclose
                0x0800882c        0x8 c:/program files (x86)/gnu tools arm embedded/5.4 2016q3/bin/../lib/gcc/arm-none-eabi/6.3.1/../../../../arm-none-eabi/lib/thumb/v7-m\libg.a(lib_a-stdio.o)
                0x0800882c                __sclose
 .text.__sprint_r.part.0
                0x08008834       0x80 c:/program files (x86)/gnu tools arm embedded/5.4 2016q3/bin/../lib/gcc/arm-none-eabi/6.3.1/../../../../arm-none-eabi/lib/thumb/v7-m\libg.a(lib_a-vfiprintf.o)
 .text.__sprint_r
                0x080088b4       0x14 c:/program files (x86)/gnu tools arm embedded/5.4 2016q3/bin/../lib/gcc/arm-none-eabi/6.3.1/../../../../arm-none-eabi/lib/thumb/v7-m\libg.a(lib_a-vfiprintf.o)
                0x080088b4                __sprint_r
 .text.__swbuf_r
                0x080088c8       0xb0 c:/program files (x86)/gnu tools arm embedded/5.4 2016q3/bin/../lib/gcc/arm-none-eabi/6.3.1/../../../../arm-none-eabi/lib/thumb/v7-m\libg.a(lib_a-wbuf.o)
                0x080088c8                __swbuf_r
 .text._write_r
                0x08008978       0x2c c:/program files (x86)/gnu tools arm embedded/5.4 2016q3/bin/../lib/gcc/arm-none-eabi/6.3.1/../../../../arm-none-eabi/lib/thumb/v7-m\libg.a(lib_a-writer.o)
                0x08008978                _write_r
 .text._calloc_r
                0x080089a4       0x60 c:/program files (x86)/gnu tools arm embedded/5.4 2016q3/bin/../lib/gcc/arm-none-eabi/6.3.1/../../../../arm-none-eabi/lib/thumb/v7-m\libg.a(lib_a-callocr.o)
                0x080089a4                _calloc_r
 .text._close_r
                0x08008a04       0x24 c:/program files (x86)/gnu tools arm embedded/5.4 2016q3/bin/../lib/gcc/arm-none-eabi/6.3.1/../../../../arm-none-eabi/lib/thumb/v7-m\libg.a(lib_a-closer.o)
                0x08008a04                _close_r
 .text._fclose_r
                0x08008a28       0xc4 c:/program files (x86)/gnu tools arm embedded/5.4 2016q3/bin/../lib/gcc/arm-none-eabi/6.3.1/../../../../arm-none-eabi/lib/thumb/v7-m\libg.a(lib_a-fclose.o)
                0x08008a28                _fclose_r
 .text.__fputwc
                0x08008aec       0x98 c:/program files (x86)/gnu tools arm embedded/5.4 2016q3/bin/../lib/gcc/arm-none-eabi/6.3.1/../../../../arm-none-eabi/lib/thumb/v7-m\libg.a(lib_a-fputwc.o)
                0x08008aec                __fputwc
 .text._fputwc_r
                0x08008b84       0x68 c:/program files (x86)/gnu tools arm embedded/5.4 2016q3/bin/../lib/gcc/arm-none-eabi/6.3.1/../../../../arm-none-eabi/lib/thumb/v7-m\libg.a(lib_a-fputwc.o)
                0x08008b84                _fputwc_r
 .text._fstat_r
                0x08008bec       0x28 c:/program files (x86)/gnu tools arm embedded/5.4 2016q3/bin/../lib/gcc/arm-none-eabi/6.3.1/../../../../arm-none-eabi/lib/thumb/v7-m\libg.a(lib_a-fstatr.o)
                0x08008bec                _fstat_r
 .text._isatty_r
                0x08008c14       0x24 c:/program files (x86)/gnu tools arm embedded/5.4 2016q3/bin/../lib/gcc/arm-none-eabi/6.3.1/../../../../arm-none-eabi/lib/thumb/v7-m\libg.a(lib_a-isattyr.o)
                0x08008c14                _isatty_r
 .text.__locale_mb_cur_max
                0x08008c38       0x1c c:/program files (x86)/gnu tools arm embedded/5.4 2016q3/bin/../lib/gcc/arm-none-eabi/6.3.1/../../../../arm-none-eabi/lib/thumb/v7-m\libg.a(lib_a-locale.o)
                0x08008c38                __locale_mb_cur_max
 .text._lseek_r
                0x08008c54       0x2c c:/program files (x86)/gnu tools arm embedded/5.4 2016q3/bin/../lib/gcc/arm-none-eabi/6.3.1/../../../../arm-none-eabi/lib/thumb/v7-m\libg.a(lib_a-lseekr.o)
                0x08008c54                _lseek_r
 .text.__ascii_mbtowc
                0x08008c80       0x2c c:/program files (x86)/gnu tools arm embedded/5.4 2016q3/bin/../lib/gcc/arm-none-eabi/6.3.1/../../../../arm-none-eabi/lib/thumb/v7-m\libg.a(lib_a-mbtowc_r.o)
                0x08008c80                __ascii_mbtowc
 .text._read_r  0x08008cac       0x2c c:/program files (x86)/gnu tools arm embedded/5.4 2016q3/bin/../lib/gcc/arm-none-eabi/6.3.1/../../../../arm-none-eabi/lib/thumb/v7-m\libg.a(lib_a-readr.o)
                0x08008cac                _read_r
 .text._wcrtomb_r
                0x08008cd8       0x54 c:/program files (x86)/gnu tools arm embedded/5.4 2016q3/bin/../lib/gcc/arm-none-eabi/6.3.1/../../../../arm-none-eabi/lib/thumb/v7-m\libg.a(lib_a-wcrtomb.o)
                0x08008cd8                _wcrtomb_r
 .text.__ascii_wctomb
                0x08008d2c       0x18 c:/program files (x86)/gnu tools arm embedded/5.4 2016q3/bin/../lib/gcc/arm-none-eabi/6.3.1/../../../../arm-none-eabi/lib/thumb/v7-m\libg.a(lib_a-wctomb_r.o)
                0x08008d2c                __ascii_wctomb
 .text          0x08008d44      0x370 c:/program files (x86)/gnu tools arm embedded/5.4 2016q3/bin/../lib/gcc/arm-none-eabi/6.3.1/thumb/v7-m\libgcc.a(_arm_addsubdf3.o)
                0x08008d44                __aeabi_drsub
                0x08008d4c                __aeabi_dsub
                0x08008d4c                __subdf3
                0x08008d50                __aeabi_dadd
                0x08008d50                __adddf3
                0x08008fc8                __floatunsidf
                0x08008fc8                __aeabi_ui2d
                0x08008fe8                __floatsidf
                0x08008fe8                __aeabi_i2d
                0x0800900c                __aeabi_f2d
                0x0800900c                __extendsfdf2
                0x08009048                __floatundidf
                0x08009048                __aeabi_ul2d
                0x08009058                __floatdidf
                0x08009058                __aeabi_l2d
 .text          0x080090b4      0x424 c:/program files (x86)/gnu tools arm embedded/5.4 2016q3/bin/../lib/gcc/arm-none-eabi/6.3.1/thumb/v7-m\libgcc.a(_arm_muldivdf3.o)
                0x080090b4                __aeabi_dmul
                0x080090b4                __muldf3
                0x08009308                __divdf3
                0x08009308                __aeabi_ddiv
 .text          0x080094d8      0x110 c:/program files (x86)/gnu tools arm embedded/5.4 2016q3/bin/../lib/gcc/arm-none-eabi/6.3.1/thumb/v7-m\libgcc.a(_arm_cmpdf2.o)
                0x080094d8                __gtdf2
                0x080094d8                __gedf2
                0x080094e0                __ltdf2
                0x080094e0                __ledf2
                0x080094e8                __nedf2
                0x080094e8                __eqdf2
                0x080094e8                __cmpdf2
                0x08009564                __aeabi_cdrcmple
                0x08009574                __aeabi_cdcmpeq
                0x08009574                __aeabi_cdcmple
                0x08009584                __aeabi_dcmpeq
                0x08009598                __aeabi_dcmplt
                0x080095ac                __aeabi_dcmple
                0x080095c0                __aeabi_dcmpge
                0x080095d4                __aeabi_dcmpgt
 .text          0x080095e8       0x2c c:/program files (x86)/gnu tools arm embedded/5.4 2016q3/bin/../lib/gcc/arm-none-eabi/6.3.1/thumb/v7-m\libgcc.a(_arm_unorddf2.o)
                0x080095e8                __unorddf2
                0x080095e8                __aeabi_dcmpun
 .text          0x08009614       0x50 c:/program files (x86)/gnu tools arm embedded/5.4 2016q3/bin/../lib/gcc/arm-none-eabi/6.3.1/thumb/v7-m\libgcc.a(_arm_fixdfsi.o)
                0x08009614                __aeabi_d2iz
                0x08009614                __fixdfsi
 .text          0x08009664       0x30 c:/program files (x86)/gnu tools arm embedded/5.4 2016q3/bin/../lib/gcc/arm-none-eabi/6.3.1/thumb/v7-m\libgcc.a(_aeabi_uldivmod.o)
                0x08009664                __aeabi_uldivmod
 .text          0x08009694      0x2dc c:/program files (x86)/gnu tools arm embedded/5.4 2016q3/bin/../lib/gcc/arm-none-eabi/6.3.1/thumb/v7-m\libgcc.a(_udivmoddi4.o)
                0x08009694                __udivmoddi4
 .text          0x08009970        0x4 c:/program files (x86)/gnu tools arm embedded/5.4 2016q3/bin/../lib/gcc/arm-none-eabi/6.3.1/thumb/v7-m\libgcc.a(_dvmd_tls.o)
                0x08009970                __aeabi_idiv0
                0x08009970                __aeabi_ldiv0
 *(.init)
 *(.fini)
 *crtbegin.o(.ctors)
 *crtbegin?.o(.ctors)
 *(EXCLUDE_FILE(*crtend.o *crtend?.o) .ctors)
 *(SORT(.ctors.*))
 *(.ctors)
 *crtbegin.o(.dtors)
 *crtbegin?.o(.dtors)
 *(EXCLUDE_FILE(*crtend.o *crtend?.o) .dtors)
 *(SORT(.dtors.*))
 *(.dtors)
 *(.rodata*)
 .rodata.str1.4
                0x08009974       0x1e ..\obj\socket.o
 *fill*         0x08009992        0x2 
 .rodata.str1.4
                0x08009994      0x725 ..\obj\AddressAutoConfig.o
 *fill*         0x0800a0b9        0x3 
 .rodata.str1.4
                0x0800a0bc      0x4e6 ..\obj\main.o
                                0x69a (size before relaxing)
 *fill*         0x0800a5a2        0x2 
 .rodata.str1.4
                0x0800a5a4      0x1a1 ..\obj\loopback.o
 *fill*         0x0800a745        0x3 
 .rodata.str1.4
                0x0800a748      0x387 ..\obj\dhcpv6.o
                                0x393 (size before relaxing)
 *fill*         0x0800aacf        0x1 
 .rodata        0x0800aad0        0x8 ..\obj\W6100RelFunctions.o
 .rodata.str1.4
                0x0800aad8       0x62 ..\obj\W6100RelFunctions.o
 *fill*         0x0800ab3a        0x2 
 .rodata.str1.4
                0x0800ab3c       0x3e ..\obj\HALInit.o
 .rodata._puts_r.str1.4
                0x0800ab7a       0x3e c:/program files (x86)/gnu tools arm embedded/5.4 2016q3/bin/../lib/gcc/arm-none-eabi/6.3.1/../../../../arm-none-eabi/lib/thumb/v7-m\libg.a(lib_a-puts.o)
                                  0x2 (size before relaxing)
 *fill*         0x0800ab7a        0x2 
 .rodata._vfprintf_r.str1.4
                0x0800ab7c       0x42 c:/program files (x86)/gnu tools arm embedded/5.4 2016q3/bin/../lib/gcc/arm-none-eabi/6.3.1/../../../../arm-none-eabi/lib/thumb/v7-m\libg.a(lib_a-vfprintf.o)
 *fill*         0x0800abbe        0x2 
 .rodata.blanks.7238
                0x0800abc0       0x10 c:/program files (x86)/gnu tools arm embedded/5.4 2016q3/bin/../lib/gcc/arm-none-eabi/6.3.1/../../../../arm-none-eabi/lib/thumb/v7-m\libg.a(lib_a-vfprintf.o)
 .rodata.zeroes.7239
                0x0800abd0       0x10 c:/program files (x86)/gnu tools arm embedded/5.4 2016q3/bin/../lib/gcc/arm-none-eabi/6.3.1/../../../../arm-none-eabi/lib/thumb/v7-m\libg.a(lib_a-vfprintf.o)
 .rodata._dtoa_r.str1.4
                0x0800abe0       0x10 c:/program files (x86)/gnu tools arm embedded/5.4 2016q3/bin/../lib/gcc/arm-none-eabi/6.3.1/../../../../arm-none-eabi/lib/thumb/v7-m\libg.a(lib_a-dtoa.o)
                                 0x12 (size before relaxing)
 .rodata.__mprec_bigtens
                0x0800abf0       0x28 c:/program files (x86)/gnu tools arm embedded/5.4 2016q3/bin/../lib/gcc/arm-none-eabi/6.3.1/../../../../arm-none-eabi/lib/thumb/v7-m\libg.a(lib_a-mprec.o)
                0x0800abf0                __mprec_bigtens
 .rodata.__mprec_tens
                0x0800ac18       0xc8 c:/program files (x86)/gnu tools arm embedded/5.4 2016q3/bin/../lib/gcc/arm-none-eabi/6.3.1/../../../../arm-none-eabi/lib/thumb/v7-m\libg.a(lib_a-mprec.o)
                0x0800ac18                __mprec_tens
 .rodata.p05.6055
                0x0800ace0        0xc c:/program files (x86)/gnu tools arm embedded/5.4 2016q3/bin/../lib/gcc/arm-none-eabi/6.3.1/../../../../arm-none-eabi/lib/thumb/v7-m\libg.a(lib_a-mprec.o)
 .rodata._setlocale_r.str1.4
                0x0800acec        0xa c:/program files (x86)/gnu tools arm embedded/5.4 2016q3/bin/../lib/gcc/arm-none-eabi/6.3.1/../../../../arm-none-eabi/lib/thumb/v7-m\libg.a(lib_a-locale.o)
                                  0xd (size before relaxing)
 *fill*         0x0800acf6        0x2 
 .rodata.str1.4
                0x0800acf8        0x4 c:/program files (x86)/gnu tools arm embedded/5.4 2016q3/bin/../lib/gcc/arm-none-eabi/6.3.1/../../../../arm-none-eabi/lib/thumb/v7-m\libg.a(lib_a-locale.o)
                                  0x2 (size before relaxing)
 .rodata._ctype_
                0x0800acfc      0x101 c:/program files (x86)/gnu tools arm embedded/5.4 2016q3/bin/../lib/gcc/arm-none-eabi/6.3.1/../../../../arm-none-eabi/lib/thumb/v7-m\libg.a(lib_a-ctype_.o)
                0x0800acfc                _ctype_
 *(.eh_fram e*)

.glue_7         0x0800ae00        0x0
 .glue_7        0x0800ae00        0x0 linker stubs

.glue_7t        0x0800ae00        0x0
 .glue_7t       0x0800ae00        0x0 linker stubs

.vfp11_veneer   0x0800ae00        0x0
 .vfp11_veneer  0x0800ae00        0x0 linker stubs

.v4_bx          0x0800ae00        0x0
 .v4_bx         0x0800ae00        0x0 linker stubs

.iplt           0x0800ae00        0x0
 .iplt          0x0800ae00        0x0 ..\obj\socket.o

.ARM.extab
 *(.ARM.extab* .gnu.linkonce.armextab.*)
                0x0800ae00                __exidx_start = .

.ARM.exidx      0x0800ae00        0x8
 *(.ARM.exidx* .gnu.linkonce.armexidx.*)
 .ARM.exidx     0x0800ae00        0x8 c:/program files (x86)/gnu tools arm embedded/5.4 2016q3/bin/../lib/gcc/arm-none-eabi/6.3.1/thumb/v7-m\libgcc.a(_udivmoddi4.o)
                0x0800ae08                __exidx_end = .
                0x0800ae08                __etext = .
                0x0800ae08                _sidata = __etext

.rel.dyn        0x0800ae08        0x0
 .rel.iplt      0x0800ae08        0x0 ..\obj\socket.o

.data           0x20000000      0xa04 load address 0x0800ae08
                0x20000000                __data_start__ = .
                0x20000000                _sdata = __data_start__
 *(vtable)
 *(.data*)
 .data          0x20000000        0x2 ..\obj\socket.o
 *fill*         0x20000002        0x2 
 .data          0x20000004        0x6 ..\obj\main.o
                0x20000004                WIZ_MAC
 *fill*         0x2000000a        0x2 
 .data          0x2000000c       0x28 ..\obj\wizchip_conf.o
                0x2000000c                WIZCHIP
 .data          0x20000034       0x14 ..\obj\stm32f10x_rcc.o
 .data          0x20000048       0x10 ..\obj\dhcpv6.o
                0x20000048                dhcp_tick_next
                0x2000004c                HOST_NAME
                0x20000054                a
 .data.__malloc_av_
                0x20000058      0x408 c:/program files (x86)/gnu tools arm embedded/5.4 2016q3/bin/../lib/gcc/arm-none-eabi/6.3.1/../../../../arm-none-eabi/lib/thumb/v7-m\libg.a(lib_a-mallocr.o)
                0x20000058                __malloc_av_
 .data.__malloc_sbrk_base
                0x20000460        0x4 c:/program files (x86)/gnu tools arm embedded/5.4 2016q3/bin/../lib/gcc/arm-none-eabi/6.3.1/../../../../arm-none-eabi/lib/thumb/v7-m\libg.a(lib_a-mallocr.o)
                0x20000460                __malloc_sbrk_base
 .data.__malloc_trim_threshold
                0x20000464        0x4 c:/program files (x86)/gnu tools arm embedded/5.4 2016q3/bin/../lib/gcc/arm-none-eabi/6.3.1/../../../../arm-none-eabi/lib/thumb/v7-m\libg.a(lib_a-mallocr.o)
                0x20000464                __malloc_trim_threshold
 .data._impure_ptr
                0x20000468        0x4 c:/program files (x86)/gnu tools arm embedded/5.4 2016q3/bin/../lib/gcc/arm-none-eabi/6.3.1/../../../../arm-none-eabi/lib/thumb/v7-m\libg.a(lib_a-impure.o)
                0x20000468                _impure_ptr
 *fill*         0x2000046c        0x4 
 .data.impure_data
                0x20000470      0x428 c:/program files (x86)/gnu tools arm embedded/5.4 2016q3/bin/../lib/gcc/arm-none-eabi/6.3.1/../../../../arm-none-eabi/lib/thumb/v7-m\libg.a(lib_a-impure.o)
 .data.__global_locale
                0x20000898      0x16c c:/program files (x86)/gnu tools arm embedded/5.4 2016q3/bin/../lib/gcc/arm-none-eabi/6.3.1/../../../../arm-none-eabi/lib/thumb/v7-m\libg.a(lib_a-locale.o)
                0x20000898                __global_locale
                0x20000a04                . = ALIGN (0x4)
                [!provide]                PROVIDE (__preinit_array_start, .)
 *(.preinit_array)
                [!provide]                PROVIDE (__preinit_array_end, .)
                0x20000a04                . = ALIGN (0x4)
                [!provide]                PROVIDE (__init_array_start, .)
 *(SORT(.init_array.*))
 *(.init_array)
                [!provide]                PROVIDE (__init_array_end, .)
                0x20000a04                . = ALIGN (0x4)
                [!provide]                PROVIDE (__fini_array_start, .)
 *(SORT(.fini_array.*))
 *(.fini_array)
                [!provide]                PROVIDE (__fini_array_end, .)
 *(.jcr*)
                0x20000a04                . = ALIGN (0x4)
                0x20000a04                __data_end__ = .
                0x20000a04                _edata = __data_end__

.igot.plt       0x20000a04        0x0 load address 0x0800b80c
 .igot.plt      0x20000a04        0x0 ..\obj\socket.o

.bss            0x20000a04      0x978 load address 0x0800b80c
                0x20000a04                . = ALIGN (0x4)
                0x20000a04                __bss_start__ = .
                0x20000a04                _sbss = __bss_start__
 *(.bss*)
 .bss           0x20000a04       0x1c ..\obj\socket.o
                0x20000a18                sock_pack_info
 .bss           0x20000a20      0x800 ..\obj\main.o
 .bss           0x20001220       0x74 ..\obj\dhcpv6.o
                0x20001220                num2
                0x20001224                DNS6_Address
                0x20001234                dhcp_state
                0x20001238                DHCP_allocated_ip
                0x20001248                dhcp_retry_count
                0x2000124c                dhcp_tick_1s
                0x20001250                status_msg
                0x20001254                DHCP_allocated_dns
                0x20001264                DHCP_allocated_sn
                0x20001274                DHCP_allocated_gw
                0x20001284                OLD_allocated_ip
 .bss           0x20001294        0x4 ..\obj\syscalls.o
 .bss           0x20001298        0x4 ..\obj\HALInit.o
                0x20001298                globalTimer
 .bss.__malloc_current_mallinfo
                0x2000129c       0x28 c:/program files (x86)/gnu tools arm embedded/5.4 2016q3/bin/../lib/gcc/arm-none-eabi/6.3.1/../../../../arm-none-eabi/lib/thumb/v7-m\libg.a(lib_a-mallocr.o)
                0x2000129c                __malloc_current_mallinfo
 .bss.__malloc_max_sbrked_mem
                0x200012c4        0x4 c:/program files (x86)/gnu tools arm embedded/5.4 2016q3/bin/../lib/gcc/arm-none-eabi/6.3.1/../../../../arm-none-eabi/lib/thumb/v7-m\libg.a(lib_a-mallocr.o)
                0x200012c4                __malloc_max_sbrked_mem
 .bss.__malloc_max_total_mem
                0x200012c8        0x4 c:/program files (x86)/gnu tools arm embedded/5.4 2016q3/bin/../lib/gcc/arm-none-eabi/6.3.1/../../../../arm-none-eabi/lib/thumb/v7-m\libg.a(lib_a-mallocr.o)
                0x200012c8                __malloc_max_total_mem
 .bss.__malloc_top_pad
                0x200012cc        0x4 c:/program files (x86)/gnu tools arm embedded/5.4 2016q3/bin/../lib/gcc/arm-none-eabi/6.3.1/../../../../arm-none-eabi/lib/thumb/v7-m\libg.a(lib_a-mallocr.o)
                0x200012cc                __malloc_top_pad
 *(COMMON)
 COMMON         0x200012d0        0x1 ..\obj\main.o
                0x200012d0                MO_flag
 *fill*         0x200012d1        0x3 
 COMMON         0x200012d4       0x7d ..\obj\dhcpv6.o
                0x200012d4                T2
                0x200012d8                Hardware_type_s
                0x200012dc                DHCP_CHADDR
                0x200012e2                iana_len
                0x200012e4                ValidLifeTime
                0x200012e8                iaaddr_len
                0x200012ec                Enterprise_num_s
                0x200012f0                recv_IP
                0x20001300                growby
                0x20001304                clientid_len
                0x20001308                Server_MAC
                0x20001310                DHCP_XID
                0x20001314                PreLifeTime
                0x20001318                DHCP_SIP
                0x20001328                Lstatuscode_len
                0x2000132c                num
                0x20001330                DUID_type_s
                0x20001334                T1
                0x20001338                size
                0x2000133c                pDHCPMSG
                0x20001340                serverid_len
                0x20001342                statuscode_len
                0x20001344                code
                0x20001348                Time_s
                0x2000134c                IAID
                0x20001350                DHCP_SOCKET
 *fill*         0x20001351        0x3 
 COMMON         0x20001354       0x21 c:/program files (x86)/gnu tools arm embedded/5.4 2016q3/bin/../lib/gcc/arm-none-eabi/6.3.1/../../../../arm-none-eabi/lib/thumb/v7-m\libg.a(lib_a-lock.o)
                0x20001354                __lock___atexit_recursive_mutex
                0x20001358                __lock___arc4random_mutex
                0x2000135c                __lock___env_recursive_mutex
                0x20001360                __lock___sinit_recursive_mutex
                0x20001364                __lock___malloc_recursive_mutex
                0x20001368                __lock___at_quick_exit_mutex
                0x2000136c                __lock___dd_hash_mutex
                0x20001370                __lock___tz_mutex
                0x20001374                __lock___sfp_recursive_mutex
 *fill*         0x20001375        0x3 
 COMMON         0x20001378        0x4 c:/program files (x86)/gnu tools arm embedded/5.4 2016q3/bin/../lib/gcc/arm-none-eabi/6.3.1/../../../../arm-none-eabi/lib/thumb/v7-m\libg.a(lib_a-reent.o)
                0x20001378                errno
                0x2000137c                . = ALIGN (0x4)
                0x2000137c                __bss_end__ = .
                0x2000137c                _ebss = __bss_end__

.heap           0x2000137c        0x0
                0x2000137c                __end__ = .
                0x2000137c                _end = __end__
                0x2000137c                end = __end__
 *(.heap*)
                0x2000137c                __HeapLimit = .

.co_stack       0x2000137c     0x1004 load address 0x0800c184
                0x20001380                . = ALIGN (0x8)
 *fill*         0x2000137c        0x4 
 *(.co_stack .co_stack.*)
 .co_stack      0x20001380     0x1000 ..\obj\startup_stm32f10x_hd.o
                0x20001380                pulStack
                0x2000c000                __StackTop = (ORIGIN (ram) + LENGTH (ram))
                0x2000affc                __StackLimit = (__StackTop - SIZEOF (.co_stack))
                [!provide]                PROVIDE (__stack, __StackTop)
                0x00000001                ASSERT ((__StackLimit >= __HeapLimit), region ram  overflowed with stack)
LOAD ..\obj\socket.o
LOAD ..\obj\stm32f10x_rtc.o
LOAD ..\obj\stm32f10x_tim.o
LOAD ..\obj\system_stm32f10x.o
LOAD ..\obj\AddressAutoConfig.o
LOAD ..\obj\startup_stm32f10x_hd.o
LOAD ..\obj\stm32f10x_fsmc.o
LOAD ..\obj\stm32f10x_pwr.o
LOAD ..\obj\stm32f10x_gpio.o
LOAD ..\obj\main.o
LOAD ..\obj\w6100.o
LOAD ..\obj\wizchip_conf.o
LOAD ..\obj\stm32f10x_rcc.o
LOAD ..\obj\loopback.o
LOAD ..\obj\stm32f10x_exti.o
LOAD ..\obj\stm32f10x_usart.o
LOAD ..\obj\dhcpv6.o
LOAD ..\obj\syscalls.o
LOAD ..\obj\stm32f10x_flash.o
LOAD ..\obj\stm32f10x_dma.o
LOAD ..\obj\W6100RelFunctions.o
LOAD ..\obj\misc.o
LOAD ..\obj\stm32f10x_wwdg.o
LOAD ..\obj\stm32f10x_spi.o
LOAD ..\obj\HALInit.o
LOAD ..\obj\usart.o
LOAD ..\obj\stm32f10x_iwdg.o
START GROUP
LOAD c:/program files (x86)/gnu tools arm embedded/5.4 2016q3/bin/../lib/gcc/arm-none-eabi/6.3.1/thumb/v7-m\libgcc.a
LOAD c:/program files (x86)/gnu tools arm embedded/5.4 2016q3/bin/../lib/gcc/arm-none-eabi/6.3.1/../../../../arm-none-eabi/lib/thumb/v7-m\libg.a
LOAD c:/program files (x86)/gnu tools arm embedded/5.4 2016q3/bin/../lib/gcc/arm-none-eabi/6.3.1/../../../../arm-none-eabi/lib/thumb/v7-m\libc.a
END GROUP
OUTPUT(w6100_evb_stm32f103vc.elf elf32-littlearm)

.debug_info     0x00000000    0x15a4d
 .debug_info    0x00000000     0x1e88 ..\obj\socket.o
 .debug_info    0x00001e88     0x23bc ..\obj\stm32f10x_tim.o
 .debug_info    0x00004244      0x4c7 ..\obj\system_stm32f10x.o
 .debug_info    0x0000470b     0x1abe ..\obj\AddressAutoConfig.o
 .debug_info    0x000061c9      0x132 ..\obj\startup_stm32f10x_hd.o
 .debug_info    0x000062fb      0x896 ..\obj\stm32f10x_gpio.o
 .debug_info    0x00006b91     0x1549 ..\obj\main.o
 .debug_info    0x000080da     0x1488 ..\obj\w6100.o
 .debug_info    0x00009562     0x1542 ..\obj\wizchip_conf.o
 .debug_info    0x0000aaa4      0x947 ..\obj\stm32f10x_rcc.o
 .debug_info    0x0000b3eb     0x1342 ..\obj\loopback.o
 .debug_info    0x0000c72d      0xb31 ..\obj\stm32f10x_usart.o
 .debug_info    0x0000d25e     0x3757 ..\obj\dhcpv6.o
 .debug_info    0x000109b5      0xe64 ..\obj\syscalls.o
 .debug_info    0x00011819      0xc8f ..\obj\W6100RelFunctions.o
 .debug_info    0x000124a8      0x54d ..\obj\misc.o
 .debug_info    0x000129f5      0x9d4 ..\obj\stm32f10x_spi.o
 .debug_info    0x000133c9     0x1a4c ..\obj\HALInit.o
 .debug_info    0x00014e15      0xc38 ..\obj\usart.o

.debug_abbrev   0x00000000     0x32fc
 .debug_abbrev  0x00000000      0x323 ..\obj\socket.o
 .debug_abbrev  0x00000323      0x2d5 ..\obj\stm32f10x_tim.o
 .debug_abbrev  0x000005f8      0x18a ..\obj\system_stm32f10x.o
 .debug_abbrev  0x00000782      0x390 ..\obj\AddressAutoConfig.o
 .debug_abbrev  0x00000b12       0xf6 ..\obj\startup_stm32f10x_hd.o
 .debug_abbrev  0x00000c08      0x211 ..\obj\stm32f10x_gpio.o
 .debug_abbrev  0x00000e19      0x308 ..\obj\main.o
 .debug_abbrev  0x00001121      0x363 ..\obj\w6100.o
 .debug_abbrev  0x00001484      0x416 ..\obj\wizchip_conf.o
 .debug_abbrev  0x0000189a      0x27d ..\obj\stm32f10x_rcc.o
 .debug_abbrev  0x00001b17      0x2d5 ..\obj\loopback.o
 .debug_abbrev  0x00001dec      0x1f5 ..\obj\stm32f10x_usart.o
 .debug_abbrev  0x00001fe1      0x488 ..\obj\dhcpv6.o
 .debug_abbrev  0x00002469      0x28c ..\obj\syscalls.o
 .debug_abbrev  0x000026f5      0x2e7 ..\obj\W6100RelFunctions.o
 .debug_abbrev  0x000029dc      0x17f ..\obj\misc.o
 .debug_abbrev  0x00002b5b      0x1f7 ..\obj\stm32f10x_spi.o
 .debug_abbrev  0x00002d52      0x312 ..\obj\HALInit.o
 .debug_abbrev  0x00003064      0x298 ..\obj\usart.o

.debug_loc      0x00000000     0x8666
 .debug_loc     0x00000000     0x1344 ..\obj\socket.o
 .debug_loc     0x00001344     0x1d6b ..\obj\stm32f10x_tim.o
 .debug_loc     0x000030af       0xdf ..\obj\system_stm32f10x.o
 .debug_loc     0x0000318e      0x531 ..\obj\AddressAutoConfig.o
 .debug_loc     0x000036bf       0x2b ..\obj\startup_stm32f10x_hd.o
 .debug_loc     0x000036ea      0x597 ..\obj\stm32f10x_gpio.o
 .debug_loc     0x00003c81      0x137 ..\obj\main.o
 .debug_loc     0x00003db8      0x6bd ..\obj\w6100.o
 .debug_loc     0x00004475      0xb58 ..\obj\wizchip_conf.o
 .debug_loc     0x00004fcd      0x728 ..\obj\stm32f10x_rcc.o
 .debug_loc     0x000056f5      0x6af ..\obj\loopback.o
 .debug_loc     0x00005da4      0x811 ..\obj\stm32f10x_usart.o
 .debug_loc     0x000065b5     0x17aa ..\obj\dhcpv6.o
 .debug_loc     0x00007d5f      0x192 ..\obj\syscalls.o
 .debug_loc     0x00007ef1       0x49 ..\obj\W6100RelFunctions.o
 .debug_loc     0x00007f3a      0x147 ..\obj\misc.o
 .debug_loc     0x00008081      0x54a ..\obj\stm32f10x_spi.o
 .debug_loc     0x000085cb       0x9b ..\obj\usart.o

.debug_aranges  0x00000000      0xc08
 .debug_aranges
                0x00000000       0x78 ..\obj\socket.o
 .debug_aranges
                0x00000078      0x2d0 ..\obj\stm32f10x_tim.o
 .debug_aranges
                0x00000348       0x28 ..\obj\system_stm32f10x.o
 .debug_aranges
                0x00000370       0x40 ..\obj\AddressAutoConfig.o
 .debug_aranges
                0x000003b0       0x28 ..\obj\startup_stm32f10x_hd.o
 .debug_aranges
                0x000003d8       0xa8 ..\obj\stm32f10x_gpio.o
 .debug_aranges
                0x00000480       0x40 ..\obj\main.o
 .debug_aranges
                0x000004c0       0xa0 ..\obj\w6100.o
 .debug_aranges
                0x00000560      0x108 ..\obj\wizchip_conf.o
 .debug_aranges
                0x00000668      0x118 ..\obj\stm32f10x_rcc.o
 .debug_aranges
                0x00000780       0x30 ..\obj\loopback.o
 .debug_aranges
                0x000007b0      0x100 ..\obj\stm32f10x_usart.o
 .debug_aranges
                0x000008b0       0xb0 ..\obj\dhcpv6.o
 .debug_aranges
                0x00000960       0x60 ..\obj\syscalls.o
 .debug_aranges
                0x000009c0       0x68 ..\obj\W6100RelFunctions.o
 .debug_aranges
                0x00000a28       0x40 ..\obj\misc.o
 .debug_aranges
                0x00000a68       0xd0 ..\obj\stm32f10x_spi.o
 .debug_aranges
                0x00000b38       0x90 ..\obj\HALInit.o
 .debug_aranges
                0x00000bc8       0x40 ..\obj\usart.o

.debug_ranges   0x00000000      0xda8
 .debug_ranges  0x00000000       0x68 ..\obj\socket.o
 .debug_ranges  0x00000068      0x3e0 ..\obj\stm32f10x_tim.o
 .debug_ranges  0x00000448       0x40 ..\obj\system_stm32f10x.o
 .debug_ranges  0x00000488       0x48 ..\obj\AddressAutoConfig.o
 .debug_ranges  0x000004d0       0x18 ..\obj\startup_stm32f10x_hd.o
 .debug_ranges  0x000004e8       0x98 ..\obj\stm32f10x_gpio.o
 .debug_ranges  0x00000580       0x30 ..\obj\main.o
 .debug_ranges  0x000005b0       0x90 ..\obj\w6100.o
 .debug_ranges  0x00000640       0xf8 ..\obj\wizchip_conf.o
 .debug_ranges  0x00000738      0x128 ..\obj\stm32f10x_rcc.o
 .debug_ranges  0x00000860       0x20 ..\obj\loopback.o
 .debug_ranges  0x00000880       0xf0 ..\obj\stm32f10x_usart.o
 .debug_ranges  0x00000970      0x1f0 ..\obj\dhcpv6.o
 .debug_ranges  0x00000b60       0x50 ..\obj\syscalls.o
 .debug_ranges  0x00000bb0       0x58 ..\obj\W6100RelFunctions.o
 .debug_ranges  0x00000c08       0x30 ..\obj\misc.o
 .debug_ranges  0x00000c38       0xc0 ..\obj\stm32f10x_spi.o
 .debug_ranges  0x00000cf8       0x80 ..\obj\HALInit.o
 .debug_ranges  0x00000d78       0x30 ..\obj\usart.o

.debug_line     0x00000000     0x6359
 .debug_line    0x00000000      0x704 ..\obj\socket.o
 .debug_line    0x00000704      0xd99 ..\obj\stm32f10x_tim.o
 .debug_line    0x0000149d      0x269 ..\obj\system_stm32f10x.o
 .debug_line    0x00001706      0x56c ..\obj\AddressAutoConfig.o
 .debug_line    0x00001c72       0xc2 ..\obj\startup_stm32f10x_hd.o
 .debug_line    0x00001d34      0x4a6 ..\obj\stm32f10x_gpio.o
 .debug_line    0x000021da      0x521 ..\obj\main.o
 .debug_line    0x000026fb      0x45d ..\obj\w6100.o
 .debug_line    0x00002b58      0x5dc ..\obj\wizchip_conf.o
 .debug_line    0x00003134      0x58d ..\obj\stm32f10x_rcc.o
 .debug_line    0x000036c1      0x410 ..\obj\loopback.o
 .debug_line    0x00003ad1      0x594 ..\obj\stm32f10x_usart.o
 .debug_line    0x00004065      0x8b0 ..\obj\dhcpv6.o
 .debug_line    0x00004915      0x446 ..\obj\syscalls.o
 .debug_line    0x00004d5b      0x443 ..\obj\W6100RelFunctions.o
 .debug_line    0x0000519e      0x30a ..\obj\misc.o
 .debug_line    0x000054a8      0x504 ..\obj\stm32f10x_spi.o
 .debug_line    0x000059ac      0x5b0 ..\obj\HALInit.o
 .debug_line    0x00005f5c      0x3fd ..\obj\usart.o

.debug_str      0x00000000     0x44ee
 .debug_str     0x00000000      0x892 ..\obj\socket.o
                                0x9a9 (size before relaxing)
 .debug_str     0x00000892      0xc84 ..\obj\stm32f10x_tim.o
                                0xe46 (size before relaxing)
 .debug_str     0x00001516      0x186 ..\obj\system_stm32f10x.o
                                0x320 (size before relaxing)
 .debug_str     0x0000169c      0x27f ..\obj\AddressAutoConfig.o
                                0x957 (size before relaxing)
 .debug_str     0x0000191b       0xf0 ..\obj\startup_stm32f10x_hd.o
                                0x192 (size before relaxing)
 .debug_str     0x00001a0b      0x3a1 ..\obj\stm32f10x_gpio.o
                                0x56b (size before relaxing)
 .debug_str     0x00001dac      0x1a7 ..\obj\main.o
                                0x91e (size before relaxing)
 .debug_str     0x00001f53      0x130 ..\obj\w6100.o
                                0x816 (size before relaxing)
 .debug_str     0x00002083      0x610 ..\obj\wizchip_conf.o
                                0x8e6 (size before relaxing)
 .debug_str     0x00002693      0x3dd ..\obj\stm32f10x_rcc.o
                                0x655 (size before relaxing)
 .debug_str     0x00002a70       0x8e ..\obj\loopback.o
                                0x7a4 (size before relaxing)
 .debug_str     0x00002afe      0x452 ..\obj\stm32f10x_usart.o
                                0x70b (size before relaxing)
 .debug_str     0x00002f50      0x4ff ..\obj\dhcpv6.o
                                0xcaa (size before relaxing)
 .debug_str     0x0000344f      0x1aa ..\obj\syscalls.o
                                0x863 (size before relaxing)
 .debug_str     0x000035f9      0x525 ..\obj\W6100RelFunctions.o
                                0xa52 (size before relaxing)
 .debug_str     0x00003b1e      0x1bc ..\obj\misc.o
                                0x3f9 (size before relaxing)
 .debug_str     0x00003cda      0x330 ..\obj\stm32f10x_spi.o
                                0x678 (size before relaxing)
 .debug_str     0x0000400a      0x451 ..\obj\HALInit.o
                               0x139e (size before relaxing)
 .debug_str     0x0000445b       0x93 ..\obj\usart.o
                                0x7b2 (size before relaxing)

.comment        0x00000000       0x7f
 .comment       0x00000000       0x7f ..\obj\socket.o
                                 0x80 (size before relaxing)
 .comment       0x0000007f       0x80 ..\obj\stm32f10x_tim.o
 .comment       0x0000007f       0x80 ..\obj\system_stm32f10x.o
 .comment       0x0000007f       0x80 ..\obj\AddressAutoConfig.o
 .comment       0x0000007f       0x80 ..\obj\startup_stm32f10x_hd.o
 .comment       0x0000007f       0x80 ..\obj\stm32f10x_gpio.o
 .comment       0x0000007f       0x80 ..\obj\main.o
 .comment       0x0000007f       0x80 ..\obj\w6100.o
 .comment       0x0000007f       0x80 ..\obj\wizchip_conf.o
 .comment       0x0000007f       0x80 ..\obj\stm32f10x_rcc.o
 .comment       0x0000007f       0x80 ..\obj\loopback.o
 .comment       0x0000007f       0x80 ..\obj\stm32f10x_usart.o
 .comment       0x0000007f       0x80 ..\obj\dhcpv6.o
 .comment       0x0000007f       0x80 ..\obj\syscalls.o
 .comment       0x0000007f       0x80 ..\obj\W6100RelFunctions.o
 .comment       0x0000007f       0x80 ..\obj\misc.o
 .comment       0x0000007f       0x80 ..\obj\stm32f10x_spi.o
 .comment       0x0000007f       0x80 ..\obj\HALInit.o
 .comment       0x0000007f       0x80 ..\obj\usart.o

.ARM.attributes
                0x00000000       0x31
 .ARM.attributes
                0x00000000       0x33 ..\obj\socket.o
 .ARM.attributes
                0x00000033       0x33 ..\obj\stm32f10x_tim.o
 .ARM.attributes
                0x00000066       0x33 ..\obj\system_stm32f10x.o
 .ARM.attributes
                0x00000099       0x33 ..\obj\AddressAutoConfig.o
 .ARM.attributes
                0x000000cc       0x33 ..\obj\startup_stm32f10x_hd.o
 .ARM.attributes
                0x000000ff       0x33 ..\obj\stm32f10x_gpio.o
 .ARM.attributes
                0x00000132       0x33 ..\obj\main.o
 .ARM.attributes
                0x00000165       0x33 ..\obj\w6100.o
 .ARM.attributes
                0x00000198       0x33 ..\obj\wizchip_conf.o
 .ARM.attributes
                0x000001cb       0x33 ..\obj\stm32f10x_rcc.o
 .ARM.attributes
                0x000001fe       0x33 ..\obj\loopback.o
 .ARM.attributes
                0x00000231       0x33 ..\obj\stm32f10x_usart.o
 .ARM.attributes
                0x00000264       0x33 ..\obj\dhcpv6.o
 .ARM.attributes
                0x00000297       0x33 ..\obj\syscalls.o
 .ARM.attributes
                0x000002ca       0x33 ..\obj\W6100RelFunctions.o
 .ARM.attributes
                0x000002fd       0x33 ..\obj\misc.o
 .ARM.attributes
                0x00000330       0x33 ..\obj\stm32f10x_spi.o
 .ARM.attributes
                0x00000363       0x33 ..\obj\HALInit.o
 .ARM.attributes
                0x00000396       0x33 ..\obj\usart.o
 .ARM.attributes
                0x000003c9       0x2d c:/program files (x86)/gnu tools arm embedded/5.4 2016q3/bin/../lib/gcc/arm-none-eabi/6.3.1/../../../../arm-none-eabi/lib/thumb/v7-m\libg.a(lib_a-malloc.o)
 .ARM.attributes
                0x000003f6       0x2d c:/program files (x86)/gnu tools arm embedded/5.4 2016q3/bin/../lib/gcc/arm-none-eabi/6.3.1/../../../../arm-none-eabi/lib/thumb/v7-m\libg.a(lib_a-mallocr.o)
 .ARM.attributes
                0x00000423       0x2d c:/program files (x86)/gnu tools arm embedded/5.4 2016q3/bin/../lib/gcc/arm-none-eabi/6.3.1/../../../../arm-none-eabi/lib/thumb/v7-m\libg.a(lib_a-memmove.o)
 .ARM.attributes
                0x00000450       0x2d c:/program files (x86)/gnu tools arm embedded/5.4 2016q3/bin/../lib/gcc/arm-none-eabi/6.3.1/../../../../arm-none-eabi/lib/thumb/v7-m\libg.a(lib_a-mlock.o)
 .ARM.attributes
                0x0000047d       0x2d c:/program files (x86)/gnu tools arm embedded/5.4 2016q3/bin/../lib/gcc/arm-none-eabi/6.3.1/../../../../arm-none-eabi/lib/thumb/v7-m\libg.a(lib_a-printf.o)
 .ARM.attributes
                0x000004aa       0x2d c:/program files (x86)/gnu tools arm embedded/5.4 2016q3/bin/../lib/gcc/arm-none-eabi/6.3.1/../../../../arm-none-eabi/lib/thumb/v7-m\libg.a(lib_a-putchar.o)
 .ARM.attributes
                0x000004d7       0x2d c:/program files (x86)/gnu tools arm embedded/5.4 2016q3/bin/../lib/gcc/arm-none-eabi/6.3.1/../../../../arm-none-eabi/lib/thumb/v7-m\libg.a(lib_a-puts.o)
 .ARM.attributes
                0x00000504       0x2d c:/program files (x86)/gnu tools arm embedded/5.4 2016q3/bin/../lib/gcc/arm-none-eabi/6.3.1/../../../../arm-none-eabi/lib/thumb/v7-m\libg.a(lib_a-realloc.o)
 .ARM.attributes
                0x00000531       0x2d c:/program files (x86)/gnu tools arm embedded/5.4 2016q3/bin/../lib/gcc/arm-none-eabi/6.3.1/../../../../arm-none-eabi/lib/thumb/v7-m\libg.a(lib_a-reallocr.o)
 .ARM.attributes
                0x0000055e       0x2d c:/program files (x86)/gnu tools arm embedded/5.4 2016q3/bin/../lib/gcc/arm-none-eabi/6.3.1/../../../../arm-none-eabi/lib/thumb/v7-m\libg.a(lib_a-sbrkr.o)
 .ARM.attributes
                0x0000058b       0x2d c:/program files (x86)/gnu tools arm embedded/5.4 2016q3/bin/../lib/gcc/arm-none-eabi/6.3.1/../../../../arm-none-eabi/lib/thumb/v7-m\libg.a(lib_a-strlen-stub.o)
 .ARM.attributes
                0x000005b8       0x2d c:/program files (x86)/gnu tools arm embedded/5.4 2016q3/bin/../lib/gcc/arm-none-eabi/6.3.1/../../../../arm-none-eabi/lib/thumb/v7-m\libg.a(lib_a-vfprintf.o)
 .ARM.attributes
                0x000005e5       0x2d c:/program files (x86)/gnu tools arm embedded/5.4 2016q3/bin/../lib/gcc/arm-none-eabi/6.3.1/../../../../arm-none-eabi/lib/thumb/v7-m\libg.a(lib_a-wsetup.o)
 .ARM.attributes
                0x00000612       0x2d c:/program files (x86)/gnu tools arm embedded/5.4 2016q3/bin/../lib/gcc/arm-none-eabi/6.3.1/../../../../arm-none-eabi/lib/thumb/v7-m\libg.a(lib_a-dtoa.o)
 .ARM.attributes
                0x0000063f       0x2d c:/program files (x86)/gnu tools arm embedded/5.4 2016q3/bin/../lib/gcc/arm-none-eabi/6.3.1/../../../../arm-none-eabi/lib/thumb/v7-m\libg.a(lib_a-fflush.o)
 .ARM.attributes
                0x0000066c       0x2d c:/program files (x86)/gnu tools arm embedded/5.4 2016q3/bin/../lib/gcc/arm-none-eabi/6.3.1/../../../../arm-none-eabi/lib/thumb/v7-m\libg.a(lib_a-findfp.o)
 .ARM.attributes
                0x00000699       0x2d c:/program files (x86)/gnu tools arm embedded/5.4 2016q3/bin/../lib/gcc/arm-none-eabi/6.3.1/../../../../arm-none-eabi/lib/thumb/v7-m\libg.a(lib_a-freer.o)
 .ARM.attributes
                0x000006c6       0x2d c:/program files (x86)/gnu tools arm embedded/5.4 2016q3/bin/../lib/gcc/arm-none-eabi/6.3.1/../../../../arm-none-eabi/lib/thumb/v7-m\libg.a(lib_a-fvwrite.o)
 .ARM.attributes
                0x000006f3       0x2d c:/program files (x86)/gnu tools arm embedded/5.4 2016q3/bin/../lib/gcc/arm-none-eabi/6.3.1/../../../../arm-none-eabi/lib/thumb/v7-m\libg.a(lib_a-fwalk.o)
 .ARM.attributes
                0x00000720       0x2d c:/program files (x86)/gnu tools arm embedded/5.4 2016q3/bin/../lib/gcc/arm-none-eabi/6.3.1/../../../../arm-none-eabi/lib/thumb/v7-m\libg.a(lib_a-impure.o)
 .ARM.attributes
                0x0000074d       0x2d c:/program files (x86)/gnu tools arm embedded/5.4 2016q3/bin/../lib/gcc/arm-none-eabi/6.3.1/../../../../arm-none-eabi/lib/thumb/v7-m\libg.a(lib_a-localeconv.o)
 .ARM.attributes
                0x0000077a       0x2d c:/program files (x86)/gnu tools arm embedded/5.4 2016q3/bin/../lib/gcc/arm-none-eabi/6.3.1/../../../../arm-none-eabi/lib/thumb/v7-m\libg.a(lib_a-lock.o)
 .ARM.attributes
                0x000007a7       0x2d c:/program files (x86)/gnu tools arm embedded/5.4 2016q3/bin/../lib/gcc/arm-none-eabi/6.3.1/../../../../arm-none-eabi/lib/thumb/v7-m\libg.a(lib_a-makebuf.o)
 .ARM.attributes
                0x000007d4       0x2d c:/program files (x86)/gnu tools arm embedded/5.4 2016q3/bin/../lib/gcc/arm-none-eabi/6.3.1/../../../../arm-none-eabi/lib/thumb/v7-m\libg.a(lib_a-memchr-stub.o)
 .ARM.attributes
                0x00000801       0x1b c:/program files (x86)/gnu tools arm embedded/5.4 2016q3/bin/../lib/gcc/arm-none-eabi/6.3.1/../../../../arm-none-eabi/lib/thumb/v7-m\libg.a(lib_a-memcpy.o)
 .ARM.attributes
                0x0000081c       0x2d c:/program files (x86)/gnu tools arm embedded/5.4 2016q3/bin/../lib/gcc/arm-none-eabi/6.3.1/../../../../arm-none-eabi/lib/thumb/v7-m\libg.a(lib_a-memset.o)
 .ARM.attributes
                0x00000849       0x2d c:/program files (x86)/gnu tools arm embedded/5.4 2016q3/bin/../lib/gcc/arm-none-eabi/6.3.1/../../../../arm-none-eabi/lib/thumb/v7-m\libg.a(lib_a-mprec.o)
 .ARM.attributes
                0x00000876       0x2d c:/program files (x86)/gnu tools arm embedded/5.4 2016q3/bin/../lib/gcc/arm-none-eabi/6.3.1/../../../../arm-none-eabi/lib/thumb/v7-m\libg.a(lib_a-putc.o)
 .ARM.attributes
                0x000008a3       0x2d c:/program files (x86)/gnu tools arm embedded/5.4 2016q3/bin/../lib/gcc/arm-none-eabi/6.3.1/../../../../arm-none-eabi/lib/thumb/v7-m\libg.a(lib_a-reent.o)
 .ARM.attributes
                0x000008d0       0x2d c:/program files (x86)/gnu tools arm embedded/5.4 2016q3/bin/../lib/gcc/arm-none-eabi/6.3.1/../../../../arm-none-eabi/lib/thumb/v7-m\libg.a(lib_a-stdio.o)
 .ARM.attributes
                0x000008fd       0x2d c:/program files (x86)/gnu tools arm embedded/5.4 2016q3/bin/../lib/gcc/arm-none-eabi/6.3.1/../../../../arm-none-eabi/lib/thumb/v7-m\libg.a(lib_a-vfiprintf.o)
 .ARM.attributes
                0x0000092a       0x2d c:/program files (x86)/gnu tools arm embedded/5.4 2016q3/bin/../lib/gcc/arm-none-eabi/6.3.1/../../../../arm-none-eabi/lib/thumb/v7-m\libg.a(lib_a-wbuf.o)
 .ARM.attributes
                0x00000957       0x2d c:/program files (x86)/gnu tools arm embedded/5.4 2016q3/bin/../lib/gcc/arm-none-eabi/6.3.1/../../../../arm-none-eabi/lib/thumb/v7-m\libg.a(lib_a-writer.o)
 .ARM.attributes
                0x00000984       0x2d c:/program files (x86)/gnu tools arm embedded/5.4 2016q3/bin/../lib/gcc/arm-none-eabi/6.3.1/../../../../arm-none-eabi/lib/thumb/v7-m\libg.a(lib_a-callocr.o)
 .ARM.attributes
                0x000009b1       0x2d c:/program files (x86)/gnu tools arm embedded/5.4 2016q3/bin/../lib/gcc/arm-none-eabi/6.3.1/../../../../arm-none-eabi/lib/thumb/v7-m\libg.a(lib_a-closer.o)
 .ARM.attributes
                0x000009de       0x2d c:/program files (x86)/gnu tools arm embedded/5.4 2016q3/bin/../lib/gcc/arm-none-eabi/6.3.1/../../../../arm-none-eabi/lib/thumb/v7-m\libg.a(lib_a-fclose.o)
 .ARM.attributes
                0x00000a0b       0x2d c:/program files (x86)/gnu tools arm embedded/5.4 2016q3/bin/../lib/gcc/arm-none-eabi/6.3.1/../../../../arm-none-eabi/lib/thumb/v7-m\libg.a(lib_a-fputwc.o)
 .ARM.attributes
                0x00000a38       0x2d c:/program files (x86)/gnu tools arm embedded/5.4 2016q3/bin/../lib/gcc/arm-none-eabi/6.3.1/../../../../arm-none-eabi/lib/thumb/v7-m\libg.a(lib_a-fstatr.o)
 .ARM.attributes
                0x00000a65       0x2d c:/program files (x86)/gnu tools arm embedded/5.4 2016q3/bin/../lib/gcc/arm-none-eabi/6.3.1/../../../../arm-none-eabi/lib/thumb/v7-m\libg.a(lib_a-isattyr.o)
 .ARM.attributes
                0x00000a92       0x2d c:/program files (x86)/gnu tools arm embedded/5.4 2016q3/bin/../lib/gcc/arm-none-eabi/6.3.1/../../../../arm-none-eabi/lib/thumb/v7-m\libg.a(lib_a-locale.o)
 .ARM.attributes
                0x00000abf       0x2d c:/program files (x86)/gnu tools arm embedded/5.4 2016q3/bin/../lib/gcc/arm-none-eabi/6.3.1/../../../../arm-none-eabi/lib/thumb/v7-m\libg.a(lib_a-lseekr.o)
 .ARM.attributes
                0x00000aec       0x2d c:/program files (x86)/gnu tools arm embedded/5.4 2016q3/bin/../lib/gcc/arm-none-eabi/6.3.1/../../../../arm-none-eabi/lib/thumb/v7-m\libg.a(lib_a-mbtowc_r.o)
 .ARM.attributes
                0x00000b19       0x2d c:/program files (x86)/gnu tools arm embedded/5.4 2016q3/bin/../lib/gcc/arm-none-eabi/6.3.1/../../../../arm-none-eabi/lib/thumb/v7-m\libg.a(lib_a-readr.o)
 .ARM.attributes
                0x00000b46       0x2d c:/program files (x86)/gnu tools arm embedded/5.4 2016q3/bin/../lib/gcc/arm-none-eabi/6.3.1/../../../../arm-none-eabi/lib/thumb/v7-m\libg.a(lib_a-wcrtomb.o)
 .ARM.attributes
                0x00000b73       0x2d c:/program files (x86)/gnu tools arm embedded/5.4 2016q3/bin/../lib/gcc/arm-none-eabi/6.3.1/../../../../arm-none-eabi/lib/thumb/v7-m\libg.a(lib_a-wctomb_r.o)
 .ARM.attributes
                0x00000ba0       0x2d c:/program files (x86)/gnu tools arm embedded/5.4 2016q3/bin/../lib/gcc/arm-none-eabi/6.3.1/../../../../arm-none-eabi/lib/thumb/v7-m\libg.a(lib_a-ctype_.o)
 .ARM.attributes
                0x00000bcd       0x1d c:/program files (x86)/gnu tools arm embedded/5.4 2016q3/bin/../lib/gcc/arm-none-eabi/6.3.1/thumb/v7-m\libgcc.a(_arm_addsubdf3.o)
 .ARM.attributes
                0x00000bea       0x1d c:/program files (x86)/gnu tools arm embedded/5.4 2016q3/bin/../lib/gcc/arm-none-eabi/6.3.1/thumb/v7-m\libgcc.a(_arm_muldivdf3.o)
 .ARM.attributes
                0x00000c07       0x1d c:/program files (x86)/gnu tools arm embedded/5.4 2016q3/bin/../lib/gcc/arm-none-eabi/6.3.1/thumb/v7-m\libgcc.a(_arm_cmpdf2.o)
 .ARM.attributes
                0x00000c24       0x1d c:/program files (x86)/gnu tools arm embedded/5.4 2016q3/bin/../lib/gcc/arm-none-eabi/6.3.1/thumb/v7-m\libgcc.a(_arm_unorddf2.o)
 .ARM.attributes
                0x00000c41       0x1d c:/program files (x86)/gnu tools arm embedded/5.4 2016q3/bin/../lib/gcc/arm-none-eabi/6.3.1/thumb/v7-m\libgcc.a(_arm_fixdfsi.o)
 .ARM.attributes
                0x00000c5e       0x1d c:/program files (x86)/gnu tools arm embedded/5.4 2016q3/bin/../lib/gcc/arm-none-eabi/6.3.1/thumb/v7-m\libgcc.a(_aeabi_uldivmod.o)
 .ARM.attributes
                0x00000c7b       0x2d c:/program files (x86)/gnu tools arm embedded/5.4 2016q3/bin/../lib/gcc/arm-none-eabi/6.3.1/thumb/v7-m\libgcc.a(_udivmoddi4.o)
 .ARM.attributes
                0x00000ca8       0x1d c:/program files (x86)/gnu tools arm embedded/5.4 2016q3/bin/../lib/gcc/arm-none-eabi/6.3.1/thumb/v7-m\libgcc.a(_dvmd_tls.o)

.debug_frame    0x00000000     0x3434
 .debug_frame   0x00000000      0x2d0 ..\obj\socket.o
 .debug_frame   0x000002d0      0x75c ..\obj\stm32f10x_tim.o
 .debug_frame   0x00000a2c       0x48 ..\obj\system_stm32f10x.o
 .debug_frame   0x00000a74       0xe4 ..\obj\AddressAutoConfig.o
 .debug_frame   0x00000b58       0x3c ..\obj\startup_stm32f10x_hd.o
 .debug_frame   0x00000b94      0x1b0 ..\obj\stm32f10x_gpio.o
 .debug_frame   0x00000d44       0xe0 ..\obj\main.o
 .debug_frame   0x00000e24      0x23c ..\obj\w6100.o
 .debug_frame   0x00001060      0x348 ..\obj\wizchip_conf.o
 .debug_frame   0x000013a8      0x224 ..\obj\stm32f10x_rcc.o
 .debug_frame   0x000015cc       0xb0 ..\obj\loopback.o
 .debug_frame   0x0000167c      0x258 ..\obj\stm32f10x_usart.o
 .debug_frame   0x000018d4      0x248 ..\obj\dhcpv6.o
 .debug_frame   0x00001b1c       0xb0 ..\obj\syscalls.o
 .debug_frame   0x00001bcc       0xe0 ..\obj\W6100RelFunctions.o
 .debug_frame   0x00001cac       0x70 ..\obj\misc.o
 .debug_frame   0x00001d1c      0x1cc ..\obj\stm32f10x_spi.o
 .debug_frame   0x00001ee8      0x1cc ..\obj\HALInit.o
 .debug_frame   0x000020b4       0x90 ..\obj\usart.o
 .debug_frame   0x00002144       0x30 c:/program files (x86)/gnu tools arm embedded/5.4 2016q3/bin/../lib/gcc/arm-none-eabi/6.3.1/../../../../arm-none-eabi/lib/thumb/v7-m\libg.a(lib_a-malloc.o)
 .debug_frame   0x00002174       0x54 c:/program files (x86)/gnu tools arm embedded/5.4 2016q3/bin/../lib/gcc/arm-none-eabi/6.3.1/../../../../arm-none-eabi/lib/thumb/v7-m\libg.a(lib_a-mallocr.o)
 .debug_frame   0x000021c8       0x30 c:/program files (x86)/gnu tools arm embedded/5.4 2016q3/bin/../lib/gcc/arm-none-eabi/6.3.1/../../../../arm-none-eabi/lib/thumb/v7-m\libg.a(lib_a-memmove.o)
 .debug_frame   0x000021f8       0x30 c:/program files (x86)/gnu tools arm embedded/5.4 2016q3/bin/../lib/gcc/arm-none-eabi/6.3.1/../../../../arm-none-eabi/lib/thumb/v7-m\libg.a(lib_a-mlock.o)
 .debug_frame   0x00002228       0x78 c:/program files (x86)/gnu tools arm embedded/5.4 2016q3/bin/../lib/gcc/arm-none-eabi/6.3.1/../../../../arm-none-eabi/lib/thumb/v7-m\libg.a(lib_a-printf.o)
 .debug_frame   0x000022a0       0x30 c:/program files (x86)/gnu tools arm embedded/5.4 2016q3/bin/../lib/gcc/arm-none-eabi/6.3.1/../../../../arm-none-eabi/lib/thumb/v7-m\libg.a(lib_a-putchar.o)
 .debug_frame   0x000022d0       0x4c c:/program files (x86)/gnu tools arm embedded/5.4 2016q3/bin/../lib/gcc/arm-none-eabi/6.3.1/../../../../arm-none-eabi/lib/thumb/v7-m\libg.a(lib_a-puts.o)
 .debug_frame   0x0000231c       0x20 c:/program files (x86)/gnu tools arm embedded/5.4 2016q3/bin/../lib/gcc/arm-none-eabi/6.3.1/../../../../arm-none-eabi/lib/thumb/v7-m\libg.a(lib_a-realloc.o)
 .debug_frame   0x0000233c       0x68 c:/program files (x86)/gnu tools arm embedded/5.4 2016q3/bin/../lib/gcc/arm-none-eabi/6.3.1/../../../../arm-none-eabi/lib/thumb/v7-m\libg.a(lib_a-reallocr.o)
 .debug_frame   0x000023a4       0x2c c:/program files (x86)/gnu tools arm embedded/5.4 2016q3/bin/../lib/gcc/arm-none-eabi/6.3.1/../../../../arm-none-eabi/lib/thumb/v7-m\libg.a(lib_a-sbrkr.o)
 .debug_frame   0x000023d0       0x20 c:/program files (x86)/gnu tools arm embedded/5.4 2016q3/bin/../lib/gcc/arm-none-eabi/6.3.1/../../../../arm-none-eabi/lib/thumb/v7-m\libg.a(lib_a-strlen-stub.o)
 .debug_frame   0x000023f0       0x94 c:/program files (x86)/gnu tools arm embedded/5.4 2016q3/bin/../lib/gcc/arm-none-eabi/6.3.1/../../../../arm-none-eabi/lib/thumb/v7-m\libg.a(lib_a-vfprintf.o)
 .debug_frame   0x00002484       0x2c c:/program files (x86)/gnu tools arm embedded/5.4 2016q3/bin/../lib/gcc/arm-none-eabi/6.3.1/../../../../arm-none-eabi/lib/thumb/v7-m\libg.a(lib_a-wsetup.o)
 .debug_frame   0x000024b0       0x84 c:/program files (x86)/gnu tools arm embedded/5.4 2016q3/bin/../lib/gcc/arm-none-eabi/6.3.1/../../../../arm-none-eabi/lib/thumb/v7-m\libg.a(lib_a-dtoa.o)
 .debug_frame   0x00002534       0x5c c:/program files (x86)/gnu tools arm embedded/5.4 2016q3/bin/../lib/gcc/arm-none-eabi/6.3.1/../../../../arm-none-eabi/lib/thumb/v7-m\libg.a(lib_a-fflush.o)
 .debug_frame   0x00002590      0x150 c:/program files (x86)/gnu tools arm embedded/5.4 2016q3/bin/../lib/gcc/arm-none-eabi/6.3.1/../../../../arm-none-eabi/lib/thumb/v7-m\libg.a(lib_a-findfp.o)
 .debug_frame   0x000026e0       0x74 c:/program files (x86)/gnu tools arm embedded/5.4 2016q3/bin/../lib/gcc/arm-none-eabi/6.3.1/../../../../arm-none-eabi/lib/thumb/v7-m\libg.a(lib_a-freer.o)
 .debug_frame   0x00002754       0x68 c:/program files (x86)/gnu tools arm embedded/5.4 2016q3/bin/../lib/gcc/arm-none-eabi/6.3.1/../../../../arm-none-eabi/lib/thumb/v7-m\libg.a(lib_a-fvwrite.o)
 .debug_frame   0x000027bc       0x54 c:/program files (x86)/gnu tools arm embedded/5.4 2016q3/bin/../lib/gcc/arm-none-eabi/6.3.1/../../../../arm-none-eabi/lib/thumb/v7-m\libg.a(lib_a-fwalk.o)
 .debug_frame   0x00002810       0x40 c:/program files (x86)/gnu tools arm embedded/5.4 2016q3/bin/../lib/gcc/arm-none-eabi/6.3.1/../../../../arm-none-eabi/lib/thumb/v7-m\libg.a(lib_a-localeconv.o)
 .debug_frame   0x00002850       0xb0 c:/program files (x86)/gnu tools arm embedded/5.4 2016q3/bin/../lib/gcc/arm-none-eabi/6.3.1/../../../../arm-none-eabi/lib/thumb/v7-m\libg.a(lib_a-lock.o)
 .debug_frame   0x00002900       0x68 c:/program files (x86)/gnu tools arm embedded/5.4 2016q3/bin/../lib/gcc/arm-none-eabi/6.3.1/../../../../arm-none-eabi/lib/thumb/v7-m\libg.a(lib_a-makebuf.o)
 .debug_frame   0x00002968       0x34 c:/program files (x86)/gnu tools arm embedded/5.4 2016q3/bin/../lib/gcc/arm-none-eabi/6.3.1/../../../../arm-none-eabi/lib/thumb/v7-m\libg.a(lib_a-memchr-stub.o)
 .debug_frame   0x0000299c       0x34 c:/program files (x86)/gnu tools arm embedded/5.4 2016q3/bin/../lib/gcc/arm-none-eabi/6.3.1/../../../../arm-none-eabi/lib/thumb/v7-m\libg.a(lib_a-memset.o)
 .debug_frame   0x000029d0      0x260 c:/program files (x86)/gnu tools arm embedded/5.4 2016q3/bin/../lib/gcc/arm-none-eabi/6.3.1/../../../../arm-none-eabi/lib/thumb/v7-m\libg.a(lib_a-mprec.o)
 .debug_frame   0x00002c30       0x50 c:/program files (x86)/gnu tools arm embedded/5.4 2016q3/bin/../lib/gcc/arm-none-eabi/6.3.1/../../../../arm-none-eabi/lib/thumb/v7-m\libg.a(lib_a-putc.o)
 .debug_frame   0x00002c80       0x58 c:/program files (x86)/gnu tools arm embedded/5.4 2016q3/bin/../lib/gcc/arm-none-eabi/6.3.1/../../../../arm-none-eabi/lib/thumb/v7-m\libg.a(lib_a-reent.o)
 .debug_frame   0x00002cd8       0x88 c:/program files (x86)/gnu tools arm embedded/5.4 2016q3/bin/../lib/gcc/arm-none-eabi/6.3.1/../../../../arm-none-eabi/lib/thumb/v7-m\libg.a(lib_a-stdio.o)
 .debug_frame   0x00002d60       0xd8 c:/program files (x86)/gnu tools arm embedded/5.4 2016q3/bin/../lib/gcc/arm-none-eabi/6.3.1/../../../../arm-none-eabi/lib/thumb/v7-m\libg.a(lib_a-vfiprintf.o)
 .debug_frame   0x00002e38       0x40 c:/program files (x86)/gnu tools arm embedded/5.4 2016q3/bin/../lib/gcc/arm-none-eabi/6.3.1/../../../../arm-none-eabi/lib/thumb/v7-m\libg.a(lib_a-wbuf.o)
 .debug_frame   0x00002e78       0x30 c:/program files (x86)/gnu tools arm embedded/5.4 2016q3/bin/../lib/gcc/arm-none-eabi/6.3.1/../../../../arm-none-eabi/lib/thumb/v7-m\libg.a(lib_a-writer.o)
 .debug_frame   0x00002ea8       0x28 c:/program files (x86)/gnu tools arm embedded/5.4 2016q3/bin/../lib/gcc/arm-none-eabi/6.3.1/../../../../arm-none-eabi/lib/thumb/v7-m\libg.a(lib_a-callocr.o)
 .debug_frame   0x00002ed0       0x2c c:/program files (x86)/gnu tools arm embedded/5.4 2016q3/bin/../lib/gcc/arm-none-eabi/6.3.1/../../../../arm-none-eabi/lib/thumb/v7-m\libg.a(lib_a-closer.o)
 .debug_frame   0x00002efc       0x3c c:/program files (x86)/gnu tools arm embedded/5.4 2016q3/bin/../lib/gcc/arm-none-eabi/6.3.1/../../../../arm-none-eabi/lib/thumb/v7-m\libg.a(lib_a-fclose.o)
 .debug_frame   0x00002f38       0x90 c:/program files (x86)/gnu tools arm embedded/5.4 2016q3/bin/../lib/gcc/arm-none-eabi/6.3.1/../../../../arm-none-eabi/lib/thumb/v7-m\libg.a(lib_a-fputwc.o)
 .debug_frame   0x00002fc8       0x2c c:/program files (x86)/gnu tools arm embedded/5.4 2016q3/bin/../lib/gcc/arm-none-eabi/6.3.1/../../../../arm-none-eabi/lib/thumb/v7-m\libg.a(lib_a-fstatr.o)
 .debug_frame   0x00002ff4       0x2c c:/program files (x86)/gnu tools arm embedded/5.4 2016q3/bin/../lib/gcc/arm-none-eabi/6.3.1/../../../../arm-none-eabi/lib/thumb/v7-m\libg.a(lib_a-isattyr.o)
 .debug_frame   0x00003020       0x6c c:/program files (x86)/gnu tools arm embedded/5.4 2016q3/bin/../lib/gcc/arm-none-eabi/6.3.1/../../../../arm-none-eabi/lib/thumb/v7-m\libg.a(lib_a-locale.o)
 .debug_frame   0x0000308c       0x30 c:/program files (x86)/gnu tools arm embedded/5.4 2016q3/bin/../lib/gcc/arm-none-eabi/6.3.1/../../../../arm-none-eabi/lib/thumb/v7-m\libg.a(lib_a-lseekr.o)
 .debug_frame   0x000030bc       0x4c c:/program files (x86)/gnu tools arm embedded/5.4 2016q3/bin/../lib/gcc/arm-none-eabi/6.3.1/../../../../arm-none-eabi/lib/thumb/v7-m\libg.a(lib_a-mbtowc_r.o)
 .debug_frame   0x00003108       0x30 c:/program files (x86)/gnu tools arm embedded/5.4 2016q3/bin/../lib/gcc/arm-none-eabi/6.3.1/../../../../arm-none-eabi/lib/thumb/v7-m\libg.a(lib_a-readr.o)
 .debug_frame   0x00003138       0x5c c:/program files (x86)/gnu tools arm embedded/5.4 2016q3/bin/../lib/gcc/arm-none-eabi/6.3.1/../../../../arm-none-eabi/lib/thumb/v7-m\libg.a(lib_a-wcrtomb.o)
 .debug_frame   0x00003194       0x3c c:/program files (x86)/gnu tools arm embedded/5.4 2016q3/bin/../lib/gcc/arm-none-eabi/6.3.1/../../../../arm-none-eabi/lib/thumb/v7-m\libg.a(lib_a-wctomb_r.o)
 .debug_frame   0x000031d0       0xac c:/program files (x86)/gnu tools arm embedded/5.4 2016q3/bin/../lib/gcc/arm-none-eabi/6.3.1/thumb/v7-m\libgcc.a(_arm_addsubdf3.o)
 .debug_frame   0x0000327c       0x50 c:/program files (x86)/gnu tools arm embedded/5.4 2016q3/bin/../lib/gcc/arm-none-eabi/6.3.1/thumb/v7-m\libgcc.a(_arm_muldivdf3.o)
 .debug_frame   0x000032cc       0xc4 c:/program files (x86)/gnu tools arm embedded/5.4 2016q3/bin/../lib/gcc/arm-none-eabi/6.3.1/thumb/v7-m\libgcc.a(_arm_cmpdf2.o)
 .debug_frame   0x00003390       0x20 c:/program files (x86)/gnu tools arm embedded/5.4 2016q3/bin/../lib/gcc/arm-none-eabi/6.3.1/thumb/v7-m\libgcc.a(_arm_unorddf2.o)
 .debug_frame   0x000033b0       0x24 c:/program files (x86)/gnu tools arm embedded/5.4 2016q3/bin/../lib/gcc/arm-none-eabi/6.3.1/thumb/v7-m\libgcc.a(_arm_fixdfsi.o)
 .debug_frame   0x000033d4       0x2c c:/program files (x86)/gnu tools arm embedded/5.4 2016q3/bin/../lib/gcc/arm-none-eabi/6.3.1/thumb/v7-m\libgcc.a(_aeabi_uldivmod.o)
 .debug_frame   0x00003400       0x34 c:/program files (x86)/gnu tools arm embedded/5.4 2016q3/bin/../lib/gcc/arm-none-eabi/6.3.1/thumb/v7-m\libgcc.a(_udivmoddi4.o)