<html>
<body>
<pre>
<h1>µVision Build Log</h1>
<h2>Tool Versions:</h2>
IDE-Version: µVision V5.25.2.0
Copyright (C) 2018 ARM Ltd and ARM Germany GmbH. All rights reserved.
License Information: a aa, a, LIC=MJWFW-QGR4U-0FWIC-7PVUG-9FM8L-G5ICW
 
Tool Versions:
Toolchain:       MDK-ARM Basic (256K)  Version: 5.25.2.0
Toolchain Path:  d:\Keil_v5\ARM\ARMCC\Bin
C Compiler:      Armcc.exe V5.06 update 6 (build 750)
Assembler:       Armasm.exe V5.06 update 6 (build 750)
Linker/Locator:  ArmLink.exe V5.06 update 6 (build 750)
Library Manager: ArmAr.exe V5.06 update 6 (build 750)
Hex Converter:   FromElf.exe V5.06 update 6 (build 750)
CPU DLL:         SARMCM3.DLL V5.25.2.0
Dialog DLL:      DCM.DLL V1.17.1.0
Target DLL:      UL2CM3.DLL V1.160.12.0
Dialog DLL:      TCM.DLL V1.35.1.0
 
<h2>Project:</h2>
D:\Project\2019\STree\Taylor\W6100_TestRepository\Keil\test\test.uvprojx
Project File Date:  01/18/2019

<h2>Output:</h2>
*** Using Compiler 'V5.06 update 6 (build 750)', folder: 'd:\Keil_v5\ARM\ARMCC\Bin'
Rebuild target 'Target 1'
assembling startup_stm32f4xx.s...
compiling misc.c...
compiling stm32f4xx_gpio.c...
compiling stm32f4xx_exti.c...
compiling system_stm32f4xx.c...
compiling stm32f4xx_rcc.c...
compiling stm32f4xx_spi.c...
compiling stm32f4xx_fsmc.c...
compiling loopback.c...
compiling w6100.c...
compiling wizchip_conf.c...
compiling socket.c...
compiling stm32f4xx_syscfg.c...
compiling stm32f4xx_usart.c...
compiling stm32f4xx_tim.c...
compiling main.c...
main.c(271): warning:  #1-D: last line of file ends without a newline
  }
main.c: 1 warning, 0 errors
compiling W6100RelFuntioncs.c...
compiling halConfiguration.c...
compiling stm32f4xx_it.c...
compiling usart.c...
linking...
Program Size: Code=17428 RO-data=868 RW-data=216 ZI-data=3720  
FromELF: creating hex file...
After Build - User command #1: d:\Keil_v5\\ARM\ARMCC\BIN\fromelf.exe D:\Project\2019\STree\Taylor\W6100_TestRepository\Keil\test\Objects\test.axf --vhx --8x1 --output main.hex;fromelf --bin -o "D:\Project\2019\STree\Taylor\W6100_TestRepository\Keil\test\Objects\test.bin" "D:\Project\2019\STree\Taylor\W6100_TestRepository\Keil\test\Objects\test.axf"
".\Objects\test.axf" - 0 Error(s), 1 Warning(s).

<h2>Software Packages used:</h2>

Package Vendor: Keil
                http://www.keil.com/pack/Keil.STM32F4xx_DFP.2.13.0.pack
                Keil.STM32F4xx_DFP.2.13.0
                STMicroelectronics STM32F4 Series Device Support, Drivers and Examples

<h2>Collection of Component include folders:</h2>
  .\RTE\_Target_1
  d:\Keil_v5\ARM\PACK\Keil\STM32F4xx_DFP\2.13.0\Drivers\CMSIS\Device\ST\STM32F4xx\Include

<h2>Collection of Component Files used:</h2>
Build Time Elapsed:  00:00:03
</pre>
</body>
</html>
